Running Gradle task 'assembleDebug'...                          
flutter : lib/features/onboarding/screens/welcome_screen.dart:2:8: Error: Error when reading 'lib/features/config/theme.dart': The system cannot find the path 
specified
At line:1 char:1
+ flutter build apk --debug > build_output.txt 2>&1
+ ~~~~~~~~~~~~~~~~~~~~~~~~~~~~~~~~~~~~~~~~~~~~~~~~~
    + CategoryInfo          : NotSpecified: (lib/features/on... path specified:String) [], RemoteException
    + FullyQualifiedErrorId : NativeCommandError
 
import '../../config/theme.dart';
       ^
lib/features/onboarding/screens/permission_wizard.dart:4:8: Error: Error when reading 'lib/features/config/theme.dart': The system cannot find the path specified
import '../../config/theme.dart';
       ^
lib/features/onboarding/screens/four_things_setup.dart:3:8: Error: Error when reading 'lib/features/config/theme.dart': The system cannot find the path specified
import '../../config/theme.dart';
       ^
lib/features/onboarding/screens/app_selector.dart:4:8: Error: Error when reading 'lib/features/config/theme.dart': The system cannot find the path specified
import '../../config/theme.dart';
       ^
lib/features/dashboard/screens/home_screen.dart:2:8: Error: Error when reading 'lib/features/config/theme.dart': The system cannot find the path specified
import '../../config/theme.dart';
       ^
lib/features/stats/screens/stats_screen.dart:8:8: Error: Error when reading 'lib/features/config/theme.dart': The system cannot find the path specified
import '../../config/theme.dart';
       ^
lib/features/sleep/screens/loop_closer_screen.dart:5:8: Error: Error when reading 'lib/features/config/theme.dart': The system cannot find the path specified
import '../../config/theme.dart';
       ^
lib/features/sleep/screens/sleep_mode_screen.dart:4:8: Error: Error when reading 'lib/features/config/theme.dart': The system cannot find the path specified
import '../../config/theme.dart';
       ^
lib/features/friction/screens/friction_overlay_screen.dart:4:8: Error: Error when reading 'lib/features/config/theme.dart': The system cannot find the path specified
import '../../config/theme.dart';
       ^
lib/features/win_task/screens/timer_screen.dart:5:8: Error: Error when reading 'lib/features/config/theme.dart': The system cannot find the path specified
import '../../config/theme.dart';
       ^
lib/features/onboarding/screens/welcome_screen.dart:3:8: Error: Error when reading 'lib/features/widgets/mascot_widget.dart': The system cannot find the path specified
import '../../widgets/mascot_widget.dart';
       ^
lib/features/onboarding/screens/permission_wizard.dart:5:8: Error: Error when reading 'lib/features/widgets/mascot_widget.dart': The system cannot find the path 
specified
import '../../widgets/mascot_widget.dart';
       ^
lib/features/onboarding/screens/four_things_setup.dart:4:8: Error: Error when reading 'lib/features/widgets/mascot_widget.dart': The system cannot find the path 
specified
import '../../widgets/mascot_widget.dart';
       ^
lib/features/onboarding/screens/app_selector.dart:5:8: Error: Error when reading 'lib/features/widgets/mascot_widget.dart': The system cannot find the path specified
import '../../widgets/mascot_widget.dart';
       ^
lib/features/stats/screens/stats_screen.dart:9:8: Error: Error when reading 'lib/features/widgets/mascot_widget.dart': The system cannot find the path specified
import '../../widgets/mascot_widget.dart';
       ^
lib/features/sleep/screens/loop_closer_screen.dart:6:8: Error: Error when reading 'lib/features/widgets/mascot_widget.dart': The system cannot find the path specified
import '../../widgets/mascot_widget.dart';
       ^
lib/features/sleep/screens/sleep_mode_screen.dart:5:8: Error: Error when reading 'lib/features/widgets/mascot_widget.dart': The system cannot find the path specified
import '../../widgets/mascot_widget.dart';
       ^
lib/features/friction/screens/friction_overlay_screen.dart:5:8: Error: Error when reading 'lib/features/widgets/mascot_widget.dart': The system cannot find the path 
specified
import '../../widgets/mascot_widget.dart';
       ^
lib/features/win_task/screens/timer_screen.dart:6:8: Error: Error when reading 'lib/features/widgets/mascot_widget.dart': The system cannot find the path specified
import '../../widgets/mascot_widget.dart';
       ^
lib/features/onboarding/screens/welcome_screen.dart:4:8: Error: Error when reading 'lib/features/services/hive_service.dart': The system cannot find the path specified
import '../../services/hive_service.dart';
       ^
lib/features/onboarding/screens/four_things_setup.dart:5:8: Error: Error when reading 'lib/features/services/hive_service.dart': The system cannot find the path 
specified
import '../../services/hive_service.dart';
       ^
lib/features/onboarding/screens/app_selector.dart:6:8: Error: Error when reading 'lib/features/services/hive_service.dart': The system cannot find the path specified
import '../../services/hive_service.dart';
       ^
lib/features/dashboard/screens/home_screen.dart:3:8: Error: Error when reading 'lib/features/services/hive_service.dart': The system cannot find the path specified
import '../../services/hive_service.dart';
       ^
lib/features/stats/screens/stats_screen.dart:10:8: Error: Error when reading 'lib/features/services/hive_service.dart': The system cannot find the path specified
import '../../services/hive_service.dart';
       ^
lib/features/sleep/screens/loop_closer_screen.dart:7:8: Error: Error when reading 'lib/features/services/hive_service.dart': The system cannot find the path specified
import '../../services/hive_service.dart';
       ^
lib/features/sleep/screens/sleep_mode_screen.dart:6:8: Error: Error when reading 'lib/features/services/hive_service.dart': The system cannot find the path specified
import '../../services/hive_service.dart';
       ^
lib/features/friction/screens/friction_overlay_screen.dart:6:8: Error: Error when reading 'lib/features/services/hive_service.dart': The system cannot find the path 
specified
import '../../services/hive_service.dart';
       ^
lib/features/win_task/screens/timer_screen.dart:7:8: Error: Error when reading 'lib/features/services/hive_service.dart': The system cannot find the path specified
import '../../services/hive_service.dart';
       ^
lib/features/onboarding/screens/welcome_screen.dart:5:8: Error: Error when reading 'lib/features/models/user_settings.dart': The system cannot find the path specified
import '../../models/user_settings.dart';
       ^
lib/features/dashboard/screens/home_screen.dart:5:8: Error: Error when reading 'lib/features/models/user_settings.dart': The system cannot find the path specified
import '../../models/user_settings.dart';
       ^
lib/features/sleep/screens/loop_closer_screen.dart:9:8: Error: Error when reading 'lib/features/models/user_settings.dart': The system cannot find the path specified
import '../../models/user_settings.dart';
       ^
lib/features/sleep/screens/sleep_mode_screen.dart:7:8: Error: Error when reading 'lib/features/models/user_settings.dart': The system cannot find the path specified
import '../../models/user_settings.dart';
       ^
lib/features/onboarding/screens/four_things_setup.dart:6:8: Error: Error when reading 'lib/features/models/four_things.dart': The system cannot find the path specified
import '../../models/four_things.dart';
       ^
lib/features/dashboard/screens/home_screen.dart:4:8: Error: Error when reading 'lib/features/models/four_things.dart': The system cannot find the path specified
import '../../models/four_things.dart';
       ^
lib/features/friction/screens/friction_overlay_screen.dart:7:8: Error: Error when reading 'lib/features/models/four_things.dart': The system cannot find the path 
specified
import '../../models/four_things.dart';
       ^
lib/features/win_task/screens/timer_screen.dart:8:8: Error: Error when reading 'lib/features/models/four_things.dart': The system cannot find the path specified
import '../../models/four_things.dart';
       ^
lib/features/onboarding/screens/app_selector.dart:7:8: Error: Error when reading 'lib/features/models/distracting_app.dart': The system cannot find the path specified
import '../../models/distracting_app.dart';
       ^
lib/features/dashboard/screens/home_screen.dart:6:8: Error: Error when reading 'lib/features/models/human_buffer.dart': The system cannot find the path specified
import '../../models/human_buffer.dart';
       ^
lib/features/stats/screens/stats_screen.dart:11:8: Error: Error when reading 'lib/features/models/user_stats.dart': The system cannot find the path specified
import '../../models/user_stats.dart';
       ^
lib/features/sleep/screens/loop_closer_screen.dart:8:8: Error: Error when reading 'lib/features/models/brain_dump.dart': The system cannot find the path specified
import '../../models/brain_dump.dart';
       ^
lib/features/onboarding/screens/permission_wizard.dart:312:9: Error: Type 'MascotState' not found.
  final MascotState mascotState;
        ^^^^^^^^^^^
lib/features/onboarding/screens/app_selector.dart:28:8: Error: Type 'DistractingApp' not found.
  List<DistractingApp> _apps = [];
       ^^^^^^^^^^^^^^
lib/features/onboarding/screens/app_selector.dart:309:24: Error: Type 'DistractingApp' not found.
  Widget _buildAppItem(DistractingApp app) {
                       ^^^^^^^^^^^^^^
lib/features/dashboard/screens/home_screen.dart:30:3: Error: Type 'FourThings' not found.
  FourThings? _fourThings;
  ^^^^^^^^^^
lib/features/dashboard/screens/home_screen.dart:31:3: Error: Type 'UserSettings' not found.
  UserSettings? _settings;
  ^^^^^^^^^^^^
lib/features/dashboard/screens/home_screen.dart:32:8: Error: Type 'HumanBuffer' not found.
  List<HumanBuffer> _buffers = [];
       ^^^^^^^^^^^
lib/features/stats/screens/stats_screen.dart:27:8: Error: Type 'UserStats' not found.
  List<UserStats> _weeklyStats = [];
       ^^^^^^^^^
lib/features/stats/screens/stats_screen.dart:66:3: Error: Type 'MascotState' not found.
  MascotState get _mascotState {
  ^^^^^^^^^^^
lib/features/stats/screens/stats_screen.dart:318:24: Error: Type 'UserStats' not found.
  Widget _buildDayCard(UserStats stat) {
                       ^^^^^^^^^
lib/features/sleep/screens/loop_closer_screen.dart:35:3: Error: Type 'BrainDump' not found.
  BrainDump? _todayDump;
  ^^^^^^^^^
lib/features/sleep/screens/sleep_mode_screen.dart:33:3: Error: Type 'UserSettings' not found.
  UserSettings? _settings;
  ^^^^^^^^^^^^
lib/features/friction/screens/friction_overlay_screen.dart:36:3: Error: Type 'FourThings' not found.
  FourThings? _fourThings;
  ^^^^^^^^^^
lib/features/win_task/screens/timer_screen.dart:41:3: Error: Type 'FourThings' not found.
  FourThings? _fourThings;
  ^^^^^^^^^^
lib/features/onboarding/screens/welcome_screen.dart:47:22: Error: The method 'HiveService' isn't defined for the type '_WelcomeScreenState'.
 - '_WelcomeScreenState' is from 'package:offramp/features/onboarding/screens/welcome_screen.dart' ('lib/features/onboarding/screens/welcome_screen.dart').
Try correcting the name to the name of an existing method, or defining a method named 'HiveService'.
    final settings = HiveService().getSettings();
                     ^^^^^^^^^^^
lib/features/onboarding/screens/welcome_screen.dart:65:24: Error: The getter 'AppColors' isn't defined for the type '_WelcomeScreenState'.
 - '_WelcomeScreenState' is from 'package:offramp/features/onboarding/screens/welcome_screen.dart' ('lib/features/onboarding/screens/welcome_screen.dart').
Try correcting the name to the name of an existing getter, or defining a getter or field named 'AppColors'.
      backgroundColor: AppColors.deepNavy,
                       ^^^^^^^^^
lib/features/onboarding/screens/welcome_screen.dart:71:24: Error: The getter 'AppSpacing' isn't defined for the type '_WelcomeScreenState'.
 - '_WelcomeScreenState' is from 'package:offramp/features/onboarding/screens/welcome_screen.dart' ('lib/features/onboarding/screens/welcome_screen.dart').
Try correcting the name to the name of an existing getter, or defining a getter or field named 'AppSpacing'.
              padding: AppSpacing.screenPadding,
                       ^^^^^^^^^^
lib/features/onboarding/screens/welcome_screen.dart:73:55: Error: The getter 'AppSpacing' isn't defined for the type '_WelcomeScreenState'.
 - '_WelcomeScreenState' is from 'package:offramp/features/onboarding/screens/welcome_screen.dart' ('lib/features/onboarding/screens/welcome_screen.dart').
Try correcting the name to the name of an existing getter, or defining a getter or field named 'AppSpacing'.
                constraints: BoxConstraints(maxWidth: AppSpacing.cardMaxWidth),
                                                      ^^^^^^^^^^
lib/features/onboarding/screens/welcome_screen.dart:83:34: Error: The getter 'MascotState' isn't defined for the type '_WelcomeScreenState'.
 - '_WelcomeScreenState' is from 'package:offramp/features/onboarding/screens/welcome_screen.dart' ('lib/features/onboarding/screens/welcome_screen.dart').
Try correcting the name to the name of an existing getter, or defining a getter or field named 'MascotState'.
                          state: MascotState.wave,
                                 ^^^^^^^^^^^
lib/features/onboarding/screens/welcome_screen.dart:82:32: Error: The method 'MascotWidget' isn't defined for the type '_WelcomeScreenState'.
 - '_WelcomeScreenState' is from 'package:offramp/features/onboarding/screens/welcome_screen.dart' ('lib/features/onboarding/screens/welcome_screen.dart').
Try correcting the name to the name of an existing method, or defining a method named 'MascotWidget'.
                        child: MascotWidget(
                               ^^^^^^^^^^^^
lib/features/onboarding/screens/welcome_screen.dart:89:38: Error: The getter 'AppSpacing' isn't defined for the type '_WelcomeScreenState'.
 - '_WelcomeScreenState' is from 'package:offramp/features/onboarding/screens/welcome_screen.dart' ('lib/features/onboarding/screens/welcome_screen.dart').
Try correcting the name to the name of an existing getter, or defining a getter or field named 'AppSpacing'.
                    SizedBox(height: AppSpacing.lg),
                                     ^^^^^^^^^^
lib/features/onboarding/screens/welcome_screen.dart:94:30: Error: The getter 'AppText' isn't defined for the type '_WelcomeScreenState'.
 - '_WelcomeScreenState' is from 'package:offramp/features/onboarding/screens/welcome_screen.dart' ('lib/features/onboarding/screens/welcome_screen.dart').
Try correcting the name to the name of an existing getter, or defining a getter or field named 'AppText'.
                      style: AppText.display.copyWith(
                             ^^^^^^^
lib/features/onboarding/screens/welcome_screen.dart:102:38: Error: The getter 'AppSpacing' isn't defined for the type '_WelcomeScreenState'.
 - '_WelcomeScreenState' is from 'package:offramp/features/onboarding/screens/welcome_screen.dart' ('lib/features/onboarding/screens/welcome_screen.dart').
Try correcting the name to the name of an existing getter, or defining a getter or field named 'AppSpacing'.
                    SizedBox(height: AppSpacing.sm),
                                     ^^^^^^^^^^
lib/features/onboarding/screens/welcome_screen.dart:107:30: Error: The getter 'AppText' isn't defined for the type '_WelcomeScreenState'.
 - '_WelcomeScreenState' is from 'package:offramp/features/onboarding/screens/welcome_screen.dart' ('lib/features/onboarding/screens/welcome_screen.dart').
Try correcting the name to the name of an existing getter, or defining a getter or field named 'AppText'.
                      style: AppText.titleLight.copyWith(
                             ^^^^^^^
lib/features/onboarding/screens/welcome_screen.dart:108:32: Error: The getter 'AppColors' isn't defined for the type '_WelcomeScreenState'.
 - '_WelcomeScreenState' is from 'package:offramp/features/onboarding/screens/welcome_screen.dart' ('lib/features/onboarding/screens/welcome_screen.dart').
Try correcting the name to the name of an existing getter, or defining a getter or field named 'AppColors'.
                        color: AppColors.textMuted,
                               ^^^^^^^^^
lib/features/onboarding/screens/welcome_screen.dart:113:38: Error: The getter 'AppSpacing' isn't defined for the type '_WelcomeScreenState'.
 - '_WelcomeScreenState' is from 'package:offramp/features/onboarding/screens/welcome_screen.dart' ('lib/features/onboarding/screens/welcome_screen.dart').
Try correcting the name to the name of an existing getter, or defining a getter or field named 'AppSpacing'.
                    SizedBox(height: AppSpacing.xl),
                                     ^^^^^^^^^^
lib/features/onboarding/screens/welcome_screen.dart:118:47: Error: The getter 'AppSpacing' isn't defined for the type '_WelcomeScreenState'.
 - '_WelcomeScreenState' is from 'package:offramp/features/onboarding/screens/welcome_screen.dart' ('lib/features/onboarding/screens/welcome_screen.dart').
Try correcting the name to the name of an existing getter, or defining a getter or field named 'AppSpacing'.
                      padding: EdgeInsets.all(AppSpacing.lg),
                                              ^^^^^^^^^^
lib/features/onboarding/screens/welcome_screen.dart:120:32: Error: The getter 'AppColors' isn't defined for the type '_WelcomeScreenState'.
 - '_WelcomeScreenState' is from 'package:offramp/features/onboarding/screens/welcome_screen.dart' ('lib/features/onboarding/screens/welcome_screen.dart').
Try correcting the name to the name of an existing getter, or defining a getter or field named 'AppColors'.
                        color: AppColors.charcoal.withOpacity(0.5),
                               ^^^^^^^^^
lib/features/onboarding/screens/welcome_screen.dart:123:34: Error: The getter 'AppColors' isn't defined for the type '_WelcomeScreenState'.
 - '_WelcomeScreenState' is from 'package:offramp/features/onboarding/screens/welcome_screen.dart' ('lib/features/onboarding/screens/welcome_screen.dart').
Try correcting the name to the name of an existing getter, or defining a getter or field named 'AppColors'.
                          color: AppColors.mutedGray.withOpacity(0.2),
                                 ^^^^^^^^^
lib/features/onboarding/screens/welcome_screen.dart:131:36: Error: The getter 'AppText' isn't defined for the type '_WelcomeScreenState'.
 - '_WelcomeScreenState' is from 'package:offramp/features/onboarding/screens/welcome_screen.dart' ('lib/features/onboarding/screens/welcome_screen.dart').
Try correcting the name to the name of an existing getter, or defining a getter or field named 'AppText'.
                            style: AppText.quote.copyWith(
                                   ^^^^^^^
lib/features/onboarding/screens/welcome_screen.dart:132:38: Error: The getter 'AppColors' isn't defined for the type '_WelcomeScreenState'.
 - '_WelcomeScreenState' is from 'package:offramp/features/onboarding/screens/welcome_screen.dart' ('lib/features/onboarding/screens/welcome_screen.dart').
Try correcting the name to the name of an existing getter, or defining a getter or field named 'AppColors'.
                              color: AppColors.creamWhite,
                                     ^^^^^^^^^
lib/features/onboarding/screens/welcome_screen.dart:139:36: Error: The getter 'AppText' isn't defined for the type '_WelcomeScreenState'.
 - '_WelcomeScreenState' is from 'package:offramp/features/onboarding/screens/welcome_screen.dart' ('lib/features/onboarding/screens/welcome_screen.dart').
Try correcting the name to the name of an existing getter, or defining a getter or field named 'AppText'.
                            style: AppText.quote.copyWith(
                                   ^^^^^^^
lib/features/onboarding/screens/welcome_screen.dart:140:38: Error: The getter 'AppColors' isn't defined for the type '_WelcomeScreenState'.
 - '_WelcomeScreenState' is from 'package:offramp/features/onboarding/screens/welcome_screen.dart' ('lib/features/onboarding/screens/welcome_screen.dart').
Try correcting the name to the name of an existing getter, or defining a getter or field named 'AppColors'.
                              color: AppColors.creamWhite,
                                     ^^^^^^^^^
lib/features/onboarding/screens/welcome_screen.dart:149:38: Error: The getter 'AppSpacing' isn't defined for the type '_WelcomeScreenState'.
 - '_WelcomeScreenState' is from 'package:offramp/features/onboarding/screens/welcome_screen.dart' ('lib/features/onboarding/screens/welcome_screen.dart').
Try correcting the name to the name of an existing getter, or defining a getter or field named 'AppSpacing'.
                    SizedBox(height: AppSpacing.xxl),
                                     ^^^^^^^^^^
lib/features/onboarding/screens/welcome_screen.dart:156:32: Error: The getter 'AppButtons' isn't defined for the type '_WelcomeScreenState'.
 - '_WelcomeScreenState' is from 'package:offramp/features/onboarding/screens/welcome_screen.dart' ('lib/features/onboarding/screens/welcome_screen.dart').
Try correcting the name to the name of an existing getter, or defining a getter or field named 'AppButtons'.
                        style: AppButtons.primary,
                               ^^^^^^^^^^
lib/features/onboarding/screens/welcome_screen.dart:165:37: Error: The getter 'AppColors' isn't defined for the type '_WelcomeScreenState'.
 - '_WelcomeScreenState' is from 'package:offramp/features/onboarding/screens/welcome_screen.dart' ('lib/features/onboarding/screens/welcome_screen.dart').
Try correcting the name to the name of an existing getter, or defining a getter or field named 'AppColors'.
                                    AppColors.creamWhite,
                                    ^^^^^^^^^
lib/features/onboarding/screens/welcome_screen.dart:174:44: Error: The getter 'AppText' isn't defined for the type '_WelcomeScreenState'.
 - '_WelcomeScreenState' is from 'package:offramp/features/onboarding/screens/welcome_screen.dart' ('lib/features/onboarding/screens/welcome_screen.dart').
Try correcting the name to the name of an existing getter, or defining a getter or field named 'AppText'.
                                    style: AppText.button,
                                           ^^^^^^^
lib/features/onboarding/screens/welcome_screen.dart:176:51: Error: The getter 'AppSpacing' isn't defined for the type '_WelcomeScreenState'.
 - '_WelcomeScreenState' is from 'package:offramp/features/onboarding/screens/welcome_screen.dart' ('lib/features/onboarding/screens/welcome_screen.dart').
Try correcting the name to the name of an existing getter, or defining a getter or field named 'AppSpacing'.
                                  SizedBox(width: AppSpacing.sm),
                                                  ^^^^^^^^^^
lib/features/onboarding/screens/welcome_screen.dart:180:44: Error: The getter 'AppColors' isn't defined for the type '_WelcomeScreenState'.
 - '_WelcomeScreenState' is from 'package:offramp/features/onboarding/screens/welcome_screen.dart' ('lib/features/onboarding/screens/welcome_screen.dart').
Try correcting the name to the name of an existing getter, or defining a getter or field named 'AppColors'.
                                    color: AppColors.creamWhite,
                                           ^^^^^^^^^
lib/features/onboarding/screens/welcome_screen.dart:187:38: Error: The getter 'AppSpacing' isn't defined for the type '_WelcomeScreenState'.
 - '_WelcomeScreenState' is from 'package:offramp/features/onboarding/screens/welcome_screen.dart' ('lib/features/onboarding/screens/welcome_screen.dart').
Try correcting the name to the name of an existing getter, or defining a getter or field named 'AppSpacing'.
                    SizedBox(height: AppSpacing.md),
                                     ^^^^^^^^^^
lib/features/onboarding/screens/welcome_screen.dart:192:30: Error: The getter 'AppText' isn't defined for the type '_WelcomeScreenState'.
 - '_WelcomeScreenState' is from 'package:offramp/features/onboarding/screens/welcome_screen.dart' ('lib/features/onboarding/screens/welcome_screen.dart').
Try correcting the name to the name of an existing getter, or defining a getter or field named 'AppText'.
                      style: AppText.caption.copyWith(
                             ^^^^^^^
lib/features/onboarding/screens/welcome_screen.dart:193:32: Error: The getter 'AppColors' isn't defined for the type '_WelcomeScreenState'.
 - '_WelcomeScreenState' is from 'package:offramp/features/onboarding/screens/welcome_screen.dart' ('lib/features/onboarding/screens/welcome_screen.dart').
Try correcting the name to the name of an existing getter, or defining a getter or field named 'AppColors'.
                        color: AppColors.textMuted.withOpacity(0.7),
                               ^^^^^^^^^
lib/features/onboarding/screens/welcome_screen.dart:198:38: Error: The getter 'AppSpacing' isn't defined for the type '_WelcomeScreenState'.
 - '_WelcomeScreenState' is from 'package:offramp/features/onboarding/screens/welcome_screen.dart' ('lib/features/onboarding/screens/welcome_screen.dart').
Try correcting the name to the name of an existing getter, or defining a getter or field named 'AppSpacing'.
                    SizedBox(height: AppSpacing.xl),
                                     ^^^^^^^^^^
lib/features/onboarding/screens/welcome_screen.dart:213:22: Error: The method 'HiveService' isn't defined for the type '_WelcomeScreenState'.
 - '_WelcomeScreenState' is from 'package:offramp/features/onboarding/screens/welcome_screen.dart' ('lib/features/onboarding/screens/welcome_screen.dart').
Try correcting the name to the name of an existing method, or defining a method named 'HiveService'.
    final settings = HiveService().getSettings();
                     ^^^^^^^^^^^
lib/features/onboarding/screens/welcome_screen.dart:216:13: Error: The method 'HiveService' isn't defined for the type '_WelcomeScreenState'.
 - '_WelcomeScreenState' is from 'package:offramp/features/onboarding/screens/welcome_screen.dart' ('lib/features/onboarding/screens/welcome_screen.dart').
Try correcting the name to the name of an existing method, or defining a method named 'HiveService'.
      await HiveService().saveSettings(newSettings);
            ^^^^^^^^^^^
lib/features/onboarding/screens/permission_wizard.dart:38:20: Error: Undefined name 'MascotState'.
      mascotState: MascotState.think,
                   ^^^^^^^^^^^
lib/features/onboarding/screens/permission_wizard.dart:44:20: Error: Undefined name 'MascotState'.
      mascotState: MascotState.point,
                   ^^^^^^^^^^^
lib/features/onboarding/screens/permission_wizard.dart:50:20: Error: Undefined name 'MascotState'.
      mascotState: MascotState.wave,
                   ^^^^^^^^^^^
lib/features/onboarding/screens/permission_wizard.dart:59:17: Error: The getter 'AppDurations' isn't defined for the type '_PermissionWizardState'.
 - '_PermissionWizardState' is from 'package:offramp/features/onboarding/screens/permission_wizard.dart' ('lib/features/onboarding/screens/permission_wizard.dart').
Try correcting the name to the name of an existing getter, or defining a getter or field named 'AppDurations'.
      duration: AppDurations.normal,
                ^^^^^^^^^^^^
lib/features/onboarding/screens/permission_wizard.dart:103:24: Error: The getter 'AppColors' isn't defined for the type '_PermissionWizardState'.
 - '_PermissionWizardState' is from 'package:offramp/features/onboarding/screens/permission_wizard.dart' ('lib/features/onboarding/screens/permission_wizard.dart').
Try correcting the name to the name of an existing getter, or defining a getter or field named 'AppColors'.
      backgroundColor: AppColors.deepNavy,
                       ^^^^^^^^^
lib/features/onboarding/screens/permission_wizard.dart:107:22: Error: The getter 'AppSpacing' isn't defined for the type '_PermissionWizardState'.
 - '_PermissionWizardState' is from 'package:offramp/features/onboarding/screens/permission_wizard.dart' ('lib/features/onboarding/screens/permission_wizard.dart').
Try correcting the name to the name of an existing getter, or defining a getter or field named 'AppSpacing'.
            padding: AppSpacing.screenPadding,
                     ^^^^^^^^^^
lib/features/onboarding/screens/permission_wizard.dart:109:53: Error: The getter 'AppSpacing' isn't defined for the type '_PermissionWizardState'.
 - '_PermissionWizardState' is from 'package:offramp/features/onboarding/screens/permission_wizard.dart' ('lib/features/onboarding/screens/permission_wizard.dart').
Try correcting the name to the name of an existing getter, or defining a getter or field named 'AppSpacing'.
              constraints: BoxConstraints(maxWidth: AppSpacing.cardMaxWidth),
                                                    ^^^^^^^^^^
lib/features/onboarding/screens/permission_wizard.dart:117:36: Error: The getter 'AppSpacing' isn't defined for the type '_PermissionWizardState'.
 - '_PermissionWizardState' is from 'package:offramp/features/onboarding/screens/permission_wizard.dart' ('lib/features/onboarding/screens/permission_wizard.dart').
Try correcting the name to the name of an existing getter, or defining a getter or field named 'AppSpacing'.
                  SizedBox(height: AppSpacing.lg),
                                   ^^^^^^^^^^
lib/features/onboarding/screens/permission_wizard.dart:120:19: Error: The method 'MascotWidget' isn't defined for the type '_PermissionWizardState'.
 - '_PermissionWizardState' is from 'package:offramp/features/onboarding/screens/permission_wizard.dart' ('lib/features/onboarding/screens/permission_wizard.dart').
Try correcting the name to the name of an existing method, or defining a method named 'MascotWidget'.
                  MascotWidget(
                  ^^^^^^^^^^^^
lib/features/onboarding/screens/permission_wizard.dart:125:36: Error: The getter 'AppSpacing' isn't defined for the type '_PermissionWizardState'.
 - '_PermissionWizardState' is from 'package:offramp/features/onboarding/screens/permission_wizard.dart' ('lib/features/onboarding/screens/permission_wizard.dart').
Try correcting the name to the name of an existing getter, or defining a getter or field named 'AppSpacing'.
                  SizedBox(height: AppSpacing.lg),
                                   ^^^^^^^^^^
lib/features/onboarding/screens/permission_wizard.dart:130:28: Error: The getter 'AppText' isn't defined for the type '_PermissionWizardState'.
 - '_PermissionWizardState' is from 'package:offramp/features/onboarding/screens/permission_wizard.dart' ('lib/features/onboarding/screens/permission_wizard.dart').
Try correcting the name to the name of an existing getter, or defining a getter or field named 'AppText'.
                    style: AppText.title,
                           ^^^^^^^
lib/features/onboarding/screens/permission_wizard.dart:134:36: Error: The getter 'AppSpacing' isn't defined for the type '_PermissionWizardState'.
 - '_PermissionWizardState' is from 'package:offramp/features/onboarding/screens/permission_wizard.dart' ('lib/features/onboarding/screens/permission_wizard.dart').
Try correcting the name to the name of an existing getter, or defining a getter or field named 'AppSpacing'.
                  SizedBox(height: AppSpacing.md),
                                   ^^^^^^^^^^
lib/features/onboarding/screens/permission_wizard.dart:139:28: Error: The getter 'AppText' isn't defined for the type '_PermissionWizardState'.
 - '_PermissionWizardState' is from 'package:offramp/features/onboarding/screens/permission_wizard.dart' ('lib/features/onboarding/screens/permission_wizard.dart').
Try correcting the name to the name of an existing getter, or defining a getter or field named 'AppText'.
                    style: AppText.body.copyWith(color: AppColors.textMuted),
                           ^^^^^^^
lib/features/onboarding/screens/permission_wizard.dart:139:57: Error: The getter 'AppColors' isn't defined for the type '_PermissionWizardState'.
 - '_PermissionWizardState' is from 'package:offramp/features/onboarding/screens/permission_wizard.dart' ('lib/features/onboarding/screens/permission_wizard.dart').
Try correcting the name to the name of an existing getter, or defining a getter or field named 'AppColors'.
                    style: AppText.body.copyWith(color: AppColors.textMuted),
                                                        ^^^^^^^^^
lib/features/onboarding/screens/permission_wizard.dart:145:36: Error: The getter 'AppSpacing' isn't defined for the type '_PermissionWizardState'.
 - '_PermissionWizardState' is from 'package:offramp/features/onboarding/screens/permission_wizard.dart' ('lib/features/onboarding/screens/permission_wizard.dart').
Try correcting the name to the name of an existing getter, or defining a getter or field named 'AppSpacing'.
                  SizedBox(height: AppSpacing.xxl),
                                   ^^^^^^^^^^
lib/features/onboarding/screens/permission_wizard.dart:153:29: Error: The getter 'AppButtons' isn't defined for the type '_PermissionWizardState'.
 - '_PermissionWizardState' is from 'package:offramp/features/onboarding/screens/permission_wizard.dart' ('lib/features/onboarding/screens/permission_wizard.dart').
Try correcting the name to the name of an existing getter, or defining a getter or field named 'AppButtons'.
                          ? AppButtons.secondary
                            ^^^^^^^^^^
lib/features/onboarding/screens/permission_wizard.dart:154:29: Error: The getter 'AppButtons' isn't defined for the type '_PermissionWizardState'.
 - '_PermissionWizardState' is from 'package:offramp/features/onboarding/screens/permission_wizard.dart' ('lib/features/onboarding/screens/permission_wizard.dart').
Try correcting the name to the name of an existing getter, or defining a getter or field named 'AppButtons'.
                          : AppButtons.primary,
                            ^^^^^^^^^^
lib/features/onboarding/screens/permission_wizard.dart:162:32: Error: The getter 'AppText' isn't defined for the type '_PermissionWizardState'.
 - '_PermissionWizardState' is from 'package:offramp/features/onboarding/screens/permission_wizard.dart' ('lib/features/onboarding/screens/permission_wizard.dart').
Try correcting the name to the name of an existing getter, or defining a getter or field named 'AppText'.
                        style: AppText.button,
                               ^^^^^^^
lib/features/onboarding/screens/permission_wizard.dart:167:36: Error: The getter 'AppSpacing' isn't defined for the type '_PermissionWizardState'.
 - '_PermissionWizardState' is from 'package:offramp/features/onboarding/screens/permission_wizard.dart' ('lib/features/onboarding/screens/permission_wizard.dart').
Try correcting the name to the name of an existing getter, or defining a getter or field named 'AppSpacing'.
                  SizedBox(height: AppSpacing.md),
                                   ^^^^^^^^^^
lib/features/onboarding/screens/permission_wizard.dart:174:30: Error: The getter 'AppText' isn't defined for the type '_PermissionWizardState'.
 - '_PermissionWizardState' is from 'package:offramp/features/onboarding/screens/permission_wizard.dart' ('lib/features/onboarding/screens/permission_wizard.dart').
Try correcting the name to the name of an existing getter, or defining a getter or field named 'AppText'.
                      style: AppText.bodyMedium.copyWith(
                             ^^^^^^^
lib/features/onboarding/screens/permission_wizard.dart:175:32: Error: The getter 'AppColors' isn't defined for the type '_PermissionWizardState'.
 - '_PermissionWizardState' is from 'package:offramp/features/onboarding/screens/permission_wizard.dart' ('lib/features/onboarding/screens/permission_wizard.dart').
Try correcting the name to the name of an existing getter, or defining a getter or field named 'AppColors'.
                        color: AppColors.textMuted,
                               ^^^^^^^^^
lib/features/onboarding/screens/permission_wizard.dart:181:36: Error: The getter 'AppSpacing' isn't defined for the type '_PermissionWizardState'.
 - '_PermissionWizardState' is from 'package:offramp/features/onboarding/screens/permission_wizard.dart' ('lib/features/onboarding/screens/permission_wizard.dart').
Try correcting the name to the name of an existing getter, or defining a getter or field named 'AppSpacing'.
                  SizedBox(height: AppSpacing.xxl),
                                   ^^^^^^^^^^
lib/features/onboarding/screens/permission_wizard.dart:189:32: Error: The getter 'AppColors' isn't defined for the type '_PermissionWizardState'.
 - '_PermissionWizardState' is from 'package:offramp/features/onboarding/screens/permission_wizard.dart' ('lib/features/onboarding/screens/permission_wizard.dart').
Try correcting the name to the name of an existing getter, or defining a getter or field named 'AppColors'.
                        color: AppColors.textMuted,
                               ^^^^^^^^^
lib/features/onboarding/screens/permission_wizard.dart:194:32: Error: The getter 'AppText' isn't defined for the type '_PermissionWizardState'.
 - '_PermissionWizardState' is from 'package:offramp/features/onboarding/screens/permission_wizard.dart' ('lib/features/onboarding/screens/permission_wizard.dart').
Try correcting the name to the name of an existing getter, or defining a getter or field named 'AppText'.
                        style: AppText.bodyMedium.copyWith(color: AppColors.textMuted),
                               ^^^^^^^
lib/features/onboarding/screens/permission_wizard.dart:194:67: Error: The getter 'AppColors' isn't defined for the type '_PermissionWizardState'.
 - '_PermissionWizardState' is from 'package:offramp/features/onboarding/screens/permission_wizard.dart' ('lib/features/onboarding/screens/permission_wizard.dart').
Try correcting the name to the name of an existing getter, or defining a getter or field named 'AppColors'.
                        style: AppText.bodyMedium.copyWith(color: AppColors.textMuted),
                                                                  ^^^^^^^^^
lib/features/onboarding/screens/permission_wizard.dart:198:36: Error: The getter 'AppSpacing' isn't defined for the type '_PermissionWizardState'.
 - '_PermissionWizardState' is from 'package:offramp/features/onboarding/screens/permission_wizard.dart' ('lib/features/onboarding/screens/permission_wizard.dart').
Try correcting the name to the name of an existing getter, or defining a getter or field named 'AppSpacing'.
                  SizedBox(height: AppSpacing.md),
                                   ^^^^^^^^^^
lib/features/onboarding/screens/permission_wizard.dart:206:32: Error: The getter 'AppButtons' isn't defined for the type '_PermissionWizardState'.
 - '_PermissionWizardState' is from 'package:offramp/features/onboarding/screens/permission_wizard.dart' ('lib/features/onboarding/screens/permission_wizard.dart').
Try correcting the name to the name of an existing getter, or defining a getter or field named 'AppButtons'.
                        style: AppButtons.secondary,
                               ^^^^^^^^^^
lib/features/onboarding/screens/permission_wizard.dart:213:38: Error: The getter 'AppText' isn't defined for the type '_PermissionWizardState'.
 - '_PermissionWizardState' is from 'package:offramp/features/onboarding/screens/permission_wizard.dart' ('lib/features/onboarding/screens/permission_wizard.dart').
Try correcting the name to the name of an existing getter, or defining a getter or field named 'AppText'.
                              style: AppText.button,
                                     ^^^^^^^
lib/features/onboarding/screens/permission_wizard.dart:215:45: Error: The getter 'AppSpacing' isn't defined for the type '_PermissionWizardState'.
 - '_PermissionWizardState' is from 'package:offramp/features/onboarding/screens/permission_wizard.dart' ('lib/features/onboarding/screens/permission_wizard.dart').
Try correcting the name to the name of an existing getter, or defining a getter or field named 'AppSpacing'.
                            SizedBox(width: AppSpacing.sm),
                                            ^^^^^^^^^^
lib/features/onboarding/screens/permission_wizard.dart:219:38: Error: The getter 'AppColors' isn't defined for the type '_PermissionWizardState'.
 - '_PermissionWizardState' is from 'package:offramp/features/onboarding/screens/permission_wizard.dart' ('lib/features/onboarding/screens/permission_wizard.dart').
Try correcting the name to the name of an existing getter, or defining a getter or field named 'AppColors'.
                              color: AppColors.creamWhite,
                                     ^^^^^^^^^
lib/features/onboarding/screens/permission_wizard.dart:248:23: Error: The getter 'AppColors' isn't defined for the type '_PermissionWizardState'.
 - '_PermissionWizardState' is from 'package:offramp/features/onboarding/screens/permission_wizard.dart' ('lib/features/onboarding/screens/permission_wizard.dart').
Try correcting the name to the name of an existing getter, or defining a getter or field named 'AppColors'.
                    ? AppColors.softSage
                      ^^^^^^^^^
lib/features/onboarding/screens/permission_wizard.dart:250:27: Error: The getter 'AppColors' isn't defined for the type '_PermissionWizardState'.
 - '_PermissionWizardState' is from 'package:offramp/features/onboarding/screens/permission_wizard.dart' ('lib/features/onboarding/screens/permission_wizard.dart').
Try correcting the name to the name of an existing getter, or defining a getter or field named 'AppColors'.
                        ? AppColors.warmCoral
                          ^^^^^^^^^
lib/features/onboarding/screens/permission_wizard.dart:251:27: Error: The getter 'AppColors' isn't defined for the type '_PermissionWizardState'.
 - '_PermissionWizardState' is from 'package:offramp/features/onboarding/screens/permission_wizard.dart' ('lib/features/onboarding/screens/permission_wizard.dart').
Try correcting the name to the name of an existing getter, or defining a getter or field named 'AppColors'.
                        : AppColors.charcoal,
                          ^^^^^^^^^
lib/features/onboarding/screens/permission_wizard.dart:272:22: Error: The getter 'AppText' isn't defined for the type '_PermissionWizardState'.
 - '_PermissionWizardState' is from 'package:offramp/features/onboarding/screens/permission_wizard.dart' ('lib/features/onboarding/screens/permission_wizard.dart').
Try correcting the name to the name of an existing getter, or defining a getter or field named 'AppText'.
              style: AppText.bodyMedium.copyWith(color: AppColors.creamWhite),
                     ^^^^^^^
lib/features/onboarding/screens/permission_wizard.dart:272:57: Error: The getter 'AppColors' isn't defined for the type '_PermissionWizardState'.
 - '_PermissionWizardState' is from 'package:offramp/features/onboarding/screens/permission_wizard.dart' ('lib/features/onboarding/screens/permission_wizard.dart').
Try correcting the name to the name of an existing getter, or defining a getter or field named 'AppColors'.
              style: AppText.bodyMedium.copyWith(color: AppColors.creamWhite),
                                                        ^^^^^^^^^
lib/features/onboarding/screens/permission_wizard.dart:274:30: Error: The getter 'AppColors' isn't defined for the type '_PermissionWizardState'.
 - '_PermissionWizardState' is from 'package:offramp/features/onboarding/screens/permission_wizard.dart' ('lib/features/onboarding/screens/permission_wizard.dart').
Try correcting the name to the name of an existing getter, or defining a getter or field named 'AppColors'.
            backgroundColor: AppColors.warmCoral,
                             ^^^^^^^^^
lib/features/onboarding/screens/permission_wizard.dart:312:9: Error: 'MascotState' isn't a type.
  final MascotState mascotState;
        ^^^^^^^^^^^
lib/features/onboarding/screens/four_things_setup.dart:91:22: Error: The method 'HiveService' isn't defined for the type '_FourThingsSetupState'.
 - '_FourThingsSetupState' is from 'package:offramp/features/onboarding/screens/four_things_setup.dart' ('lib/features/onboarding/screens/four_things_setup.dart').
Try correcting the name to the name of an existing method, or defining a method named 'HiveService'.
    final existing = HiveService().getFourThings();
                     ^^^^^^^^^^^
lib/features/onboarding/screens/four_things_setup.dart:134:24: Error: The getter 'AppColors' isn't defined for the type '_FourThingsSetupState'.
 - '_FourThingsSetupState' is from 'package:offramp/features/onboarding/screens/four_things_setup.dart' ('lib/features/onboarding/screens/four_things_setup.dart').
Try correcting the name to the name of an existing getter, or defining a getter or field named 'AppColors'.
      backgroundColor: AppColors.deepNavy,
                       ^^^^^^^^^
lib/features/onboarding/screens/four_things_setup.dart:138:22: Error: The getter 'AppSpacing' isn't defined for the type '_FourThingsSetupState'.
 - '_FourThingsSetupState' is from 'package:offramp/features/onboarding/screens/four_things_setup.dart' ('lib/features/onboarding/screens/four_things_setup.dart').
Try correcting the name to the name of an existing getter, or defining a getter or field named 'AppSpacing'.
            padding: AppSpacing.screenPadding,
                     ^^^^^^^^^^
lib/features/onboarding/screens/four_things_setup.dart:140:53: Error: The getter 'AppSpacing' isn't defined for the type '_FourThingsSetupState'.
 - '_FourThingsSetupState' is from 'package:offramp/features/onboarding/screens/four_things_setup.dart' ('lib/features/onboarding/screens/four_things_setup.dart').
Try correcting the name to the name of an existing getter, or defining a getter or field named 'AppSpacing'.
              constraints: BoxConstraints(maxWidth: AppSpacing.cardMaxWidth),
                                                    ^^^^^^^^^^
lib/features/onboarding/screens/four_things_setup.dart:149:30: Error: The getter 'MascotState' isn't defined for the type '_FourThingsSetupState'.
 - '_FourThingsSetupState' is from 'package:offramp/features/onboarding/screens/four_things_setup.dart' ('lib/features/onboarding/screens/four_things_setup.dart').
Try correcting the name to the name of an existing getter, or defining a getter or field named 'MascotState'.
                      state: MascotState.write,
                             ^^^^^^^^^^^
lib/features/onboarding/screens/four_things_setup.dart:148:21: Error: The method 'MascotWidget' isn't defined for the type '_FourThingsSetupState'.
 - '_FourThingsSetupState' is from 'package:offramp/features/onboarding/screens/four_things_setup.dart' ('lib/features/onboarding/screens/four_things_setup.dart').
Try correcting the name to the name of an existing method, or defining a method named 'MascotWidget'.
                    MascotWidget(
                    ^^^^^^^^^^^^
lib/features/onboarding/screens/four_things_setup.dart:153:38: Error: The getter 'AppSpacing' isn't defined for the type '_FourThingsSetupState'.
 - '_FourThingsSetupState' is from 'package:offramp/features/onboarding/screens/four_things_setup.dart' ('lib/features/onboarding/screens/four_things_setup.dart').
Try correcting the name to the name of an existing getter, or defining a getter or field named 'AppSpacing'.
                    SizedBox(height: AppSpacing.lg),
                                     ^^^^^^^^^^
lib/features/onboarding/screens/four_things_setup.dart:158:30: Error: The getter 'AppText' isn't defined for the type '_FourThingsSetupState'.
 - '_FourThingsSetupState' is from 'package:offramp/features/onboarding/screens/four_things_setup.dart' ('lib/features/onboarding/screens/four_things_setup.dart').
Try correcting the name to the name of an existing getter, or defining a getter or field named 'AppText'.
                      style: AppText.title,
                             ^^^^^^^
lib/features/onboarding/screens/four_things_setup.dart:162:38: Error: The getter 'AppSpacing' isn't defined for the type '_FourThingsSetupState'.
 - '_FourThingsSetupState' is from 'package:offramp/features/onboarding/screens/four_things_setup.dart' ('lib/features/onboarding/screens/four_things_setup.dart').
Try correcting the name to the name of an existing getter, or defining a getter or field named 'AppSpacing'.
                    SizedBox(height: AppSpacing.sm),
                                     ^^^^^^^^^^
lib/features/onboarding/screens/four_things_setup.dart:167:30: Error: The getter 'AppText' isn't defined for the type '_FourThingsSetupState'.
 - '_FourThingsSetupState' is from 'package:offramp/features/onboarding/screens/four_things_setup.dart' ('lib/features/onboarding/screens/four_things_setup.dart').
Try correcting the name to the name of an existing getter, or defining a getter or field named 'AppText'.
                      style: AppText.body.copyWith(color: AppColors.textMuted),
                             ^^^^^^^
lib/features/onboarding/screens/four_things_setup.dart:167:59: Error: The getter 'AppColors' isn't defined for the type '_FourThingsSetupState'.
 - '_FourThingsSetupState' is from 'package:offramp/features/onboarding/screens/four_things_setup.dart' ('lib/features/onboarding/screens/four_things_setup.dart').
Try correcting the name to the name of an existing getter, or defining a getter or field named 'AppColors'.
                      style: AppText.body.copyWith(color: AppColors.textMuted),
                                                          ^^^^^^^^^
lib/features/onboarding/screens/four_things_setup.dart:171:38: Error: The getter 'AppSpacing' isn't defined for the type '_FourThingsSetupState'.
 - '_FourThingsSetupState' is from 'package:offramp/features/onboarding/screens/four_things_setup.dart' ('lib/features/onboarding/screens/four_things_setup.dart').
Try correcting the name to the name of an existing getter, or defining a getter or field named 'AppSpacing'.
                    SizedBox(height: AppSpacing.xl),
                                     ^^^^^^^^^^
lib/features/onboarding/screens/four_things_setup.dart:178:38: Error: The getter 'AppSpacing' isn't defined for the type '_FourThingsSetupState'.
 - '_FourThingsSetupState' is from 'package:offramp/features/onboarding/screens/four_things_setup.dart' ('lib/features/onboarding/screens/four_things_setup.dart').
Try correcting the name to the name of an existing getter, or defining a getter or field named 'AppSpacing'.
                    SizedBox(height: AppSpacing.xxl),
                                     ^^^^^^^^^^
lib/features/onboarding/screens/four_things_setup.dart:186:31: Error: The getter 'AppButtons' isn't defined for the type '_FourThingsSetupState'.
 - '_FourThingsSetupState' is from 'package:offramp/features/onboarding/screens/four_things_setup.dart' ('lib/features/onboarding/screens/four_things_setup.dart').
Try correcting the name to the name of an existing getter, or defining a getter or field named 'AppButtons'.
                            ? AppButtons.secondary
                              ^^^^^^^^^^
lib/features/onboarding/screens/four_things_setup.dart:187:31: Error: The getter 'AppButtons' isn't defined for the type '_FourThingsSetupState'.
 - '_FourThingsSetupState' is from 'package:offramp/features/onboarding/screens/four_things_setup.dart' ('lib/features/onboarding/screens/four_things_setup.dart').
Try correcting the name to the name of an existing getter, or defining a getter or field named 'AppButtons'.
                            : AppButtons.tertiary,
                              ^^^^^^^^^^
lib/features/onboarding/screens/four_things_setup.dart:191:34: Error: The getter 'AppText' isn't defined for the type '_FourThingsSetupState'.
 - '_FourThingsSetupState' is from 'package:offramp/features/onboarding/screens/four_things_setup.dart' ('lib/features/onboarding/screens/four_things_setup.dart').
Try correcting the name to the name of an existing getter, or defining a getter or field named 'AppText'.
                          style: AppText.button,
                                 ^^^^^^^
lib/features/onboarding/screens/four_things_setup.dart:196:38: Error: The getter 'AppSpacing' isn't defined for the type '_FourThingsSetupState'.
 - '_FourThingsSetupState' is from 'package:offramp/features/onboarding/screens/four_things_setup.dart' ('lib/features/onboarding/screens/four_things_setup.dart').
Try correcting the name to the name of an existing getter, or defining a getter or field named 'AppSpacing'.
                    SizedBox(height: AppSpacing.md),
                                     ^^^^^^^^^^
lib/features/onboarding/screens/four_things_setup.dart:201:30: Error: The getter 'AppText' isn't defined for the type '_FourThingsSetupState'.
 - '_FourThingsSetupState' is from 'package:offramp/features/onboarding/screens/four_things_setup.dart' ('lib/features/onboarding/screens/four_things_setup.dart').
Try correcting the name to the name of an existing getter, or defining a getter or field named 'AppText'.
                      style: AppText.caption.copyWith(
                             ^^^^^^^
lib/features/onboarding/screens/four_things_setup.dart:202:32: Error: The getter 'AppColors' isn't defined for the type '_FourThingsSetupState'.
 - '_FourThingsSetupState' is from 'package:offramp/features/onboarding/screens/four_things_setup.dart' ('lib/features/onboarding/screens/four_things_setup.dart').
Try correcting the name to the name of an existing getter, or defining a getter or field named 'AppColors'.
                        color: AppColors.textMuted.withOpacity(0.7),
                               ^^^^^^^^^
lib/features/onboarding/screens/four_things_setup.dart:222:31: Error: The getter 'AppSpacing' isn't defined for the type '_FourThingsSetupState'.
 - '_FourThingsSetupState' is from 'package:offramp/features/onboarding/screens/four_things_setup.dart' ('lib/features/onboarding/screens/four_things_setup.dart').
Try correcting the name to the name of an existing getter, or defining a getter or field named 'AppSpacing'.
      padding: EdgeInsets.all(AppSpacing.lg),
                              ^^^^^^^^^^
lib/features/onboarding/screens/four_things_setup.dart:233:31: Error: The getter 'AppSpacing' isn't defined for the type '_FourThingsSetupState'.
 - '_FourThingsSetupState' is from 'package:offramp/features/onboarding/screens/four_things_setup.dart' ('lib/features/onboarding/screens/four_things_setup.dart').
Try correcting the name to the name of an existing getter, or defining a getter or field named 'AppSpacing'.
              SizedBox(width: AppSpacing.sm),
                              ^^^^^^^^^^
lib/features/onboarding/screens/four_things_setup.dart:236:24: Error: The getter 'AppText' isn't defined for the type '_FourThingsSetupState'.
 - '_FourThingsSetupState' is from 'package:offramp/features/onboarding/screens/four_things_setup.dart' ('lib/features/onboarding/screens/four_things_setup.dart').
Try correcting the name to the name of an existing getter, or defining a getter or field named 'AppText'.
                style: AppText.bodyMedium.copyWith(
                       ^^^^^^^
lib/features/onboarding/screens/four_things_setup.dart:237:26: Error: The getter 'AppColors' isn't defined for the type '_FourThingsSetupState'.
 - '_FourThingsSetupState' is from 'package:offramp/features/onboarding/screens/four_things_setup.dart' ('lib/features/onboarding/screens/four_things_setup.dart').
Try correcting the name to the name of an existing getter, or defining a getter or field named 'AppColors'.
                  color: AppColors.creamWhite,
                         ^^^^^^^^^
lib/features/onboarding/screens/four_things_setup.dart:243:28: Error: The getter 'AppSpacing' isn't defined for the type '_FourThingsSetupState'.
 - '_FourThingsSetupState' is from 'package:offramp/features/onboarding/screens/four_things_setup.dart' ('lib/features/onboarding/screens/four_things_setup.dart').
Try correcting the name to the name of an existing getter, or defining a getter or field named 'AppSpacing'.
          SizedBox(height: AppSpacing.xs),
                           ^^^^^^^^^^
lib/features/onboarding/screens/four_things_setup.dart:248:20: Error: The getter 'AppText' isn't defined for the type '_FourThingsSetupState'.
 - '_FourThingsSetupState' is from 'package:offramp/features/onboarding/screens/four_things_setup.dart' ('lib/features/onboarding/screens/four_things_setup.dart').
Try correcting the name to the name of an existing getter, or defining a getter or field named 'AppText'.
            style: AppText.body.copyWith(color: AppColors.creamWhite),
                   ^^^^^^^
lib/features/onboarding/screens/four_things_setup.dart:248:49: Error: The getter 'AppColors' isn't defined for the type '_FourThingsSetupState'.
 - '_FourThingsSetupState' is from 'package:offramp/features/onboarding/screens/four_things_setup.dart' ('lib/features/onboarding/screens/four_things_setup.dart').
Try correcting the name to the name of an existing getter, or defining a getter or field named 'AppColors'.
            style: AppText.body.copyWith(color: AppColors.creamWhite),
                                                ^^^^^^^^^
lib/features/onboarding/screens/four_things_setup.dart:251:25: Error: The getter 'AppInputDecoration' isn't defined for the type '_FourThingsSetupState'.
 - '_FourThingsSetupState' is from 'package:offramp/features/onboarding/screens/four_things_setup.dart' ('lib/features/onboarding/screens/four_things_setup.dart').
Try correcting the name to the name of an existing getter, or defining a getter or field named 'AppInputDecoration'.
            decoration: AppInputDecoration.textField(
                        ^^^^^^^^^^^^^^^^^^
lib/features/onboarding/screens/four_things_setup.dart:255:29: Error: The getter 'AppText' isn't defined for the type '_FourThingsSetupState'.
 - '_FourThingsSetupState' is from 'package:offramp/features/onboarding/screens/four_things_setup.dart' ('lib/features/onboarding/screens/four_things_setup.dart').
Try correcting the name to the name of an existing getter, or defining a getter or field named 'AppText'.
              counterStyle: AppText.caption.copyWith(
                            ^^^^^^^
lib/features/onboarding/screens/four_things_setup.dart:256:24: Error: The getter 'AppColors' isn't defined for the type '_FourThingsSetupState'.
 - '_FourThingsSetupState' is from 'package:offramp/features/onboarding/screens/four_things_setup.dart' ('lib/features/onboarding/screens/four_things_setup.dart').
Try correcting the name to the name of an existing getter, or defining a getter or field named 'AppColors'.
                color: AppColors.textMuted,
                       ^^^^^^^^^
lib/features/onboarding/screens/four_things_setup.dart:273:22: Error: Not a constant expression.
              color: AppColors.warmCoral,
                     ^^^^^^^^^
lib/features/onboarding/screens/four_things_setup.dart:278:22: Error: The getter 'AppColors' isn't defined for the type '_FourThingsSetupState'.
 - '_FourThingsSetupState' is from 'package:offramp/features/onboarding/screens/four_things_setup.dart' ('lib/features/onboarding/screens/four_things_setup.dart').
Try correcting the name to the name of an existing getter, or defining a getter or field named 'AppColors'.
              color: AppColors.textMuted,
                     ^^^^^^^^^
lib/features/onboarding/screens/four_things_setup.dart:318:24: Error: The method 'FourThings' isn't defined for the type '_FourThingsSetupState'.
 - '_FourThingsSetupState' is from 'package:offramp/features/onboarding/screens/four_things_setup.dart' ('lib/features/onboarding/screens/four_things_setup.dart').
Try correcting the name to the name of an existing method, or defining a method named 'FourThings'.
    final fourThings = FourThings(
                       ^^^^^^^^^^
lib/features/onboarding/screens/four_things_setup.dart:325:11: Error: The method 'HiveService' isn't defined for the type '_FourThingsSetupState'.
 - '_FourThingsSetupState' is from 'package:offramp/features/onboarding/screens/four_things_setup.dart' ('lib/features/onboarding/screens/four_things_setup.dart').
Try correcting the name to the name of an existing method, or defining a method named 'HiveService'.
    await HiveService().saveFourThings(fourThings);
          ^^^^^^^^^^^
lib/features/onboarding/screens/app_selector.dart:28:8: Error: 'DistractingApp' isn't a type.
  List<DistractingApp> _apps = [];
       ^^^^^^^^^^^^^^
lib/features/onboarding/screens/app_selector.dart:45:23: Error: The method 'HiveService' isn't defined for the type '_AppSelectorState'.
 - '_AppSelectorState' is from 'package:offramp/features/onboarding/screens/app_selector.dart' ('lib/features/onboarding/screens/app_selector.dart').
Try correcting the name to the name of an existing method, or defining a method named 'HiveService'.
    final savedApps = HiveService().getDistractingApps();
                      ^^^^^^^^^^^
lib/features/onboarding/screens/app_selector.dart:54:24: Error: The getter 'DistractingApp' isn't defined for the type '_AppSelectorState'.
 - '_AppSelectorState' is from 'package:offramp/features/onboarding/screens/app_selector.dart' ('lib/features/onboarding/screens/app_selector.dart').
Try correcting the name to the name of an existing getter, or defining a getter or field named 'DistractingApp'.
      final defaults = DistractingApp.getDefaultApps();
                       ^^^^^^^^^^^^^^
lib/features/onboarding/screens/app_selector.dart:56:15: Error: The method 'HiveService' isn't defined for the type '_AppSelectorState'.
 - '_AppSelectorState' is from 'package:offramp/features/onboarding/screens/app_selector.dart' ('lib/features/onboarding/screens/app_selector.dart').
Try correcting the name to the name of an existing method, or defining a method named 'HiveService'.
        await HiveService().saveDistractingApp(app);
              ^^^^^^^^^^^
lib/features/onboarding/screens/app_selector.dart:85:46: Error: The getter 'packageName' isn't defined for the type 'Object?'.
 - 'Object' is from 'dart:core'.
Try correcting the name to the name of an existing getter, or defining a getter or field named 'packageName'.
    final knownPackages = _apps.map((a) => a.packageName).toSet();
                                             ^^^^^^^^^^^
lib/features/onboarding/screens/app_selector.dart:93:24: Error: The method 'DistractingApp' isn't defined for the type '_AppSelectorState'.
 - '_AppSelectorState' is from 'package:offramp/features/onboarding/screens/app_selector.dart' ('lib/features/onboarding/screens/app_selector.dart').
Try correcting the name to the name of an existing method, or defining a method named 'DistractingApp'.
        final newApp = DistractingApp(
                       ^^^^^^^^^^^^^^
lib/features/onboarding/screens/app_selector.dart:98:15: Error: The method 'HiveService' isn't defined for the type '_AppSelectorState'.
 - '_AppSelectorState' is from 'package:offramp/features/onboarding/screens/app_selector.dart' ('lib/features/onboarding/screens/app_selector.dart').
Try correcting the name to the name of an existing method, or defining a method named 'HiveService'.
        await HiveService().saveDistractingApp(newApp);
              ^^^^^^^^^^^
lib/features/onboarding/screens/app_selector.dart:131:11: Error: The method 'HiveService' isn't defined for the type '_AppSelectorState'.
 - '_AppSelectorState' is from 'package:offramp/features/onboarding/screens/app_selector.dart' ('lib/features/onboarding/screens/app_selector.dart').
Try correcting the name to the name of an existing method, or defining a method named 'HiveService'.
    await HiveService().toggleAppSelection(packageName);
          ^^^^^^^^^^^
lib/features/onboarding/screens/app_selector.dart:133:45: Error: The getter 'packageName' isn't defined for the type 'Object?'.
 - 'Object' is from 'dart:core'.
Try correcting the name to the name of an existing getter, or defining a getter or field named 'packageName'.
      final app = _apps.firstWhere((a) => a.packageName == packageName);
                                            ^^^^^^^^^^^
lib/features/onboarding/screens/app_selector.dart:144:26: Error: The getter 'AppColors' isn't defined for the type '_AppSelectorState'.
 - '_AppSelectorState' is from 'package:offramp/features/onboarding/screens/app_selector.dart' ('lib/features/onboarding/screens/app_selector.dart').
Try correcting the name to the name of an existing getter, or defining a getter or field named 'AppColors'.
        backgroundColor: AppColors.charcoal,
                         ^^^^^^^^^
lib/features/onboarding/screens/app_selector.dart:147:18: Error: The getter 'AppText' isn't defined for the type '_AppSelectorState'.
 - '_AppSelectorState' is from 'package:offramp/features/onboarding/screens/app_selector.dart' ('lib/features/onboarding/screens/app_selector.dart').
Try correcting the name to the name of an existing getter, or defining a getter or field named 'AppText'.
          style: AppText.title.copyWith(fontSize: 18),
                 ^^^^^^^
lib/features/onboarding/screens/app_selector.dart:151:18: Error: The getter 'AppText' isn't defined for the type '_AppSelectorState'.
 - '_AppSelectorState' is from 'package:offramp/features/onboarding/screens/app_selector.dart' ('lib/features/onboarding/screens/app_selector.dart').
Try correcting the name to the name of an existing getter, or defining a getter or field named 'AppText'.
          style: AppText.body.copyWith(color: AppColors.creamWhite),
                 ^^^^^^^
lib/features/onboarding/screens/app_selector.dart:151:47: Error: The getter 'AppColors' isn't defined for the type '_AppSelectorState'.
 - '_AppSelectorState' is from 'package:offramp/features/onboarding/screens/app_selector.dart' ('lib/features/onboarding/screens/app_selector.dart').
Try correcting the name to the name of an existing getter, or defining a getter or field named 'AppColors'.
          style: AppText.body.copyWith(color: AppColors.creamWhite),
                                              ^^^^^^^^^
lib/features/onboarding/screens/app_selector.dart:152:23: Error: The getter 'AppInputDecoration' isn't defined for the type '_AppSelectorState'.
 - '_AppSelectorState' is from 'package:offramp/features/onboarding/screens/app_selector.dart' ('lib/features/onboarding/screens/app_selector.dart').
Try correcting the name to the name of an existing getter, or defining a getter or field named 'AppInputDecoration'.
          decoration: AppInputDecoration.textField(
                      ^^^^^^^^^^^^^^^^^^
lib/features/onboarding/screens/app_selector.dart:161:22: Error: The getter 'AppText' isn't defined for the type '_AppSelectorState'.
 - '_AppSelectorState' is from 'package:offramp/features/onboarding/screens/app_selector.dart' ('lib/features/onboarding/screens/app_selector.dart').
Try correcting the name to the name of an existing getter, or defining a getter or field named 'AppText'.
              style: AppText.bodyMedium.copyWith(color: AppColors.textMuted),
                     ^^^^^^^
lib/features/onboarding/screens/app_selector.dart:161:57: Error: The getter 'AppColors' isn't defined for the type '_AppSelectorState'.
 - '_AppSelectorState' is from 'package:offramp/features/onboarding/screens/app_selector.dart' ('lib/features/onboarding/screens/app_selector.dart').
Try correcting the name to the name of an existing getter, or defining a getter or field named 'AppColors'.
              style: AppText.bodyMedium.copyWith(color: AppColors.textMuted),
                                                        ^^^^^^^^^
lib/features/onboarding/screens/app_selector.dart:168:22: Error: The getter 'AppText' isn't defined for the type '_AppSelectorState'.
 - '_AppSelectorState' is from 'package:offramp/features/onboarding/screens/app_selector.dart' ('lib/features/onboarding/screens/app_selector.dart').
Try correcting the name to the name of an existing getter, or defining a getter or field named 'AppText'.
              style: AppText.bodyMedium.copyWith(color: AppColors.softSage),
                     ^^^^^^^
lib/features/onboarding/screens/app_selector.dart:168:57: Error: The getter 'AppColors' isn't defined for the type '_AppSelectorState'.
 - '_AppSelectorState' is from 'package:offramp/features/onboarding/screens/app_selector.dart' ('lib/features/onboarding/screens/app_selector.dart').
Try correcting the name to the name of an existing getter, or defining a getter or field named 'AppColors'.
              style: AppText.bodyMedium.copyWith(color: AppColors.softSage),
                                                        ^^^^^^^^^
lib/features/onboarding/screens/app_selector.dart:176:25: Error: The method 'DistractingApp' isn't defined for the type '_AppSelectorState'.
 - '_AppSelectorState' is from 'package:offramp/features/onboarding/screens/app_selector.dart' ('lib/features/onboarding/screens/app_selector.dart').
Try correcting the name to the name of an existing method, or defining a method named 'DistractingApp'.
      final customApp = DistractingApp(
                        ^^^^^^^^^^^^^^
lib/features/onboarding/screens/app_selector.dart:181:13: Error: The method 'HiveService' isn't defined for the type '_AppSelectorState'.
 - '_AppSelectorState' is from 'package:offramp/features/onboarding/screens/app_selector.dart' ('lib/features/onboarding/screens/app_selector.dart').
Try correcting the name to the name of an existing method, or defining a method named 'HiveService'.
      await HiveService().saveDistractingApp(customApp);
            ^^^^^^^^^^^
lib/features/onboarding/screens/app_selector.dart:230:36: Error: Not a constant expression.
                            color: AppColors.softSage,
                                   ^^^^^^^^^
lib/features/onboarding/screens/app_selector.dart:242:30: Error: Not a constant expression.
                      color: AppColors.softSage,
                             ^^^^^^^^^
lib/features/onboarding/screens/app_selector.dart:273:36: Error: Not a constant expression.
                            color: AppColors.creamWhite,
                                   ^^^^^^^^^
lib/features/onboarding/screens/app_selector.dart:189:24: Error: The getter 'AppColors' isn't defined for the type '_AppSelectorState'.
 - '_AppSelectorState' is from 'package:offramp/features/onboarding/screens/app_selector.dart' ('lib/features/onboarding/screens/app_selector.dart').
Try correcting the name to the name of an existing getter, or defining a getter or field named 'AppColors'.
      backgroundColor: AppColors.deepNavy,
                       ^^^^^^^^^
lib/features/onboarding/screens/app_selector.dart:193:22: Error: The getter 'AppSpacing' isn't defined for the type '_AppSelectorState'.
 - '_AppSelectorState' is from 'package:offramp/features/onboarding/screens/app_selector.dart' ('lib/features/onboarding/screens/app_selector.dart').
Try correcting the name to the name of an existing getter, or defining a getter or field named 'AppSpacing'.
            padding: AppSpacing.screenPadding,
                     ^^^^^^^^^^
lib/features/onboarding/screens/app_selector.dart:195:53: Error: The getter 'AppSpacing' isn't defined for the type '_AppSelectorState'.
 - '_AppSelectorState' is from 'package:offramp/features/onboarding/screens/app_selector.dart' ('lib/features/onboarding/screens/app_selector.dart').
Try correcting the name to the name of an existing getter, or defining a getter or field named 'AppSpacing'.
              constraints: BoxConstraints(maxWidth: AppSpacing.cardMaxWidth),
                                                    ^^^^^^^^^^
lib/features/onboarding/screens/app_selector.dart:202:28: Error: The getter 'MascotState' isn't defined for the type '_AppSelectorState'.
 - '_AppSelectorState' is from 'package:offramp/features/onboarding/screens/app_selector.dart' ('lib/features/onboarding/screens/app_selector.dart').
Try correcting the name to the name of an existing getter, or defining a getter or field named 'MascotState'.
                    state: MascotState.stop,
                           ^^^^^^^^^^^
lib/features/onboarding/screens/app_selector.dart:201:19: Error: The method 'MascotWidget' isn't defined for the type '_AppSelectorState'.
 - '_AppSelectorState' is from 'package:offramp/features/onboarding/screens/app_selector.dart' ('lib/features/onboarding/screens/app_selector.dart').
Try correcting the name to the name of an existing method, or defining a method named 'MascotWidget'.
                  MascotWidget(
                  ^^^^^^^^^^^^
lib/features/onboarding/screens/app_selector.dart:206:36: Error: The getter 'AppSpacing' isn't defined for the type '_AppSelectorState'.
 - '_AppSelectorState' is from 'package:offramp/features/onboarding/screens/app_selector.dart' ('lib/features/onboarding/screens/app_selector.dart').
Try correcting the name to the name of an existing getter, or defining a getter or field named 'AppSpacing'.
                  SizedBox(height: AppSpacing.lg),
                                   ^^^^^^^^^^
lib/features/onboarding/screens/app_selector.dart:211:28: Error: The getter 'AppText' isn't defined for the type '_AppSelectorState'.
 - '_AppSelectorState' is from 'package:offramp/features/onboarding/screens/app_selector.dart' ('lib/features/onboarding/screens/app_selector.dart').
Try correcting the name to the name of an existing getter, or defining a getter or field named 'AppText'.
                    style: AppText.title,
                           ^^^^^^^
lib/features/onboarding/screens/app_selector.dart:215:36: Error: The getter 'AppSpacing' isn't defined for the type '_AppSelectorState'.
 - '_AppSelectorState' is from 'package:offramp/features/onboarding/screens/app_selector.dart' ('lib/features/onboarding/screens/app_selector.dart').
Try correcting the name to the name of an existing getter, or defining a getter or field named 'AppSpacing'.
                  SizedBox(height: AppSpacing.sm),
                                   ^^^^^^^^^^
lib/features/onboarding/screens/app_selector.dart:220:28: Error: The getter 'AppText' isn't defined for the type '_AppSelectorState'.
 - '_AppSelectorState' is from 'package:offramp/features/onboarding/screens/app_selector.dart' ('lib/features/onboarding/screens/app_selector.dart').
Try correcting the name to the name of an existing getter, or defining a getter or field named 'AppText'.
                    style: AppText.body.copyWith(color: AppColors.textMuted),
                           ^^^^^^^
lib/features/onboarding/screens/app_selector.dart:220:57: Error: The getter 'AppColors' isn't defined for the type '_AppSelectorState'.
 - '_AppSelectorState' is from 'package:offramp/features/onboarding/screens/app_selector.dart' ('lib/features/onboarding/screens/app_selector.dart').
Try correcting the name to the name of an existing getter, or defining a getter or field named 'AppColors'.
                    style: AppText.body.copyWith(color: AppColors.textMuted),
                                                        ^^^^^^^^^
lib/features/onboarding/screens/app_selector.dart:224:36: Error: The getter 'AppSpacing' isn't defined for the type '_AppSelectorState'.
 - '_AppSelectorState' is from 'package:offramp/features/onboarding/screens/app_selector.dart' ('lib/features/onboarding/screens/app_selector.dart').
Try correcting the name to the name of an existing getter, or defining a getter or field named 'AppSpacing'.
                  SizedBox(height: AppSpacing.xl),
                                   ^^^^^^^^^^
lib/features/onboarding/screens/app_selector.dart:235:36: Error: The getter 'AppSpacing' isn't defined for the type '_AppSelectorState'.
 - '_AppSelectorState' is from 'package:offramp/features/onboarding/screens/app_selector.dart' ('lib/features/onboarding/screens/app_selector.dart').
Try correcting the name to the name of an existing getter, or defining a getter or field named 'AppSpacing'.
                  SizedBox(height: AppSpacing.lg),
                                   ^^^^^^^^^^
lib/features/onboarding/screens/app_selector.dart:247:30: Error: The getter 'AppText' isn't defined for the type '_AppSelectorState'.
 - '_AppSelectorState' is from 'package:offramp/features/onboarding/screens/app_selector.dart' ('lib/features/onboarding/screens/app_selector.dart').
Try correcting the name to the name of an existing getter, or defining a getter or field named 'AppText'.
                      style: AppText.bodyMedium.copyWith(
                             ^^^^^^^
lib/features/onboarding/screens/app_selector.dart:248:32: Error: The getter 'AppColors' isn't defined for the type '_AppSelectorState'.
 - '_AppSelectorState' is from 'package:offramp/features/onboarding/screens/app_selector.dart' ('lib/features/onboarding/screens/app_selector.dart').
Try correcting the name to the name of an existing getter, or defining a getter or field named 'AppColors'.
                        color: AppColors.softSage,
                               ^^^^^^^^^
lib/features/onboarding/screens/app_selector.dart:253:36: Error: The getter 'AppSpacing' isn't defined for the type '_AppSelectorState'.
 - '_AppSelectorState' is from 'package:offramp/features/onboarding/screens/app_selector.dart' ('lib/features/onboarding/screens/app_selector.dart').
Try correcting the name to the name of an existing getter, or defining a getter or field named 'AppSpacing'.
                  SizedBox(height: AppSpacing.xxl),
                                   ^^^^^^^^^^
lib/features/onboarding/screens/app_selector.dart:260:30: Error: The getter 'AppButtons' isn't defined for the type '_AppSelectorState'.
 - '_AppSelectorState' is from 'package:offramp/features/onboarding/screens/app_selector.dart' ('lib/features/onboarding/screens/app_selector.dart').
Try correcting the name to the name of an existing getter, or defining a getter or field named 'AppButtons'.
                      style: AppButtons.secondary,
                             ^^^^^^^^^^
lib/features/onboarding/screens/app_selector.dart:267:36: Error: The getter 'AppText' isn't defined for the type '_AppSelectorState'.
 - '_AppSelectorState' is from 'package:offramp/features/onboarding/screens/app_selector.dart' ('lib/features/onboarding/screens/app_selector.dart').
Try correcting the name to the name of an existing getter, or defining a getter or field named 'AppText'.
                            style: AppText.button,
                                   ^^^^^^^
lib/features/onboarding/screens/app_selector.dart:269:43: Error: The getter 'AppSpacing' isn't defined for the type '_AppSelectorState'.
 - '_AppSelectorState' is from 'package:offramp/features/onboarding/screens/app_selector.dart' ('lib/features/onboarding/screens/app_selector.dart').
Try correcting the name to the name of an existing getter, or defining a getter or field named 'AppSpacing'.
                          SizedBox(width: AppSpacing.sm),
                                          ^^^^^^^^^^
lib/features/onboarding/screens/app_selector.dart:280:36: Error: The getter 'AppSpacing' isn't defined for the type '_AppSelectorState'.
 - '_AppSelectorState' is from 'package:offramp/features/onboarding/screens/app_selector.dart' ('lib/features/onboarding/screens/app_selector.dart').
Try correcting the name to the name of an existing getter, or defining a getter or field named 'AppSpacing'.
                  SizedBox(height: AppSpacing.md),
                                   ^^^^^^^^^^
lib/features/onboarding/screens/app_selector.dart:284:45: Error: The getter 'isSelected' isn't defined for the type 'Object?'.
 - 'Object' is from 'dart:core'.
Try correcting the name to the name of an existing getter, or defining a getter or field named 'isSelected'.
                    '${_apps.where((a) => a.isSelected).length} apps selected',
                                            ^^^^^^^^^^
lib/features/onboarding/screens/app_selector.dart:285:28: Error: The getter 'AppText' isn't defined for the type '_AppSelectorState'.
 - '_AppSelectorState' is from 'package:offramp/features/onboarding/screens/app_selector.dart' ('lib/features/onboarding/screens/app_selector.dart').
Try correcting the name to the name of an existing getter, or defining a getter or field named 'AppText'.
                    style: AppText.caption.copyWith(
                           ^^^^^^^
lib/features/onboarding/screens/app_selector.dart:286:30: Error: The getter 'AppColors' isn't defined for the type '_AppSelectorState'.
 - '_AppSelectorState' is from 'package:offramp/features/onboarding/screens/app_selector.dart' ('lib/features/onboarding/screens/app_selector.dart').
Try correcting the name to the name of an existing getter, or defining a getter or field named 'AppColors'.
                      color: AppColors.textMuted.withOpacity(0.7),
                             ^^^^^^^^^
lib/features/onboarding/screens/app_selector.dart:301:19: Error: The getter 'AppDecorations' isn't defined for the type '_AppSelectorState'.
 - '_AppSelectorState' is from 'package:offramp/features/onboarding/screens/app_selector.dart' ('lib/features/onboarding/screens/app_selector.dart').
Try correcting the name to the name of an existing getter, or defining a getter or field named 'AppDecorations'.
      decoration: AppDecorations.card,
                  ^^^^^^^^^^^^^^
lib/features/onboarding/screens/app_selector.dart:302:31: Error: The getter 'AppSpacing' isn't defined for the type '_AppSelectorState'.
 - '_AppSelectorState' is from 'package:offramp/features/onboarding/screens/app_selector.dart' ('lib/features/onboarding/screens/app_selector.dart').
Try correcting the name to the name of an existing getter, or defining a getter or field named 'AppSpacing'.
      padding: EdgeInsets.all(AppSpacing.lg),
                              ^^^^^^^^^^
lib/features/onboarding/screens/app_selector.dart:304:58: Error: The argument type 'List<dynamic>' can't be assigned to the parameter type 'List<Widget>'.
 - 'List' is from 'dart:core'.
 - 'Widget' is from 'package:flutter/src/widgets/framework.dart' ('/D:/flutter/flutter_windows_3.29.2-stable/flutter/packages/flutter/lib/src/widgets/framework.dart').
        children: _apps.map((app) => _buildAppItem(app)).toList(),
                                                         ^
lib/features/onboarding/screens/app_selector.dart:309:24: Error: 'DistractingApp' isn't a type.
  Widget _buildAppItem(DistractingApp app) {
                       ^^^^^^^^^^^^^^
lib/features/onboarding/screens/app_selector.dart:311:47: Error: The getter 'AppSpacing' isn't defined for the type '_AppSelectorState'.
 - '_AppSelectorState' is from 'package:offramp/features/onboarding/screens/app_selector.dart' ('lib/features/onboarding/screens/app_selector.dart').
Try correcting the name to the name of an existing getter, or defining a getter or field named 'AppSpacing'.
      padding: EdgeInsets.symmetric(vertical: AppSpacing.xs),
                                              ^^^^^^^^^^
lib/features/onboarding/screens/app_selector.dart:319:22: Error: The getter 'AppColors' isn't defined for the type '_AppSelectorState'.
 - '_AppSelectorState' is from 'package:offramp/features/onboarding/screens/app_selector.dart' ('lib/features/onboarding/screens/app_selector.dart').
Try correcting the name to the name of an existing getter, or defining a getter or field named 'AppColors'.
              color: AppColors.deepNavy,
                     ^^^^^^^^^
lib/features/onboarding/screens/app_selector.dart:325:24: Error: The getter 'AppText' isn't defined for the type '_AppSelectorState'.
 - '_AppSelectorState' is from 'package:offramp/features/onboarding/screens/app_selector.dart' ('lib/features/onboarding/screens/app_selector.dart').
Try correcting the name to the name of an existing getter, or defining a getter or field named 'AppText'.
                style: AppText.title.copyWith(
                       ^^^^^^^
lib/features/onboarding/screens/app_selector.dart:327:26: Error: The getter 'AppColors' isn't defined for the type '_AppSelectorState'.
 - '_AppSelectorState' is from 'package:offramp/features/onboarding/screens/app_selector.dart' ('lib/features/onboarding/screens/app_selector.dart').
Try correcting the name to the name of an existing getter, or defining a getter or field named 'AppColors'.
                  color: AppColors.softSage,
                         ^^^^^^^^^
lib/features/onboarding/screens/app_selector.dart:333:27: Error: The getter 'AppSpacing' isn't defined for the type '_AppSelectorState'.
 - '_AppSelectorState' is from 'package:offramp/features/onboarding/screens/app_selector.dart' ('lib/features/onboarding/screens/app_selector.dart').
Try correcting the name to the name of an existing getter, or defining a getter or field named 'AppSpacing'.
          SizedBox(width: AppSpacing.md),
                          ^^^^^^^^^^
lib/features/onboarding/screens/app_selector.dart:339:22: Error: The getter 'AppText' isn't defined for the type '_AppSelectorState'.
 - '_AppSelectorState' is from 'package:offramp/features/onboarding/screens/app_selector.dart' ('lib/features/onboarding/screens/app_selector.dart').
Try correcting the name to the name of an existing getter, or defining a getter or field named 'AppText'.
              style: AppText.body.copyWith(color: AppColors.creamWhite),
                     ^^^^^^^
lib/features/onboarding/screens/app_selector.dart:339:51: Error: The getter 'AppColors' isn't defined for the type '_AppSelectorState'.
 - '_AppSelectorState' is from 'package:offramp/features/onboarding/screens/app_selector.dart' ('lib/features/onboarding/screens/app_selector.dart').
Try correcting the name to the name of an existing getter, or defining a getter or field named 'AppColors'.
              style: AppText.body.copyWith(color: AppColors.creamWhite),
                                                  ^^^^^^^^^
lib/features/onboarding/screens/app_selector.dart:354:19: Error: The getter 'AppDurations' isn't defined for the type '_AppSelectorState'.
 - '_AppSelectorState' is from 'package:offramp/features/onboarding/screens/app_selector.dart' ('lib/features/onboarding/screens/app_selector.dart').
Try correcting the name to the name of an existing getter, or defining a getter or field named 'AppDurations'.
        duration: AppDurations.fast,
                  ^^^^^^^^^^^^
lib/features/onboarding/screens/app_selector.dart:358:26: Error: The getter 'AppColors' isn't defined for the type '_AppSelectorState'.
 - '_AppSelectorState' is from 'package:offramp/features/onboarding/screens/app_selector.dart' ('lib/features/onboarding/screens/app_selector.dart').
Try correcting the name to the name of an existing getter, or defining a getter or field named 'AppColors'.
          color: value ? AppColors.softSage : AppColors.charcoal,
                         ^^^^^^^^^
lib/features/onboarding/screens/app_selector.dart:358:47: Error: The getter 'AppColors' isn't defined for the type '_AppSelectorState'.
 - '_AppSelectorState' is from 'package:offramp/features/onboarding/screens/app_selector.dart' ('lib/features/onboarding/screens/app_selector.dart').
Try correcting the name to the name of an existing getter, or defining a getter or field named 'AppColors'.
          color: value ? AppColors.softSage : AppColors.charcoal,
                                              ^^^^^^^^^
lib/features/onboarding/screens/app_selector.dart:361:28: Error: The getter 'AppColors' isn't defined for the type '_AppSelectorState'.
 - '_AppSelectorState' is from 'package:offramp/features/onboarding/screens/app_selector.dart' ('lib/features/onboarding/screens/app_selector.dart').
Try correcting the name to the name of an existing getter, or defining a getter or field named 'AppColors'.
            color: value ? AppColors.softSage : AppColors.mutedGray.withOpacity(0.3),
                           ^^^^^^^^^
lib/features/onboarding/screens/app_selector.dart:361:49: Error: The getter 'AppColors' isn't defined for the type '_AppSelectorState'.
 - '_AppSelectorState' is from 'package:offramp/features/onboarding/screens/app_selector.dart' ('lib/features/onboarding/screens/app_selector.dart').
Try correcting the name to the name of an existing getter, or defining a getter or field named 'AppColors'.
            color: value ? AppColors.softSage : AppColors.mutedGray.withOpacity(0.3),
                                                ^^^^^^^^^
lib/features/onboarding/screens/app_selector.dart:366:21: Error: The getter 'AppDurations' isn't defined for the type '_AppSelectorState'.
 - '_AppSelectorState' is from 'package:offramp/features/onboarding/screens/app_selector.dart' ('lib/features/onboarding/screens/app_selector.dart').
Try correcting the name to the name of an existing getter, or defining a getter or field named 'AppDurations'.
          duration: AppDurations.fast,
                    ^^^^^^^^^^^^
lib/features/onboarding/screens/app_selector.dart:373:22: Error: The getter 'AppColors' isn't defined for the type '_AppSelectorState'.
 - '_AppSelectorState' is from 'package:offramp/features/onboarding/screens/app_selector.dart' ('lib/features/onboarding/screens/app_selector.dart').
Try correcting the name to the name of an existing getter, or defining a getter or field named 'AppColors'.
              color: AppColors.creamWhite,
                     ^^^^^^^^^
lib/features/dashboard/screens/home_screen.dart:30:3: Error: 'FourThings' isn't a type.
  FourThings? _fourThings;
  ^^^^^^^^^^
lib/features/dashboard/screens/home_screen.dart:31:3: Error: 'UserSettings' isn't a type.
  UserSettings? _settings;
  ^^^^^^^^^^^^
lib/features/dashboard/screens/home_screen.dart:32:8: Error: 'HumanBuffer' isn't a type.
  List<HumanBuffer> _buffers = [];
       ^^^^^^^^^^^
lib/features/dashboard/screens/home_screen.dart:45:19: Error: The method 'HiveService' isn't defined for the type '_HomeScreenState'.
 - '_HomeScreenState' is from 'package:offramp/features/dashboard/screens/home_screen.dart' ('lib/features/dashboard/screens/home_screen.dart').
Try correcting the name to the name of an existing method, or defining a method named 'HiveService'.
    _fourThings = HiveService().getFourThings();
                  ^^^^^^^^^^^
lib/features/dashboard/screens/home_screen.dart:46:17: Error: The method 'HiveService' isn't defined for the type '_HomeScreenState'.
 - '_HomeScreenState' is from 'package:offramp/features/dashboard/screens/home_screen.dart' ('lib/features/dashboard/screens/home_screen.dart').
Try correcting the name to the name of an existing method, or defining a method named 'HiveService'.
    _settings = HiveService().getSettings();
                ^^^^^^^^^^^
lib/features/dashboard/screens/home_screen.dart:47:16: Error: The method 'HiveService' isn't defined for the type '_HomeScreenState'.
 - '_HomeScreenState' is from 'package:offramp/features/dashboard/screens/home_screen.dart' ('lib/features/dashboard/screens/home_screen.dart').
Try correcting the name to the name of an existing method, or defining a method named 'HiveService'.
    _buffers = HiveService().getHumanBuffers();
               ^^^^^^^^^^^
lib/features/dashboard/screens/home_screen.dart:63:26: Error: Not a constant expression.
        backgroundColor: AppColors.deepNavy,
                         ^^^^^^^^^
lib/features/dashboard/screens/home_screen.dart:65:51: Error: Not a constant expression.
          child: CircularProgressIndicator(color: AppColors.softSage),
                                                  ^^^^^^^^^
lib/features/dashboard/screens/home_screen.dart:71:24: Error: The getter 'AppColors' isn't defined for the type '_HomeScreenState'.
 - '_HomeScreenState' is from 'package:offramp/features/dashboard/screens/home_screen.dart' ('lib/features/dashboard/screens/home_screen.dart').
Try correcting the name to the name of an existing getter, or defining a getter or field named 'AppColors'.
      backgroundColor: AppColors.deepNavy,
                       ^^^^^^^^^
lib/features/dashboard/screens/home_screen.dart:89:14: Error: The getter 'AppColors' isn't defined for the type '_HomeScreenState'.
 - '_HomeScreenState' is from 'package:offramp/features/dashboard/screens/home_screen.dart' ('lib/features/dashboard/screens/home_screen.dart').
Try correcting the name to the name of an existing getter, or defining a getter or field named 'AppColors'.
      color: AppColors.softSage,
             ^^^^^^^^^
lib/features/dashboard/screens/home_screen.dart:90:24: Error: The getter 'AppColors' isn't defined for the type '_HomeScreenState'.
 - '_HomeScreenState' is from 'package:offramp/features/dashboard/screens/home_screen.dart' ('lib/features/dashboard/screens/home_screen.dart').
Try correcting the name to the name of an existing getter, or defining a getter or field named 'AppColors'.
      backgroundColor: AppColors.charcoal,
                       ^^^^^^^^^
lib/features/dashboard/screens/home_screen.dart:92:18: Error: The getter 'AppSpacing' isn't defined for the type '_HomeScreenState'.
 - '_HomeScreenState' is from 'package:offramp/features/dashboard/screens/home_screen.dart' ('lib/features/dashboard/screens/home_screen.dart').
Try correcting the name to the name of an existing getter, or defining a getter or field named 'AppSpacing'.
        padding: AppSpacing.screenPadding,
                 ^^^^^^^^^^
lib/features/dashboard/screens/home_screen.dart:99:30: Error: The getter 'AppSpacing' isn't defined for the type '_HomeScreenState'.
 - '_HomeScreenState' is from 'package:offramp/features/dashboard/screens/home_screen.dart' ('lib/features/dashboard/screens/home_screen.dart').
Try correcting the name to the name of an existing getter, or defining a getter or field named 'AppSpacing'.
            SizedBox(height: AppSpacing.xl),
                             ^^^^^^^^^^
lib/features/dashboard/screens/home_screen.dart:104:30: Error: The getter 'AppSpacing' isn't defined for the type '_HomeScreenState'.
 - '_HomeScreenState' is from 'package:offramp/features/dashboard/screens/home_screen.dart' ('lib/features/dashboard/screens/home_screen.dart').
Try correcting the name to the name of an existing getter, or defining a getter or field named 'AppSpacing'.
            SizedBox(height: AppSpacing.lg),
                             ^^^^^^^^^^
lib/features/dashboard/screens/home_screen.dart:109:30: Error: The getter 'AppSpacing' isn't defined for the type '_HomeScreenState'.
 - '_HomeScreenState' is from 'package:offramp/features/dashboard/screens/home_screen.dart' ('lib/features/dashboard/screens/home_screen.dart').
Try correcting the name to the name of an existing getter, or defining a getter or field named 'AppSpacing'.
            SizedBox(height: AppSpacing.lg),
                             ^^^^^^^^^^
lib/features/dashboard/screens/home_screen.dart:114:30: Error: The getter 'AppSpacing' isn't defined for the type '_HomeScreenState'.
 - '_HomeScreenState' is from 'package:offramp/features/dashboard/screens/home_screen.dart' ('lib/features/dashboard/screens/home_screen.dart').
Try correcting the name to the name of an existing getter, or defining a getter or field named 'AppSpacing'.
            SizedBox(height: AppSpacing.lg),
                             ^^^^^^^^^^
lib/features/dashboard/screens/home_screen.dart:119:30: Error: The getter 'AppSpacing' isn't defined for the type '_HomeScreenState'.
 - '_HomeScreenState' is from 'package:offramp/features/dashboard/screens/home_screen.dart' ('lib/features/dashboard/screens/home_screen.dart').
Try correcting the name to the name of an existing getter, or defining a getter or field named 'AppSpacing'.
            SizedBox(height: AppSpacing.xl),
                             ^^^^^^^^^^
lib/features/dashboard/screens/home_screen.dart:124:30: Error: The getter 'AppSpacing' isn't defined for the type '_HomeScreenState'.
 - '_HomeScreenState' is from 'package:offramp/features/dashboard/screens/home_screen.dart' ('lib/features/dashboard/screens/home_screen.dart').
Try correcting the name to the name of an existing getter, or defining a getter or field named 'AppSpacing'.
            SizedBox(height: AppSpacing.xl),
                             ^^^^^^^^^^
lib/features/dashboard/screens/home_screen.dart:140:22: Error: The getter 'AppText' isn't defined for the type '_HomeScreenState'.
 - '_HomeScreenState' is from 'package:offramp/features/dashboard/screens/home_screen.dart' ('lib/features/dashboard/screens/home_screen.dart').
Try correcting the name to the name of an existing getter, or defining a getter or field named 'AppText'.
              style: AppText.body.copyWith(color: AppColors.textMuted),
                     ^^^^^^^
lib/features/dashboard/screens/home_screen.dart:140:51: Error: The getter 'AppColors' isn't defined for the type '_HomeScreenState'.
 - '_HomeScreenState' is from 'package:offramp/features/dashboard/screens/home_screen.dart' ('lib/features/dashboard/screens/home_screen.dart').
Try correcting the name to the name of an existing getter, or defining a getter or field named 'AppColors'.
              style: AppText.body.copyWith(color: AppColors.textMuted),
                                                  ^^^^^^^^^
lib/features/dashboard/screens/home_screen.dart:144:22: Error: The getter 'AppText' isn't defined for the type '_HomeScreenState'.
 - '_HomeScreenState' is from 'package:offramp/features/dashboard/screens/home_screen.dart' ('lib/features/dashboard/screens/home_screen.dart').
Try correcting the name to the name of an existing getter, or defining a getter or field named 'AppText'.
              style: AppText.title,
                     ^^^^^^^
lib/features/dashboard/screens/home_screen.dart:151:25: Error: The getter 'AppSpacing' isn't defined for the type '_HomeScreenState'.
 - '_HomeScreenState' is from 'package:offramp/features/dashboard/screens/home_screen.dart' ('lib/features/dashboard/screens/home_screen.dart').
Try correcting the name to the name of an existing getter, or defining a getter or field named 'AppSpacing'.
            horizontal: AppSpacing.md,
                        ^^^^^^^^^^
lib/features/dashboard/screens/home_screen.dart:152:23: Error: The getter 'AppSpacing' isn't defined for the type '_HomeScreenState'.
 - '_HomeScreenState' is from 'package:offramp/features/dashboard/screens/home_screen.dart' ('lib/features/dashboard/screens/home_screen.dart').
Try correcting the name to the name of an existing getter, or defining a getter or field named 'AppSpacing'.
            vertical: AppSpacing.sm,
                      ^^^^^^^^^^
lib/features/dashboard/screens/home_screen.dart:155:20: Error: The getter 'AppColors' isn't defined for the type '_HomeScreenState'.
 - '_HomeScreenState' is from 'package:offramp/features/dashboard/screens/home_screen.dart' ('lib/features/dashboard/screens/home_screen.dart').
Try correcting the name to the name of an existing getter, or defining a getter or field named 'AppColors'.
            color: AppColors.charcoal,
                   ^^^^^^^^^
lib/features/dashboard/screens/home_screen.dart:160:20: Error: The getter 'AppText' isn't defined for the type '_HomeScreenState'.
 - '_HomeScreenState' is from 'package:offramp/features/dashboard/screens/home_screen.dart' ('lib/features/dashboard/screens/home_screen.dart').
Try correcting the name to the name of an existing getter, or defining a getter or field named 'AppText'.
            style: AppText.caption.copyWith(color: AppColors.softSage),
                   ^^^^^^^
lib/features/dashboard/screens/home_screen.dart:160:52: Error: The getter 'AppColors' isn't defined for the type '_HomeScreenState'.
 - '_HomeScreenState' is from 'package:offramp/features/dashboard/screens/home_screen.dart' ('lib/features/dashboard/screens/home_screen.dart').
Try correcting the name to the name of an existing getter, or defining a getter or field named 'AppColors'.
            style: AppText.caption.copyWith(color: AppColors.softSage),
                                                   ^^^^^^^^^
lib/features/dashboard/screens/home_screen.dart:203:26: Error: Not a constant expression.
                  color: AppColors.textMuted,
                         ^^^^^^^^^
lib/features/dashboard/screens/home_screen.dart:218:63: Error: Not a constant expression.
              valueColor: const AlwaysStoppedAnimation<Color>(AppColors.softSage),
                                                              ^^^^^^^^^
lib/features/dashboard/screens/home_screen.dart:180:19: Error: The getter 'AppDecorations' isn't defined for the type '_HomeScreenState'.
 - '_HomeScreenState' is from 'package:offramp/features/dashboard/screens/home_screen.dart' ('lib/features/dashboard/screens/home_screen.dart').
Try correcting the name to the name of an existing getter, or defining a getter or field named 'AppDecorations'.
      decoration: AppDecorations.card,
                  ^^^^^^^^^^^^^^
lib/features/dashboard/screens/home_screen.dart:181:31: Error: The getter 'AppSpacing' isn't defined for the type '_HomeScreenState'.
 - '_HomeScreenState' is from 'package:offramp/features/dashboard/screens/home_screen.dart' ('lib/features/dashboard/screens/home_screen.dart').
Try correcting the name to the name of an existing getter, or defining a getter or field named 'AppSpacing'.
      padding: EdgeInsets.all(AppSpacing.lg),
                              ^^^^^^^^^^
lib/features/dashboard/screens/home_screen.dart:192:35: Error: The getter 'AppSpacing' isn't defined for the type '_HomeScreenState'.
 - '_HomeScreenState' is from 'package:offramp/features/dashboard/screens/home_screen.dart' ('lib/features/dashboard/screens/home_screen.dart').
Try correcting the name to the name of an existing getter, or defining a getter or field named 'AppSpacing'.
                  SizedBox(width: AppSpacing.sm),
                                  ^^^^^^^^^^
lib/features/dashboard/screens/home_screen.dart:195:28: Error: The getter 'AppText' isn't defined for the type '_HomeScreenState'.
 - '_HomeScreenState' is from 'package:offramp/features/dashboard/screens/home_screen.dart' ('lib/features/dashboard/screens/home_screen.dart').
Try correcting the name to the name of an existing getter, or defining a getter or field named 'AppText'.
                    style: AppText.title.copyWith(fontSize: 16),
                           ^^^^^^^
lib/features/dashboard/screens/home_screen.dart:210:28: Error: The getter 'AppSpacing' isn't defined for the type '_HomeScreenState'.
 - '_HomeScreenState' is from 'package:offramp/features/dashboard/screens/home_screen.dart' ('lib/features/dashboard/screens/home_screen.dart').
Try correcting the name to the name of an existing getter, or defining a getter or field named 'AppSpacing'.
          SizedBox(height: AppSpacing.md),
                           ^^^^^^^^^^
lib/features/dashboard/screens/home_screen.dart:217:32: Error: The getter 'AppColors' isn't defined for the type '_HomeScreenState'.
 - '_HomeScreenState' is from 'package:offramp/features/dashboard/screens/home_screen.dart' ('lib/features/dashboard/screens/home_screen.dart').
Try correcting the name to the name of an existing getter, or defining a getter or field named 'AppColors'.
              backgroundColor: AppColors.charcoal,
                               ^^^^^^^^^
lib/features/dashboard/screens/home_screen.dart:223:28: Error: The getter 'AppSpacing' isn't defined for the type '_HomeScreenState'.
 - '_HomeScreenState' is from 'package:offramp/features/dashboard/screens/home_screen.dart' ('lib/features/dashboard/screens/home_screen.dart').
Try correcting the name to the name of an existing getter, or defining a getter or field named 'AppSpacing'.
          SizedBox(height: AppSpacing.sm),
                           ^^^^^^^^^^
lib/features/dashboard/screens/home_screen.dart:228:20: Error: The getter 'AppText' isn't defined for the type '_HomeScreenState'.
 - '_HomeScreenState' is from 'package:offramp/features/dashboard/screens/home_screen.dart' ('lib/features/dashboard/screens/home_screen.dart').
Try correcting the name to the name of an existing getter, or defining a getter or field named 'AppText'.
            style: AppText.caption,
                   ^^^^^^^
lib/features/dashboard/screens/home_screen.dart:231:28: Error: The getter 'AppSpacing' isn't defined for the type '_HomeScreenState'.
 - '_HomeScreenState' is from 'package:offramp/features/dashboard/screens/home_screen.dart' ('lib/features/dashboard/screens/home_screen.dart').
Try correcting the name to the name of an existing getter, or defining a getter or field named 'AppSpacing'.
          SizedBox(height: AppSpacing.md),
                           ^^^^^^^^^^
lib/features/dashboard/screens/home_screen.dart:256:49: Error: The getter 'AppSpacing' isn't defined for the type '_HomeScreenState'.
 - '_HomeScreenState' is from 'package:offramp/features/dashboard/screens/home_screen.dart' ('lib/features/dashboard/screens/home_screen.dart').
Try correcting the name to the name of an existing getter, or defining a getter or field named 'AppSpacing'.
        padding: EdgeInsets.symmetric(vertical: AppSpacing.xs),
                                                ^^^^^^^^^^
lib/features/dashboard/screens/home_screen.dart:263:31: Error: The getter 'AppColors' isn't defined for the type '_HomeScreenState'.
 - '_HomeScreenState' is from 'package:offramp/features/dashboard/screens/home_screen.dart' ('lib/features/dashboard/screens/home_screen.dart').
Try correcting the name to the name of an existing getter, or defining a getter or field named 'AppColors'.
                color: done ? AppColors.softSage : Colors.transparent,
                              ^^^^^^^^^
lib/features/dashboard/screens/home_screen.dart:266:33: Error: The getter 'AppColors' isn't defined for the type '_HomeScreenState'.
 - '_HomeScreenState' is from 'package:offramp/features/dashboard/screens/home_screen.dart' ('lib/features/dashboard/screens/home_screen.dart').
Try correcting the name to the name of an existing getter, or defining a getter or field named 'AppColors'.
                  color: done ? AppColors.softSage : AppColors.mutedGray,
                                ^^^^^^^^^
lib/features/dashboard/screens/home_screen.dart:266:54: Error: The getter 'AppColors' isn't defined for the type '_HomeScreenState'.
 - '_HomeScreenState' is from 'package:offramp/features/dashboard/screens/home_screen.dart' ('lib/features/dashboard/screens/home_screen.dart').
Try correcting the name to the name of an existing getter, or defining a getter or field named 'AppColors'.
                  color: done ? AppColors.softSage : AppColors.mutedGray,
                                                     ^^^^^^^^^
lib/features/dashboard/screens/home_screen.dart:274:29: Error: The getter 'AppSpacing' isn't defined for the type '_HomeScreenState'.
 - '_HomeScreenState' is from 'package:offramp/features/dashboard/screens/home_screen.dart' ('lib/features/dashboard/screens/home_screen.dart').
Try correcting the name to the name of an existing getter, or defining a getter or field named 'AppSpacing'.
            SizedBox(width: AppSpacing.sm),
                            ^^^^^^^^^^
lib/features/dashboard/screens/home_screen.dart:276:29: Error: The getter 'AppSpacing' isn't defined for the type '_HomeScreenState'.
 - '_HomeScreenState' is from 'package:offramp/features/dashboard/screens/home_screen.dart' ('lib/features/dashboard/screens/home_screen.dart').
Try correcting the name to the name of an existing getter, or defining a getter or field named 'AppSpacing'.
            SizedBox(width: AppSpacing.sm),
                            ^^^^^^^^^^
lib/features/dashboard/screens/home_screen.dart:280:24: Error: The getter 'AppText' isn't defined for the type '_HomeScreenState'.
 - '_HomeScreenState' is from 'package:offramp/features/dashboard/screens/home_screen.dart' ('lib/features/dashboard/screens/home_screen.dart').
Try correcting the name to the name of an existing getter, or defining a getter or field named 'AppText'.
                style: AppText.body.copyWith(
                       ^^^^^^^
lib/features/dashboard/screens/home_screen.dart:282:33: Error: The getter 'AppColors' isn't defined for the type '_HomeScreenState'.
 - '_HomeScreenState' is from 'package:offramp/features/dashboard/screens/home_screen.dart' ('lib/features/dashboard/screens/home_screen.dart').
Try correcting the name to the name of an existing getter, or defining a getter or field named 'AppColors'.
                  color: done ? AppColors.textMuted : AppColors.creamWhite,
                                ^^^^^^^^^
lib/features/dashboard/screens/home_screen.dart:282:55: Error: The getter 'AppColors' isn't defined for the type '_HomeScreenState'.
 - '_HomeScreenState' is from 'package:offramp/features/dashboard/screens/home_screen.dart' ('lib/features/dashboard/screens/home_screen.dart').
Try correcting the name to the name of an existing getter, or defining a getter or field named 'AppColors'.
                  color: done ? AppColors.textMuted : AppColors.creamWhite,
                                                      ^^^^^^^^^
lib/features/dashboard/screens/home_screen.dart:252:15: Error: The method 'HiveService' isn't defined for the type '_HomeScreenState'.
 - '_HomeScreenState' is from 'package:offramp/features/dashboard/screens/home_screen.dart' ('lib/features/dashboard/screens/home_screen.dart').
Try correcting the name to the name of an existing method, or defining a method named 'HiveService'.
        await HiveService().saveFourThings(updated);
              ^^^^^^^^^^^
lib/features/dashboard/screens/home_screen.dart:298:19: Error: The getter 'AppDecorations' isn't defined for the type '_HomeScreenState'.
 - '_HomeScreenState' is from 'package:offramp/features/dashboard/screens/home_screen.dart' ('lib/features/dashboard/screens/home_screen.dart').
Try correcting the name to the name of an existing getter, or defining a getter or field named 'AppDecorations'.
      decoration: AppDecorations.card,
                  ^^^^^^^^^^^^^^
lib/features/dashboard/screens/home_screen.dart:299:31: Error: The getter 'AppSpacing' isn't defined for the type '_HomeScreenState'.
 - '_HomeScreenState' is from 'package:offramp/features/dashboard/screens/home_screen.dart' ('lib/features/dashboard/screens/home_screen.dart').
Try correcting the name to the name of an existing getter, or defining a getter or field named 'AppSpacing'.
      padding: EdgeInsets.all(AppSpacing.lg),
                              ^^^^^^^^^^
lib/features/dashboard/screens/home_screen.dart:309:35: Error: The getter 'AppSpacing' isn't defined for the type '_HomeScreenState'.
 - '_HomeScreenState' is from 'package:offramp/features/dashboard/screens/home_screen.dart' ('lib/features/dashboard/screens/home_screen.dart').
Try correcting the name to the name of an existing getter, or defining a getter or field named 'AppSpacing'.
                  SizedBox(width: AppSpacing.sm),
                                  ^^^^^^^^^^
lib/features/dashboard/screens/home_screen.dart:312:28: Error: The getter 'AppText' isn't defined for the type '_HomeScreenState'.
 - '_HomeScreenState' is from 'package:offramp/features/dashboard/screens/home_screen.dart' ('lib/features/dashboard/screens/home_screen.dart').
Try correcting the name to the name of an existing getter, or defining a getter or field named 'AppText'.
                    style: AppText.title.copyWith(fontSize: 16),
                           ^^^^^^^
lib/features/dashboard/screens/home_screen.dart:318:31: Error: The getter 'AppSpacing' isn't defined for the type '_HomeScreenState'.
 - '_HomeScreenState' is from 'package:offramp/features/dashboard/screens/home_screen.dart' ('lib/features/dashboard/screens/home_screen.dart').
Try correcting the name to the name of an existing getter, or defining a getter or field named 'AppSpacing'.
                  horizontal: AppSpacing.sm,
                              ^^^^^^^^^^
lib/features/dashboard/screens/home_screen.dart:322:26: Error: The getter 'AppColors' isn't defined for the type '_HomeScreenState'.
 - '_HomeScreenState' is from 'package:offramp/features/dashboard/screens/home_screen.dart' ('lib/features/dashboard/screens/home_screen.dart').
Try correcting the name to the name of an existing getter, or defining a getter or field named 'AppColors'.
                  color: AppColors.warmCoral.withOpacity(0.2),
                         ^^^^^^^^^
lib/features/dashboard/screens/home_screen.dart:327:26: Error: The getter 'AppText' isn't defined for the type '_HomeScreenState'.
 - '_HomeScreenState' is from 'package:offramp/features/dashboard/screens/home_screen.dart' ('lib/features/dashboard/screens/home_screen.dart').
Try correcting the name to the name of an existing getter, or defining a getter or field named 'AppText'.
                  style: AppText.caption.copyWith(color: AppColors.warmCoral),
                         ^^^^^^^
lib/features/dashboard/screens/home_screen.dart:327:58: Error: The getter 'AppColors' isn't defined for the type '_HomeScreenState'.
 - '_HomeScreenState' is from 'package:offramp/features/dashboard/screens/home_screen.dart' ('lib/features/dashboard/screens/home_screen.dart').
Try correcting the name to the name of an existing getter, or defining a getter or field named 'AppColors'.
                  style: AppText.caption.copyWith(color: AppColors.warmCoral),
                                                         ^^^^^^^^^
lib/features/dashboard/screens/home_screen.dart:333:28: Error: The getter 'AppSpacing' isn't defined for the type '_HomeScreenState'.
 - '_HomeScreenState' is from 'package:offramp/features/dashboard/screens/home_screen.dart' ('lib/features/dashboard/screens/home_screen.dart').
Try correcting the name to the name of an existing getter, or defining a getter or field named 'AppSpacing'.
          SizedBox(height: AppSpacing.md),
                           ^^^^^^^^^^
lib/features/dashboard/screens/home_screen.dart:337:20: Error: The getter 'AppText' isn't defined for the type '_HomeScreenState'.
 - '_HomeScreenState' is from 'package:offramp/features/dashboard/screens/home_screen.dart' ('lib/features/dashboard/screens/home_screen.dart').
Try correcting the name to the name of an existing getter, or defining a getter or field named 'AppText'.
            style: AppText.body,
                   ^^^^^^^
lib/features/dashboard/screens/home_screen.dart:342:28: Error: The getter 'AppSpacing' isn't defined for the type '_HomeScreenState'.
 - '_HomeScreenState' is from 'package:offramp/features/dashboard/screens/home_screen.dart' ('lib/features/dashboard/screens/home_screen.dart').
Try correcting the name to the name of an existing getter, or defining a getter or field named 'AppSpacing'.
          SizedBox(height: AppSpacing.md),
                           ^^^^^^^^^^
lib/features/dashboard/screens/home_screen.dart:346:25: Error: The getter 'AppInputDecoration' isn't defined for the type '_HomeScreenState'.
 - '_HomeScreenState' is from 'package:offramp/features/dashboard/screens/home_screen.dart' ('lib/features/dashboard/screens/home_screen.dart').
Try correcting the name to the name of an existing getter, or defining a getter or field named 'AppInputDecoration'.
            decoration: AppInputDecoration.textField(
                        ^^^^^^^^^^^^^^^^^^
lib/features/dashboard/screens/home_screen.dart:350:20: Error: The getter 'AppText' isn't defined for the type '_HomeScreenState'.
 - '_HomeScreenState' is from 'package:offramp/features/dashboard/screens/home_screen.dart' ('lib/features/dashboard/screens/home_screen.dart').
Try correcting the name to the name of an existing getter, or defining a getter or field named 'AppText'.
            style: AppText.body.copyWith(color: AppColors.creamWhite),
                   ^^^^^^^
lib/features/dashboard/screens/home_screen.dart:350:49: Error: The getter 'AppColors' isn't defined for the type '_HomeScreenState'.
 - '_HomeScreenState' is from 'package:offramp/features/dashboard/screens/home_screen.dart' ('lib/features/dashboard/screens/home_screen.dart').
Try correcting the name to the name of an existing getter, or defining a getter or field named 'AppColors'.
            style: AppText.body.copyWith(color: AppColors.creamWhite),
                                                ^^^^^^^^^
lib/features/dashboard/screens/home_screen.dart:356:28: Error: The getter 'AppSpacing' isn't defined for the type '_HomeScreenState'.
 - '_HomeScreenState' is from 'package:offramp/features/dashboard/screens/home_screen.dart' ('lib/features/dashboard/screens/home_screen.dart').
Try correcting the name to the name of an existing getter, or defining a getter or field named 'AppSpacing'.
          SizedBox(height: AppSpacing.md),
                           ^^^^^^^^^^
lib/features/dashboard/screens/home_screen.dart:362:22: Error: The getter 'AppButtons' isn't defined for the type '_HomeScreenState'.
 - '_HomeScreenState' is from 'package:offramp/features/dashboard/screens/home_screen.dart' ('lib/features/dashboard/screens/home_screen.dart').
Try correcting the name to the name of an existing getter, or defining a getter or field named 'AppButtons'.
              style: AppButtons.smallPrimary,
                     ^^^^^^^^^^
lib/features/dashboard/screens/home_screen.dart:398:26: Error: Not a constant expression.
                  color: AppColors.textMuted,
                         ^^^^^^^^^
lib/features/dashboard/screens/home_screen.dart:376:19: Error: The getter 'AppDecorations' isn't defined for the type '_HomeScreenState'.
 - '_HomeScreenState' is from 'package:offramp/features/dashboard/screens/home_screen.dart' ('lib/features/dashboard/screens/home_screen.dart').
Try correcting the name to the name of an existing getter, or defining a getter or field named 'AppDecorations'.
      decoration: AppDecorations.card,
                  ^^^^^^^^^^^^^^
lib/features/dashboard/screens/home_screen.dart:377:31: Error: The getter 'AppSpacing' isn't defined for the type '_HomeScreenState'.
 - '_HomeScreenState' is from 'package:offramp/features/dashboard/screens/home_screen.dart' ('lib/features/dashboard/screens/home_screen.dart').
Try correcting the name to the name of an existing getter, or defining a getter or field named 'AppSpacing'.
      padding: EdgeInsets.all(AppSpacing.lg),
                              ^^^^^^^^^^
lib/features/dashboard/screens/home_screen.dart:387:35: Error: The getter 'AppSpacing' isn't defined for the type '_HomeScreenState'.
 - '_HomeScreenState' is from 'package:offramp/features/dashboard/screens/home_screen.dart' ('lib/features/dashboard/screens/home_screen.dart').
Try correcting the name to the name of an existing getter, or defining a getter or field named 'AppSpacing'.
                  SizedBox(width: AppSpacing.sm),
                                  ^^^^^^^^^^
lib/features/dashboard/screens/home_screen.dart:390:28: Error: The getter 'AppText' isn't defined for the type '_HomeScreenState'.
 - '_HomeScreenState' is from 'package:offramp/features/dashboard/screens/home_screen.dart' ('lib/features/dashboard/screens/home_screen.dart').
Try correcting the name to the name of an existing getter, or defining a getter or field named 'AppText'.
                    style: AppText.title.copyWith(fontSize: 16),
                           ^^^^^^^
lib/features/dashboard/screens/home_screen.dart:405:28: Error: The getter 'AppSpacing' isn't defined for the type '_HomeScreenState'.
 - '_HomeScreenState' is from 'package:offramp/features/dashboard/screens/home_screen.dart' ('lib/features/dashboard/screens/home_screen.dart').
Try correcting the name to the name of an existing getter, or defining a getter or field named 'AppSpacing'.
          SizedBox(height: AppSpacing.md),
                           ^^^^^^^^^^
lib/features/dashboard/screens/home_screen.dart:410:22: Error: The getter 'AppText' isn't defined for the type '_HomeScreenState'.
 - '_HomeScreenState' is from 'package:offramp/features/dashboard/screens/home_screen.dart' ('lib/features/dashboard/screens/home_screen.dart').
Try correcting the name to the name of an existing getter, or defining a getter or field named 'AppText'.
              style: AppText.bodyMedium.copyWith(color: AppColors.softSage),
                     ^^^^^^^
lib/features/dashboard/screens/home_screen.dart:410:57: Error: The getter 'AppColors' isn't defined for the type '_HomeScreenState'.
 - '_HomeScreenState' is from 'package:offramp/features/dashboard/screens/home_screen.dart' ('lib/features/dashboard/screens/home_screen.dart').
Try correcting the name to the name of an existing getter, or defining a getter or field named 'AppColors'.
              style: AppText.bodyMedium.copyWith(color: AppColors.softSage),
                                                        ^^^^^^^^^
lib/features/dashboard/screens/home_screen.dart:412:30: Error: The getter 'AppSpacing' isn't defined for the type '_HomeScreenState'.
 - '_HomeScreenState' is from 'package:offramp/features/dashboard/screens/home_screen.dart' ('lib/features/dashboard/screens/home_screen.dart').
Try correcting the name to the name of an existing getter, or defining a getter or field named 'AppSpacing'.
            SizedBox(height: AppSpacing.xs),
                             ^^^^^^^^^^
lib/features/dashboard/screens/home_screen.dart:415:22: Error: The getter 'AppText' isn't defined for the type '_HomeScreenState'.
 - '_HomeScreenState' is from 'package:offramp/features/dashboard/screens/home_screen.dart' ('lib/features/dashboard/screens/home_screen.dart').
Try correcting the name to the name of an existing getter, or defining a getter or field named 'AppText'.
              style: AppText.body,
                     ^^^^^^^
lib/features/dashboard/screens/home_screen.dart:419:22: Error: The getter 'AppText' isn't defined for the type '_HomeScreenState'.
 - '_HomeScreenState' is from 'package:offramp/features/dashboard/screens/home_screen.dart' ('lib/features/dashboard/screens/home_screen.dart').
Try correcting the name to the name of an existing getter, or defining a getter or field named 'AppText'.
              style: AppText.caption,
                     ^^^^^^^
lib/features/dashboard/screens/home_screen.dart:424:22: Error: The getter 'AppText' isn't defined for the type '_HomeScreenState'.
 - '_HomeScreenState' is from 'package:offramp/features/dashboard/screens/home_screen.dart' ('lib/features/dashboard/screens/home_screen.dart').
Try correcting the name to the name of an existing getter, or defining a getter or field named 'AppText'.
              style: AppText.body.copyWith(color: AppColors.textMuted),
                     ^^^^^^^
lib/features/dashboard/screens/home_screen.dart:424:51: Error: The getter 'AppColors' isn't defined for the type '_HomeScreenState'.
 - '_HomeScreenState' is from 'package:offramp/features/dashboard/screens/home_screen.dart' ('lib/features/dashboard/screens/home_screen.dart').
Try correcting the name to the name of an existing getter, or defining a getter or field named 'AppColors'.
              style: AppText.body.copyWith(color: AppColors.textMuted),
                                                  ^^^^^^^^^
lib/features/dashboard/screens/home_screen.dart:426:30: Error: The getter 'AppSpacing' isn't defined for the type '_HomeScreenState'.
 - '_HomeScreenState' is from 'package:offramp/features/dashboard/screens/home_screen.dart' ('lib/features/dashboard/screens/home_screen.dart').
Try correcting the name to the name of an existing getter, or defining a getter or field named 'AppSpacing'.
            SizedBox(height: AppSpacing.sm),
                             ^^^^^^^^^^
lib/features/dashboard/screens/home_screen.dart:431:24: Error: The getter 'AppText' isn't defined for the type '_HomeScreenState'.
 - '_HomeScreenState' is from 'package:offramp/features/dashboard/screens/home_screen.dart' ('lib/features/dashboard/screens/home_screen.dart').
Try correcting the name to the name of an existing getter, or defining a getter or field named 'AppText'.
                style: AppText.bodyMedium.copyWith(color: AppColors.softSage),
                       ^^^^^^^
lib/features/dashboard/screens/home_screen.dart:431:59: Error: The getter 'AppColors' isn't defined for the type '_HomeScreenState'.
 - '_HomeScreenState' is from 'package:offramp/features/dashboard/screens/home_screen.dart' ('lib/features/dashboard/screens/home_screen.dart').
Try correcting the name to the name of an existing getter, or defining a getter or field named 'AppColors'.
                style: AppText.bodyMedium.copyWith(color: AppColors.softSage),
                                                          ^^^^^^^^^
lib/features/dashboard/screens/home_screen.dart:464:26: Error: Not a constant expression.
                  color: AppColors.textMuted,
                         ^^^^^^^^^
lib/features/dashboard/screens/home_screen.dart:442:19: Error: The getter 'AppDecorations' isn't defined for the type '_HomeScreenState'.
 - '_HomeScreenState' is from 'package:offramp/features/dashboard/screens/home_screen.dart' ('lib/features/dashboard/screens/home_screen.dart').
Try correcting the name to the name of an existing getter, or defining a getter or field named 'AppDecorations'.
      decoration: AppDecorations.card,
                  ^^^^^^^^^^^^^^
lib/features/dashboard/screens/home_screen.dart:443:31: Error: The getter 'AppSpacing' isn't defined for the type '_HomeScreenState'.
 - '_HomeScreenState' is from 'package:offramp/features/dashboard/screens/home_screen.dart' ('lib/features/dashboard/screens/home_screen.dart').
Try correcting the name to the name of an existing getter, or defining a getter or field named 'AppSpacing'.
      padding: EdgeInsets.all(AppSpacing.lg),
                              ^^^^^^^^^^
lib/features/dashboard/screens/home_screen.dart:453:35: Error: The getter 'AppSpacing' isn't defined for the type '_HomeScreenState'.
 - '_HomeScreenState' is from 'package:offramp/features/dashboard/screens/home_screen.dart' ('lib/features/dashboard/screens/home_screen.dart').
Try correcting the name to the name of an existing getter, or defining a getter or field named 'AppSpacing'.
                  SizedBox(width: AppSpacing.sm),
                                  ^^^^^^^^^^
lib/features/dashboard/screens/home_screen.dart:456:28: Error: The getter 'AppText' isn't defined for the type '_HomeScreenState'.
 - '_HomeScreenState' is from 'package:offramp/features/dashboard/screens/home_screen.dart' ('lib/features/dashboard/screens/home_screen.dart').
Try correcting the name to the name of an existing getter, or defining a getter or field named 'AppText'.
                    style: AppText.title.copyWith(fontSize: 16),
                           ^^^^^^^
lib/features/dashboard/screens/home_screen.dart:471:28: Error: The getter 'AppSpacing' isn't defined for the type '_HomeScreenState'.
 - '_HomeScreenState' is from 'package:offramp/features/dashboard/screens/home_screen.dart' ('lib/features/dashboard/screens/home_screen.dart').
Try correcting the name to the name of an existing getter, or defining a getter or field named 'AppSpacing'.
          SizedBox(height: AppSpacing.md),
                           ^^^^^^^^^^
lib/features/dashboard/screens/home_screen.dart:481:30: Error: The getter 'AppText' isn't defined for the type '_HomeScreenState'.
 - '_HomeScreenState' is from 'package:offramp/features/dashboard/screens/home_screen.dart' ('lib/features/dashboard/screens/home_screen.dart').
Try correcting the name to the name of an existing getter, or defining a getter or field named 'AppText'.
                      style: AppText.caption,
                             ^^^^^^^
lib/features/dashboard/screens/home_screen.dart:485:30: Error: The getter 'AppText' isn't defined for the type '_HomeScreenState'.
 - '_HomeScreenState' is from 'package:offramp/features/dashboard/screens/home_screen.dart' ('lib/features/dashboard/screens/home_screen.dart').
Try correcting the name to the name of an existing getter, or defining a getter or field named 'AppText'.
                      style: AppText.bodyMedium,
                             ^^^^^^^
lib/features/dashboard/screens/home_screen.dart:493:24: Error: The getter 'AppColors' isn't defined for the type '_HomeScreenState'.
 - '_HomeScreenState' is from 'package:offramp/features/dashboard/screens/home_screen.dart' ('lib/features/dashboard/screens/home_screen.dart').
Try correcting the name to the name of an existing getter, or defining a getter or field named 'AppColors'.
                color: AppColors.mutedGray.withOpacity(0.3),
                       ^^^^^^^^^
lib/features/dashboard/screens/home_screen.dart:500:54: Error: The getter 'AppSpacing' isn't defined for the type '_HomeScreenState'.
 - '_HomeScreenState' is from 'package:offramp/features/dashboard/screens/home_screen.dart' ('lib/features/dashboard/screens/home_screen.dart').
Try correcting the name to the name of an existing getter, or defining a getter or field named 'AppSpacing'.
                      padding: EdgeInsets.only(left: AppSpacing.md),
                                                     ^^^^^^^^^^
lib/features/dashboard/screens/home_screen.dart:503:32: Error: The getter 'AppText' isn't defined for the type '_HomeScreenState'.
 - '_HomeScreenState' is from 'package:offramp/features/dashboard/screens/home_screen.dart' ('lib/features/dashboard/screens/home_screen.dart').
Try correcting the name to the name of an existing getter, or defining a getter or field named 'AppText'.
                        style: AppText.caption,
                               ^^^^^^^
lib/features/dashboard/screens/home_screen.dart:507:54: Error: The getter 'AppSpacing' isn't defined for the type '_HomeScreenState'.
 - '_HomeScreenState' is from 'package:offramp/features/dashboard/screens/home_screen.dart' ('lib/features/dashboard/screens/home_screen.dart').
Try correcting the name to the name of an existing getter, or defining a getter or field named 'AppSpacing'.
                      padding: EdgeInsets.only(left: AppSpacing.md),
                                                     ^^^^^^^^^^
lib/features/dashboard/screens/home_screen.dart:510:32: Error: The getter 'AppText' isn't defined for the type '_HomeScreenState'.
 - '_HomeScreenState' is from 'package:offramp/features/dashboard/screens/home_screen.dart' ('lib/features/dashboard/screens/home_screen.dart').
Try correcting the name to the name of an existing getter, or defining a getter or field named 'AppText'.
                        style: AppText.bodyMedium.copyWith(
                               ^^^^^^^
lib/features/dashboard/screens/home_screen.dart:511:34: Error: The getter 'AppColors' isn't defined for the type '_HomeScreenState'.
 - '_HomeScreenState' is from 'package:offramp/features/dashboard/screens/home_screen.dart' ('lib/features/dashboard/screens/home_screen.dart').
Try correcting the name to the name of an existing getter, or defining a getter or field named 'AppColors'.
                          color: AppColors.textMuted,
                                 ^^^^^^^^^
lib/features/dashboard/screens/home_screen.dart:576:26: Error: Not a constant expression.
                  color: AppColors.textMuted,
                         ^^^^^^^^^
lib/features/dashboard/screens/home_screen.dart:530:13: Error: The getter 'AppColors' isn't defined for the type '_HomeScreenState'.
 - '_HomeScreenState' is from 'package:offramp/features/dashboard/screens/home_screen.dart' ('lib/features/dashboard/screens/home_screen.dart').
Try correcting the name to the name of an existing getter, or defining a getter or field named 'AppColors'.
            AppColors.mutedLavender.withOpacity(0.3),
            ^^^^^^^^^
lib/features/dashboard/screens/home_screen.dart:531:13: Error: The getter 'AppColors' isn't defined for the type '_HomeScreenState'.
 - '_HomeScreenState' is from 'package:offramp/features/dashboard/screens/home_screen.dart' ('lib/features/dashboard/screens/home_screen.dart').
Try correcting the name to the name of an existing getter, or defining a getter or field named 'AppColors'.
            AppColors.softSage.withOpacity(0.3),
            ^^^^^^^^^
lib/features/dashboard/screens/home_screen.dart:544:37: Error: The getter 'AppSpacing' isn't defined for the type '_HomeScreenState'.
 - '_HomeScreenState' is from 'package:offramp/features/dashboard/screens/home_screen.dart' ('lib/features/dashboard/screens/home_screen.dart').
Try correcting the name to the name of an existing getter, or defining a getter or field named 'AppSpacing'.
            padding: EdgeInsets.all(AppSpacing.lg),
                                    ^^^^^^^^^^
lib/features/dashboard/screens/home_screen.dart:551:28: Error: The getter 'AppColors' isn't defined for the type '_HomeScreenState'.
 - '_HomeScreenState' is from 'package:offramp/features/dashboard/screens/home_screen.dart' ('lib/features/dashboard/screens/home_screen.dart').
Try correcting the name to the name of an existing getter, or defining a getter or field named 'AppColors'.
                    color: AppColors.mutedLavender.withOpacity(0.3),
                           ^^^^^^^^^
lib/features/dashboard/screens/home_screen.dart:558:33: Error: The getter 'AppSpacing' isn't defined for the type '_HomeScreenState'.
 - '_HomeScreenState' is from 'package:offramp/features/dashboard/screens/home_screen.dart' ('lib/features/dashboard/screens/home_screen.dart').
Try correcting the name to the name of an existing getter, or defining a getter or field named 'AppSpacing'.
                SizedBox(width: AppSpacing.md),
                                ^^^^^^^^^^
lib/features/dashboard/screens/home_screen.dart:565:32: Error: The getter 'AppText' isn't defined for the type '_HomeScreenState'.
 - '_HomeScreenState' is from 'package:offramp/features/dashboard/screens/home_screen.dart' ('lib/features/dashboard/screens/home_screen.dart').
Try correcting the name to the name of an existing getter, or defining a getter or field named 'AppText'.
                        style: AppText.bodyMedium,
                               ^^^^^^^
lib/features/dashboard/screens/home_screen.dart:569:32: Error: The getter 'AppText' isn't defined for the type '_HomeScreenState'.
 - '_HomeScreenState' is from 'package:offramp/features/dashboard/screens/home_screen.dart' ('lib/features/dashboard/screens/home_screen.dart').
Try correcting the name to the name of an existing getter, or defining a getter or field named 'AppText'.
                        style: AppText.caption,
                               ^^^^^^^
lib/features/dashboard/screens/home_screen.dart:594:19: Error: The getter 'AppDecorations' isn't defined for the type '_HomeScreenState'.
 - '_HomeScreenState' is from 'package:offramp/features/dashboard/screens/home_screen.dart' ('lib/features/dashboard/screens/home_screen.dart').
Try correcting the name to the name of an existing getter, or defining a getter or field named 'AppDecorations'.
      decoration: AppDecorations.card,
                  ^^^^^^^^^^^^^^
lib/features/dashboard/screens/home_screen.dart:595:31: Error: The getter 'AppSpacing' isn't defined for the type '_HomeScreenState'.
 - '_HomeScreenState' is from 'package:offramp/features/dashboard/screens/home_screen.dart' ('lib/features/dashboard/screens/home_screen.dart').
Try correcting the name to the name of an existing getter, or defining a getter or field named 'AppSpacing'.
      padding: EdgeInsets.all(AppSpacing.lg),
                              ^^^^^^^^^^
lib/features/dashboard/screens/home_screen.dart:602:22: Error: The getter 'AppColors' isn't defined for the type '_HomeScreenState'.
 - '_HomeScreenState' is from 'package:offramp/features/dashboard/screens/home_screen.dart' ('lib/features/dashboard/screens/home_screen.dart').
Try correcting the name to the name of an existing getter, or defining a getter or field named 'AppColors'.
              color: AppColors.softSage.withOpacity(0.2),
                     ^^^^^^^^^
lib/features/dashboard/screens/home_screen.dart:607:22: Error: The getter 'AppColors' isn't defined for the type '_HomeScreenState'.
 - '_HomeScreenState' is from 'package:offramp/features/dashboard/screens/home_screen.dart' ('lib/features/dashboard/screens/home_screen.dart').
Try correcting the name to the name of an existing getter, or defining a getter or field named 'AppColors'.
              color: AppColors.softSage,
                     ^^^^^^^^^
lib/features/dashboard/screens/home_screen.dart:610:27: Error: The getter 'AppSpacing' isn't defined for the type '_HomeScreenState'.
 - '_HomeScreenState' is from 'package:offramp/features/dashboard/screens/home_screen.dart' ('lib/features/dashboard/screens/home_screen.dart').
Try correcting the name to the name of an existing getter, or defining a getter or field named 'AppSpacing'.
          SizedBox(width: AppSpacing.md),
                          ^^^^^^^^^^
lib/features/dashboard/screens/home_screen.dart:615:36: Error: The getter 'AppText' isn't defined for the type '_HomeScreenState'.
 - '_HomeScreenState' is from 'package:offramp/features/dashboard/screens/home_screen.dart' ('lib/features/dashboard/screens/home_screen.dart').
Try correcting the name to the name of an existing getter, or defining a getter or field named 'AppText'.
                Text(title, style: AppText.bodyMedium),
                                   ^^^^^^^
lib/features/dashboard/screens/home_screen.dart:616:39: Error: The getter 'AppText' isn't defined for the type '_HomeScreenState'.
 - '_HomeScreenState' is from 'package:offramp/features/dashboard/screens/home_screen.dart' ('lib/features/dashboard/screens/home_screen.dart').
Try correcting the name to the name of an existing getter, or defining a getter or field named 'AppText'.
                Text(subtitle, style: AppText.caption),
                                      ^^^^^^^
lib/features/dashboard/screens/home_screen.dart:622:20: Error: The getter 'AppButtons' isn't defined for the type '_HomeScreenState'.
 - '_HomeScreenState' is from 'package:offramp/features/dashboard/screens/home_screen.dart' ('lib/features/dashboard/screens/home_screen.dart').
Try correcting the name to the name of an existing getter, or defining a getter or field named 'AppButtons'.
            style: AppButtons.smallPrimary,
                   ^^^^^^^^^^
lib/features/dashboard/screens/home_screen.dart:634:33: Error: Not a constant expression.
        style: TextStyle(color: AppColors.creamWhite),
                                ^^^^^^^^^
lib/features/dashboard/screens/home_screen.dart:643:33: Error: Not a constant expression.
        style: TextStyle(color: AppColors.creamWhite),
                                ^^^^^^^^^
lib/features/dashboard/screens/home_screen.dart:651:16: Error: The getter 'AppColors' isn't defined for the type '_HomeScreenState'.
 - '_HomeScreenState' is from 'package:offramp/features/dashboard/screens/home_screen.dart' ('lib/features/dashboard/screens/home_screen.dart').
Try correcting the name to the name of an existing getter, or defining a getter or field named 'AppColors'.
        color: AppColors.charcoal,
               ^^^^^^^^^
lib/features/dashboard/screens/home_screen.dart:654:20: Error: The getter 'AppColors' isn't defined for the type '_HomeScreenState'.
 - '_HomeScreenState' is from 'package:offramp/features/dashboard/screens/home_screen.dart' ('lib/features/dashboard/screens/home_screen.dart').
Try correcting the name to the name of an existing getter, or defining a getter or field named 'AppColors'.
            color: AppColors.mutedGray.withOpacity(0.2),
                   ^^^^^^^^^
lib/features/dashboard/screens/home_screen.dart:661:51: Error: The getter 'AppSpacing' isn't defined for the type '_HomeScreenState'.
 - '_HomeScreenState' is from 'package:offramp/features/dashboard/screens/home_screen.dart' ('lib/features/dashboard/screens/home_screen.dart').
Try correcting the name to the name of an existing getter, or defining a getter or field named 'AppSpacing'.
          padding: EdgeInsets.symmetric(vertical: AppSpacing.sm),
                                                  ^^^^^^^^^^
lib/features/dashboard/screens/home_screen.dart:684:31: Error: The getter 'AppColors' isn't defined for the type '_HomeScreenState'.
 - '_HomeScreenState' is from 'package:offramp/features/dashboard/screens/home_screen.dart' ('lib/features/dashboard/screens/home_screen.dart').
Try correcting the name to the name of an existing getter, or defining a getter or field named 'AppColors'.
            color: isActive ? AppColors.softSage : AppColors.textMuted,
                              ^^^^^^^^^
lib/features/dashboard/screens/home_screen.dart:684:52: Error: The getter 'AppColors' isn't defined for the type '_HomeScreenState'.
 - '_HomeScreenState' is from 'package:offramp/features/dashboard/screens/home_screen.dart' ('lib/features/dashboard/screens/home_screen.dart').
Try correcting the name to the name of an existing getter, or defining a getter or field named 'AppColors'.
            color: isActive ? AppColors.softSage : AppColors.textMuted,
                                                   ^^^^^^^^^
lib/features/dashboard/screens/home_screen.dart:690:20: Error: The getter 'AppText' isn't defined for the type '_HomeScreenState'.
 - '_HomeScreenState' is from 'package:offramp/features/dashboard/screens/home_screen.dart' ('lib/features/dashboard/screens/home_screen.dart').
Try correcting the name to the name of an existing getter, or defining a getter or field named 'AppText'.
            style: AppText.caption.copyWith(
                   ^^^^^^^
lib/features/dashboard/screens/home_screen.dart:691:33: Error: The getter 'AppColors' isn't defined for the type '_HomeScreenState'.
 - '_HomeScreenState' is from 'package:offramp/features/dashboard/screens/home_screen.dart' ('lib/features/dashboard/screens/home_screen.dart').
Try correcting the name to the name of an existing getter, or defining a getter or field named 'AppColors'.
              color: isActive ? AppColors.softSage : AppColors.textMuted,
                                ^^^^^^^^^
lib/features/dashboard/screens/home_screen.dart:691:54: Error: The getter 'AppColors' isn't defined for the type '_HomeScreenState'.
 - '_HomeScreenState' is from 'package:offramp/features/dashboard/screens/home_screen.dart' ('lib/features/dashboard/screens/home_screen.dart').
Try correcting the name to the name of an existing getter, or defining a getter or field named 'AppColors'.
              color: isActive ? AppColors.softSage : AppColors.textMuted,
                                                     ^^^^^^^^^
lib/features/stats/screens/stats_screen.dart:27:8: Error: 'UserStats' isn't a type.
  List<UserStats> _weeklyStats = [];
       ^^^^^^^^^
lib/features/stats/screens/stats_screen.dart:38:20: Error: The method 'HiveService' isn't defined for the type '_StatsScreenState'.
 - '_StatsScreenState' is from 'package:offramp/features/stats/screens/stats_screen.dart' ('lib/features/stats/screens/stats_screen.dart').
Try correcting the name to the name of an existing method, or defining a method named 'HiveService'.
    _weeklyStats = HiveService().getWeeklyStats();
                   ^^^^^^^^^^^
lib/features/stats/screens/stats_screen.dart:43:53: Error: The getter 'urgesResisted' isn't defined for the type 'Object?'.
 - 'Object' is from 'dart:core'.
Try correcting the name to the name of an existing getter, or defining a getter or field named 'urgesResisted'.
    return _weeklyStats.fold(0, (sum, s) => sum + s.urgesResisted);
                                                    ^^^^^^^^^^^^^
lib/features/stats/screens/stats_screen.dart:43:49: Error: A value of type 'num' can't be returned from a function with return type 'int'.
    return _weeklyStats.fold(0, (sum, s) => sum + s.urgesResisted);
                                                ^
lib/features/stats/screens/stats_screen.dart:47:53: Error: The getter 'urgesTotal' isn't defined for the type 'Object?'.
 - 'Object' is from 'dart:core'.
Try correcting the name to the name of an existing getter, or defining a getter or field named 'urgesTotal'.
    return _weeklyStats.fold(0, (sum, s) => sum + s.urgesTotal);
                                                    ^^^^^^^^^^
lib/features/stats/screens/stats_screen.dart:47:49: Error: A value of type 'num' can't be returned from a function with return type 'int'.
    return _weeklyStats.fold(0, (sum, s) => sum + s.urgesTotal);
                                                ^
lib/features/stats/screens/stats_screen.dart:55:53: Error: The getter 'winTasksCompleted' isn't defined for the type 'Object?'.
 - 'Object' is from 'dart:core'.
Try correcting the name to the name of an existing getter, or defining a getter or field named 'winTasksCompleted'.
    return _weeklyStats.fold(0, (sum, s) => sum + s.winTasksCompleted);
                                                    ^^^^^^^^^^^^^^^^^
lib/features/stats/screens/stats_screen.dart:55:49: Error: A value of type 'num' can't be returned from a function with return type 'int'.
    return _weeklyStats.fold(0, (sum, s) => sum + s.winTasksCompleted);
                                                ^
lib/features/stats/screens/stats_screen.dart:59:53: Error: The getter 'humanConnections' isn't defined for the type 'Object?'.
 - 'Object' is from 'dart:core'.
Try correcting the name to the name of an existing getter, or defining a getter or field named 'humanConnections'.
    return _weeklyStats.fold(0, (sum, s) => sum + s.humanConnections);
                                                    ^^^^^^^^^^^^^^^^
lib/features/stats/screens/stats_screen.dart:59:49: Error: A value of type 'num' can't be returned from a function with return type 'int'.
    return _weeklyStats.fold(0, (sum, s) => sum + s.humanConnections);
                                                ^
lib/features/stats/screens/stats_screen.dart:63:53: Error: The getter 'sleepModeActivations' isn't defined for the type 'Object?'.
 - 'Object' is from 'dart:core'.
Try correcting the name to the name of an existing getter, or defining a getter or field named 'sleepModeActivations'.
    return _weeklyStats.fold(0, (sum, s) => sum + s.sleepModeActivations);
                                                    ^^^^^^^^^^^^^^^^^^^^
lib/features/stats/screens/stats_screen.dart:63:49: Error: A value of type 'num' can't be returned from a function with return type 'int'.
    return _weeklyStats.fold(0, (sum, s) => sum + s.sleepModeActivations);
                                                ^
lib/features/stats/screens/stats_screen.dart:68:29: Error: The getter 'MascotState' isn't defined for the type '_StatsScreenState'.
 - '_StatsScreenState' is from 'package:offramp/features/stats/screens/stats_screen.dart' ('lib/features/stats/screens/stats_screen.dart').
Try correcting the name to the name of an existing getter, or defining a getter or field named 'MascotState'.
    if (rate >= 0.8) return MascotState.celebrate;
                            ^^^^^^^^^^^
lib/features/stats/screens/stats_screen.dart:69:29: Error: The getter 'MascotState' isn't defined for the type '_StatsScreenState'.
 - '_StatsScreenState' is from 'package:offramp/features/stats/screens/stats_screen.dart' ('lib/features/stats/screens/stats_screen.dart').
Try correcting the name to the name of an existing getter, or defining a getter or field named 'MascotState'.
    if (rate >= 0.5) return MascotState.wave;
                            ^^^^^^^^^^^
lib/features/stats/screens/stats_screen.dart:70:29: Error: The getter 'MascotState' isn't defined for the type '_StatsScreenState'.
 - '_StatsScreenState' is from 'package:offramp/features/stats/screens/stats_screen.dart' ('lib/features/stats/screens/stats_screen.dart').
Try correcting the name to the name of an existing getter, or defining a getter or field named 'MascotState'.
    if (rate >= 0.3) return MascotState.think;
                            ^^^^^^^^^^^
lib/features/stats/screens/stats_screen.dart:71:12: Error: The getter 'MascotState' isn't defined for the type '_StatsScreenState'.
 - '_StatsScreenState' is from 'package:offramp/features/stats/screens/stats_screen.dart' ('lib/features/stats/screens/stats_screen.dart').
Try correcting the name to the name of an existing getter, or defining a getter or field named 'MascotState'.
    return MascotState.idle;
           ^^^^^^^^^^^
lib/features/stats/screens/stats_screen.dart:76:20: Error: The method 'HiveService' isn't defined for the type '_StatsScreenState'.
 - '_StatsScreenState' is from 'package:offramp/features/stats/screens/stats_screen.dart' ('lib/features/stats/screens/stats_screen.dart').
Try correcting the name to the name of an existing method, or defining a method named 'HiveService'.
      final data = HiveService().exportAllData();
                   ^^^^^^^^^^^
lib/features/stats/screens/stats_screen.dart:93:22: Error: The getter 'AppText' isn't defined for the type '_StatsScreenState'.
 - '_StatsScreenState' is from 'package:offramp/features/stats/screens/stats_screen.dart' ('lib/features/stats/screens/stats_screen.dart').
Try correcting the name to the name of an existing getter, or defining a getter or field named 'AppText'.
              style: AppText.bodyMedium.copyWith(color: AppColors.creamWhite),
                     ^^^^^^^
lib/features/stats/screens/stats_screen.dart:93:57: Error: The getter 'AppColors' isn't defined for the type '_StatsScreenState'.
 - '_StatsScreenState' is from 'package:offramp/features/stats/screens/stats_screen.dart' ('lib/features/stats/screens/stats_screen.dart').
Try correcting the name to the name of an existing getter, or defining a getter or field named 'AppColors'.
              style: AppText.bodyMedium.copyWith(color: AppColors.creamWhite),
                                                        ^^^^^^^^^
lib/features/stats/screens/stats_screen.dart:95:30: Error: The getter 'AppColors' isn't defined for the type '_StatsScreenState'.
 - '_StatsScreenState' is from 'package:offramp/features/stats/screens/stats_screen.dart' ('lib/features/stats/screens/stats_screen.dart').
Try correcting the name to the name of an existing getter, or defining a getter or field named 'AppColors'.
            backgroundColor: AppColors.warmCoral,
                             ^^^^^^^^^
lib/features/stats/screens/stats_screen.dart:161:36: Error: Not a constant expression.
                            color: AppColors.softSage,
                                   ^^^^^^^^^
lib/features/stats/screens/stats_screen.dart:105:24: Error: The getter 'AppColors' isn't defined for the type '_StatsScreenState'.
 - '_StatsScreenState' is from 'package:offramp/features/stats/screens/stats_screen.dart' ('lib/features/stats/screens/stats_screen.dart').
Try correcting the name to the name of an existing getter, or defining a getter or field named 'AppColors'.
      backgroundColor: AppColors.deepNavy,
                       ^^^^^^^^^
lib/features/stats/screens/stats_screen.dart:109:18: Error: The getter 'AppColors' isn't defined for the type '_StatsScreenState'.
 - '_StatsScreenState' is from 'package:offramp/features/stats/screens/stats_screen.dart' ('lib/features/stats/screens/stats_screen.dart').
Try correcting the name to the name of an existing getter, or defining a getter or field named 'AppColors'.
          color: AppColors.softSage,
                 ^^^^^^^^^
lib/features/stats/screens/stats_screen.dart:110:28: Error: The getter 'AppColors' isn't defined for the type '_StatsScreenState'.
 - '_StatsScreenState' is from 'package:offramp/features/stats/screens/stats_screen.dart' ('lib/features/stats/screens/stats_screen.dart').
Try correcting the name to the name of an existing getter, or defining a getter or field named 'AppColors'.
          backgroundColor: AppColors.charcoal,
                           ^^^^^^^^^
lib/features/stats/screens/stats_screen.dart:112:22: Error: The getter 'AppSpacing' isn't defined for the type '_StatsScreenState'.
 - '_StatsScreenState' is from 'package:offramp/features/stats/screens/stats_screen.dart' ('lib/features/stats/screens/stats_screen.dart').
Try correcting the name to the name of an existing getter, or defining a getter or field named 'AppSpacing'.
            padding: AppSpacing.screenPadding,
                     ^^^^^^^^^^
lib/features/stats/screens/stats_screen.dart:114:53: Error: The getter 'AppSpacing' isn't defined for the type '_StatsScreenState'.
 - '_StatsScreenState' is from 'package:offramp/features/stats/screens/stats_screen.dart' ('lib/features/stats/screens/stats_screen.dart').
Try correcting the name to the name of an existing getter, or defining a getter or field named 'AppSpacing'.
              constraints: BoxConstraints(maxWidth: AppSpacing.cardMaxWidth),
                                                    ^^^^^^^^^^
lib/features/stats/screens/stats_screen.dart:121:28: Error: The getter 'AppText' isn't defined for the type '_StatsScreenState'.
 - '_StatsScreenState' is from 'package:offramp/features/stats/screens/stats_screen.dart' ('lib/features/stats/screens/stats_screen.dart').
Try correcting the name to the name of an existing getter, or defining a getter or field named 'AppText'.
                    style: AppText.display,
                           ^^^^^^^
lib/features/stats/screens/stats_screen.dart:124:36: Error: The getter 'AppSpacing' isn't defined for the type '_StatsScreenState'.
 - '_StatsScreenState' is from 'package:offramp/features/stats/screens/stats_screen.dart' ('lib/features/stats/screens/stats_screen.dart').
Try correcting the name to the name of an existing getter, or defining a getter or field named 'AppSpacing'.
                  SizedBox(height: AppSpacing.sm),
                                   ^^^^^^^^^^
lib/features/stats/screens/stats_screen.dart:130:28: Error: The getter 'AppText' isn't defined for the type '_StatsScreenState'.
 - '_StatsScreenState' is from 'package:offramp/features/stats/screens/stats_screen.dart' ('lib/features/stats/screens/stats_screen.dart').
Try correcting the name to the name of an existing getter, or defining a getter or field named 'AppText'.
                    style: AppText.caption,
                           ^^^^^^^
lib/features/stats/screens/stats_screen.dart:133:36: Error: The getter 'AppSpacing' isn't defined for the type '_StatsScreenState'.
 - '_StatsScreenState' is from 'package:offramp/features/stats/screens/stats_screen.dart' ('lib/features/stats/screens/stats_screen.dart').
Try correcting the name to the name of an existing getter, or defining a getter or field named 'AppSpacing'.
                  SizedBox(height: AppSpacing.xl),
                                   ^^^^^^^^^^
lib/features/stats/screens/stats_screen.dart:137:28: Error: The method 'MascotWidget' isn't defined for the type '_StatsScreenState'.
 - '_StatsScreenState' is from 'package:offramp/features/stats/screens/stats_screen.dart' ('lib/features/stats/screens/stats_screen.dart').
Try correcting the name to the name of an existing method, or defining a method named 'MascotWidget'.
                    child: MascotWidget(
                           ^^^^^^^^^^^^
lib/features/stats/screens/stats_screen.dart:143:36: Error: The getter 'AppSpacing' isn't defined for the type '_StatsScreenState'.
 - '_StatsScreenState' is from 'package:offramp/features/stats/screens/stats_screen.dart' ('lib/features/stats/screens/stats_screen.dart').
Try correcting the name to the name of an existing getter, or defining a getter or field named 'AppSpacing'.
                  SizedBox(height: AppSpacing.lg),
                                   ^^^^^^^^^^
lib/features/stats/screens/stats_screen.dart:148:36: Error: The getter 'AppSpacing' isn't defined for the type '_StatsScreenState'.
 - '_StatsScreenState' is from 'package:offramp/features/stats/screens/stats_screen.dart' ('lib/features/stats/screens/stats_screen.dart').
Try correcting the name to the name of an existing getter, or defining a getter or field named 'AppSpacing'.
                  SizedBox(height: AppSpacing.lg),
                                   ^^^^^^^^^^
lib/features/stats/screens/stats_screen.dart:153:28: Error: The getter 'AppText' isn't defined for the type '_StatsScreenState'.
 - '_StatsScreenState' is from 'package:offramp/features/stats/screens/stats_screen.dart' ('lib/features/stats/screens/stats_screen.dart').
Try correcting the name to the name of an existing getter, or defining a getter or field named 'AppText'.
                    style: AppText.title.copyWith(fontSize: 16),
                           ^^^^^^^
lib/features/stats/screens/stats_screen.dart:156:36: Error: The getter 'AppSpacing' isn't defined for the type '_StatsScreenState'.
 - '_StatsScreenState' is from 'package:offramp/features/stats/screens/stats_screen.dart' ('lib/features/stats/screens/stats_screen.dart').
Try correcting the name to the name of an existing getter, or defining a getter or field named 'AppSpacing'.
                  SizedBox(height: AppSpacing.md),
                                   ^^^^^^^^^^
lib/features/stats/screens/stats_screen.dart:166:36: Error: The getter 'AppSpacing' isn't defined for the type '_StatsScreenState'.
 - '_StatsScreenState' is from 'package:offramp/features/stats/screens/stats_screen.dart' ('lib/features/stats/screens/stats_screen.dart').
Try correcting the name to the name of an existing getter, or defining a getter or field named 'AppSpacing'.
                  SizedBox(height: AppSpacing.xxl),
                                   ^^^^^^^^^^
lib/features/stats/screens/stats_screen.dart:173:30: Error: The getter 'AppButtons' isn't defined for the type '_StatsScreenState'.
 - '_StatsScreenState' is from 'package:offramp/features/stats/screens/stats_screen.dart' ('lib/features/stats/screens/stats_screen.dart').
Try correcting the name to the name of an existing getter, or defining a getter or field named 'AppButtons'.
                      style: AppButtons.ghost,
                             ^^^^^^^^^^
lib/features/stats/screens/stats_screen.dart:180:36: Error: The getter 'AppSpacing' isn't defined for the type '_StatsScreenState'.
 - '_StatsScreenState' is from 'package:offramp/features/stats/screens/stats_screen.dart' ('lib/features/stats/screens/stats_screen.dart').
Try correcting the name to the name of an existing getter, or defining a getter or field named 'AppSpacing'.
                  SizedBox(height: AppSpacing.md),
                                   ^^^^^^^^^^
lib/features/stats/screens/stats_screen.dart:185:28: Error: The getter 'AppText' isn't defined for the type '_StatsScreenState'.
 - '_StatsScreenState' is from 'package:offramp/features/stats/screens/stats_screen.dart' ('lib/features/stats/screens/stats_screen.dart').
Try correcting the name to the name of an existing getter, or defining a getter or field named 'AppText'.
                    style: AppText.caption.copyWith(
                           ^^^^^^^
lib/features/stats/screens/stats_screen.dart:186:30: Error: The getter 'AppColors' isn't defined for the type '_StatsScreenState'.
 - '_StatsScreenState' is from 'package:offramp/features/stats/screens/stats_screen.dart' ('lib/features/stats/screens/stats_screen.dart').
Try correcting the name to the name of an existing getter, or defining a getter or field named 'AppColors'.
                      color: AppColors.textMuted,
                             ^^^^^^^^^
lib/features/stats/screens/stats_screen.dart:191:36: Error: The getter 'AppSpacing' isn't defined for the type '_StatsScreenState'.
 - '_StatsScreenState' is from 'package:offramp/features/stats/screens/stats_screen.dart' ('lib/features/stats/screens/stats_screen.dart').
Try correcting the name to the name of an existing getter, or defining a getter or field named 'AppSpacing'.
                  SizedBox(height: AppSpacing.xl),
                                   ^^^^^^^^^^
lib/features/stats/screens/stats_screen.dart:215:32: Error: Not a constant expression.
          const Divider(color: AppColors.mutedGray, height: AppSpacing.xl),
                               ^^^^^^^^^
lib/features/stats/screens/stats_screen.dart:215:61: Error: Not a constant expression.
          const Divider(color: AppColors.mutedGray, height: AppSpacing.xl),
                                                            ^^^^^^^^^^
lib/features/stats/screens/stats_screen.dart:223:32: Error: Not a constant expression.
          const Divider(color: AppColors.mutedGray, height: AppSpacing.xl),
                               ^^^^^^^^^
lib/features/stats/screens/stats_screen.dart:223:61: Error: Not a constant expression.
          const Divider(color: AppColors.mutedGray, height: AppSpacing.xl),
                                                            ^^^^^^^^^^
lib/features/stats/screens/stats_screen.dart:231:32: Error: Not a constant expression.
          const Divider(color: AppColors.mutedGray, height: AppSpacing.xl),
                               ^^^^^^^^^
lib/features/stats/screens/stats_screen.dart:231:61: Error: Not a constant expression.
          const Divider(color: AppColors.mutedGray, height: AppSpacing.xl),
                                                            ^^^^^^^^^^
lib/features/stats/screens/stats_screen.dart:203:19: Error: The getter 'AppDecorations' isn't defined for the type '_StatsScreenState'.
 - '_StatsScreenState' is from 'package:offramp/features/stats/screens/stats_screen.dart' ('lib/features/stats/screens/stats_screen.dart').
Try correcting the name to the name of an existing getter, or defining a getter or field named 'AppDecorations'.
      decoration: AppDecorations.card,
                  ^^^^^^^^^^^^^^
lib/features/stats/screens/stats_screen.dart:204:31: Error: The getter 'AppSpacing' isn't defined for the type '_StatsScreenState'.
 - '_StatsScreenState' is from 'package:offramp/features/stats/screens/stats_screen.dart' ('lib/features/stats/screens/stats_screen.dart').
Try correcting the name to the name of an existing getter, or defining a getter or field named 'AppSpacing'.
      padding: EdgeInsets.all(AppSpacing.lg),
                              ^^^^^^^^^^
lib/features/stats/screens/stats_screen.dart:213:20: Error: The getter 'AppColors' isn't defined for the type '_StatsScreenState'.
 - '_StatsScreenState' is from 'package:offramp/features/stats/screens/stats_screen.dart' ('lib/features/stats/screens/stats_screen.dart').
Try correcting the name to the name of an existing getter, or defining a getter or field named 'AppColors'.
            color: AppColors.softSage,
                   ^^^^^^^^^
lib/features/stats/screens/stats_screen.dart:221:20: Error: The getter 'AppColors' isn't defined for the type '_StatsScreenState'.
 - '_StatsScreenState' is from 'package:offramp/features/stats/screens/stats_screen.dart' ('lib/features/stats/screens/stats_screen.dart').
Try correcting the name to the name of an existing getter, or defining a getter or field named 'AppColors'.
            color: AppColors.warmCoral,
                   ^^^^^^^^^
lib/features/stats/screens/stats_screen.dart:229:20: Error: The getter 'AppColors' isn't defined for the type '_StatsScreenState'.
 - '_StatsScreenState' is from 'package:offramp/features/stats/screens/stats_screen.dart' ('lib/features/stats/screens/stats_screen.dart').
Try correcting the name to the name of an existing getter, or defining a getter or field named 'AppColors'.
            color: AppColors.mutedLavender,
                   ^^^^^^^^^
lib/features/stats/screens/stats_screen.dart:237:20: Error: The getter 'AppColors' isn't defined for the type '_StatsScreenState'.
 - '_StatsScreenState' is from 'package:offramp/features/stats/screens/stats_screen.dart' ('lib/features/stats/screens/stats_screen.dart').
Try correcting the name to the name of an existing getter, or defining a getter or field named 'AppColors'.
            color: AppColors.softSage,
                   ^^^^^^^^^
lib/features/stats/screens/stats_screen.dart:260:29: Error: The getter 'AppSpacing' isn't defined for the type '_StatsScreenState'.
 - '_StatsScreenState' is from 'package:offramp/features/stats/screens/stats_screen.dart' ('lib/features/stats/screens/stats_screen.dart').
Try correcting the name to the name of an existing getter, or defining a getter or field named 'AppSpacing'.
            SizedBox(width: AppSpacing.sm),
                            ^^^^^^^^^^
lib/features/stats/screens/stats_screen.dart:264:24: Error: The getter 'AppText' isn't defined for the type '_StatsScreenState'.
 - '_StatsScreenState' is from 'package:offramp/features/stats/screens/stats_screen.dart' ('lib/features/stats/screens/stats_screen.dart').
Try correcting the name to the name of an existing getter, or defining a getter or field named 'AppText'.
                style: AppText.body,
                       ^^^^^^^
lib/features/stats/screens/stats_screen.dart:271:26: Error: The getter 'AppText' isn't defined for the type '_StatsScreenState'.
 - '_StatsScreenState' is from 'package:offramp/features/stats/screens/stats_screen.dart' ('lib/features/stats/screens/stats_screen.dart').
Try correcting the name to the name of an existing getter, or defining a getter or field named 'AppText'.
                  style: AppText.bodyMedium.copyWith(
                         ^^^^^^^
lib/features/stats/screens/stats_screen.dart:279:28: Error: The getter 'AppText' isn't defined for the type '_StatsScreenState'.
 - '_StatsScreenState' is from 'package:offramp/features/stats/screens/stats_screen.dart' ('lib/features/stats/screens/stats_screen.dart').
Try correcting the name to the name of an existing getter, or defining a getter or field named 'AppText'.
                    style: AppText.caption,
                           ^^^^^^^
lib/features/stats/screens/stats_screen.dart:285:26: Error: The getter 'AppSpacing' isn't defined for the type '_StatsScreenState'.
 - '_StatsScreenState' is from 'package:offramp/features/stats/screens/stats_screen.dart' ('lib/features/stats/screens/stats_screen.dart').
Try correcting the name to the name of an existing getter, or defining a getter or field named 'AppSpacing'.
        SizedBox(height: AppSpacing.sm),
                         ^^^^^^^^^^
lib/features/stats/screens/stats_screen.dart:290:30: Error: The getter 'AppColors' isn't defined for the type '_StatsScreenState'.
 - '_StatsScreenState' is from 'package:offramp/features/stats/screens/stats_screen.dart' ('lib/features/stats/screens/stats_screen.dart').
Try correcting the name to the name of an existing getter, or defining a getter or field named 'AppColors'.
            backgroundColor: AppColors.charcoal,
                             ^^^^^^^^^
lib/features/stats/screens/stats_screen.dart:302:33: Error: The getter 'AppSpacing' isn't defined for the type '_StatsScreenState'.
 - '_StatsScreenState' is from 'package:offramp/features/stats/screens/stats_screen.dart' ('lib/features/stats/screens/stats_screen.dart').
Try correcting the name to the name of an existing getter, or defining a getter or field named 'AppSpacing'.
        padding: EdgeInsets.all(AppSpacing.lg),
                                ^^^^^^^^^^
lib/features/stats/screens/stats_screen.dart:303:21: Error: The getter 'AppDecorations' isn't defined for the type '_StatsScreenState'.
 - '_StatsScreenState' is from 'package:offramp/features/stats/screens/stats_screen.dart' ('lib/features/stats/screens/stats_screen.dart').
Try correcting the name to the name of an existing getter, or defining a getter or field named 'AppDecorations'.
        decoration: AppDecorations.card,
                    ^^^^^^^^^^^^^^
lib/features/stats/screens/stats_screen.dart:307:20: Error: The getter 'AppText' isn't defined for the type '_StatsScreenState'.
 - '_StatsScreenState' is from 'package:offramp/features/stats/screens/stats_screen.dart' ('lib/features/stats/screens/stats_screen.dart').
Try correcting the name to the name of an existing getter, or defining a getter or field named 'AppText'.
            style: AppText.body.copyWith(color: AppColors.textMuted),
                   ^^^^^^^
lib/features/stats/screens/stats_screen.dart:307:49: Error: The getter 'AppColors' isn't defined for the type '_StatsScreenState'.
 - '_StatsScreenState' is from 'package:offramp/features/stats/screens/stats_screen.dart' ('lib/features/stats/screens/stats_screen.dart').
Try correcting the name to the name of an existing getter, or defining a getter or field named 'AppColors'.
            style: AppText.body.copyWith(color: AppColors.textMuted),
                                                ^^^^^^^^^
lib/features/stats/screens/stats_screen.dart:314:65: Error: The argument type 'List<dynamic>' can't be assigned to the parameter type 'List<Widget>'.
 - 'List' is from 'dart:core'.
 - 'Widget' is from 'package:flutter/src/widgets/framework.dart' ('/D:/flutter/flutter_windows_3.29.2-stable/flutter/packages/flutter/lib/src/widgets/framework.dart').
      children: _weeklyStats.map((stat) => _buildDayCard(stat)).toList(),
                                                                ^
lib/features/stats/screens/stats_screen.dart:318:24: Error: 'UserStats' isn't a type.
  Widget _buildDayCard(UserStats stat) {
                       ^^^^^^^^^
lib/features/stats/screens/stats_screen.dart:324:39: Error: The getter 'AppSpacing' isn't defined for the type '_StatsScreenState'.
 - '_StatsScreenState' is from 'package:offramp/features/stats/screens/stats_screen.dart' ('lib/features/stats/screens/stats_screen.dart').
Try correcting the name to the name of an existing getter, or defining a getter or field named 'AppSpacing'.
      margin: EdgeInsets.only(bottom: AppSpacing.sm),
                                      ^^^^^^^^^^
lib/features/stats/screens/stats_screen.dart:325:31: Error: The getter 'AppSpacing' isn't defined for the type '_StatsScreenState'.
 - '_StatsScreenState' is from 'package:offramp/features/stats/screens/stats_screen.dart' ('lib/features/stats/screens/stats_screen.dart').
Try correcting the name to the name of an existing getter, or defining a getter or field named 'AppSpacing'.
      padding: EdgeInsets.all(AppSpacing.md),
                              ^^^^^^^^^^
lib/features/stats/screens/stats_screen.dart:327:26: Error: The getter 'AppColors' isn't defined for the type '_StatsScreenState'.
 - '_StatsScreenState' is from 'package:offramp/features/stats/screens/stats_screen.dart' ('lib/features/stats/screens/stats_screen.dart').
Try correcting the name to the name of an existing getter, or defining a getter or field named 'AppColors'.
        color: isToday ? AppColors.charcoal : AppColors.charcoal.withOpacity(0.5),
                         ^^^^^^^^^
lib/features/stats/screens/stats_screen.dart:327:47: Error: The getter 'AppColors' isn't defined for the type '_StatsScreenState'.
 - '_StatsScreenState' is from 'package:offramp/features/stats/screens/stats_screen.dart' ('lib/features/stats/screens/stats_screen.dart').
Try correcting the name to the name of an existing getter, or defining a getter or field named 'AppColors'.
        color: isToday ? AppColors.charcoal : AppColors.charcoal.withOpacity(0.5),
                                              ^^^^^^^^^
lib/features/stats/screens/stats_screen.dart:330:33: Error: The getter 'AppColors' isn't defined for the type '_StatsScreenState'.
 - '_StatsScreenState' is from 'package:offramp/features/stats/screens/stats_screen.dart' ('lib/features/stats/screens/stats_screen.dart').
Try correcting the name to the name of an existing getter, or defining a getter or field named 'AppColors'.
            ? Border.all(color: AppColors.softSage.withOpacity(0.5), width: 1)
                                ^^^^^^^^^
lib/features/stats/screens/stats_screen.dart:338:53: Error: The getter 'AppSpacing' isn't defined for the type '_StatsScreenState'.
 - '_StatsScreenState' is from 'package:offramp/features/stats/screens/stats_screen.dart' ('lib/features/stats/screens/stats_screen.dart').
Try correcting the name to the name of an existing getter, or defining a getter or field named 'AppSpacing'.
            padding: EdgeInsets.symmetric(vertical: AppSpacing.xs),
                                                    ^^^^^^^^^^
lib/features/stats/screens/stats_screen.dart:341:21: Error: The getter 'AppColors' isn't defined for the type '_StatsScreenState'.
 - '_StatsScreenState' is from 'package:offramp/features/stats/screens/stats_screen.dart' ('lib/features/stats/screens/stats_screen.dart').
Try correcting the name to the name of an existing getter, or defining a getter or field named 'AppColors'.
                  ? AppColors.softSage.withOpacity(0.2)
                    ^^^^^^^^^
lib/features/stats/screens/stats_screen.dart:349:26: Error: The getter 'AppText' isn't defined for the type '_StatsScreenState'.
 - '_StatsScreenState' is from 'package:offramp/features/stats/screens/stats_screen.dart' ('lib/features/stats/screens/stats_screen.dart').
Try correcting the name to the name of an existing getter, or defining a getter or field named 'AppText'.
                  style: AppText.caption.copyWith(
                         ^^^^^^^
lib/features/stats/screens/stats_screen.dart:350:38: Error: The getter 'AppColors' isn't defined for the type '_StatsScreenState'.
 - '_StatsScreenState' is from 'package:offramp/features/stats/screens/stats_screen.dart' ('lib/features/stats/screens/stats_screen.dart').
Try correcting the name to the name of an existing getter, or defining a getter or field named 'AppColors'.
                    color: isToday ? AppColors.softSage : AppColors.textMuted,
                                     ^^^^^^^^^
lib/features/stats/screens/stats_screen.dart:350:59: Error: The getter 'AppColors' isn't defined for the type '_StatsScreenState'.
 - '_StatsScreenState' is from 'package:offramp/features/stats/screens/stats_screen.dart' ('lib/features/stats/screens/stats_screen.dart').
Try correcting the name to the name of an existing getter, or defining a getter or field named 'AppColors'.
                    color: isToday ? AppColors.softSage : AppColors.textMuted,
                                                          ^^^^^^^^^
lib/features/stats/screens/stats_screen.dart:355:26: Error: The getter 'AppText' isn't defined for the type '_StatsScreenState'.
 - '_StatsScreenState' is from 'package:offramp/features/stats/screens/stats_screen.dart' ('lib/features/stats/screens/stats_screen.dart').
Try correcting the name to the name of an existing getter, or defining a getter or field named 'AppText'.
                  style: AppText.bodyMedium.copyWith(
                         ^^^^^^^
lib/features/stats/screens/stats_screen.dart:356:38: Error: The getter 'AppColors' isn't defined for the type '_StatsScreenState'.
 - '_StatsScreenState' is from 'package:offramp/features/stats/screens/stats_screen.dart' ('lib/features/stats/screens/stats_screen.dart').
Try correcting the name to the name of an existing getter, or defining a getter or field named 'AppColors'.
                    color: isToday ? AppColors.softSage : AppColors.creamWhite,
                                     ^^^^^^^^^
lib/features/stats/screens/stats_screen.dart:356:59: Error: The getter 'AppColors' isn't defined for the type '_StatsScreenState'.
 - '_StatsScreenState' is from 'package:offramp/features/stats/screens/stats_screen.dart' ('lib/features/stats/screens/stats_screen.dart').
Try correcting the name to the name of an existing getter, or defining a getter or field named 'AppColors'.
                    color: isToday ? AppColors.softSage : AppColors.creamWhite,
                                                          ^^^^^^^^^
lib/features/stats/screens/stats_screen.dart:363:27: Error: The getter 'AppSpacing' isn't defined for the type '_StatsScreenState'.
 - '_StatsScreenState' is from 'package:offramp/features/stats/screens/stats_screen.dart' ('lib/features/stats/screens/stats_screen.dart').
Try correcting the name to the name of an existing getter, or defining a getter or field named 'AppSpacing'.
          SizedBox(width: AppSpacing.md),
                          ^^^^^^^^^^
lib/features/stats/screens/stats_screen.dart:368:24: Error: The getter 'AppSpacing' isn't defined for the type '_StatsScreenState'.
 - '_StatsScreenState' is from 'package:offramp/features/stats/screens/stats_screen.dart' ('lib/features/stats/screens/stats_screen.dart').
Try correcting the name to the name of an existing getter, or defining a getter or field named 'AppSpacing'.
              spacing: AppSpacing.md,
                       ^^^^^^^^^^
lib/features/stats/screens/stats_screen.dart:369:27: Error: The getter 'AppSpacing' isn't defined for the type '_StatsScreenState'.
 - '_StatsScreenState' is from 'package:offramp/features/stats/screens/stats_screen.dart' ('lib/features/stats/screens/stats_screen.dart').
Try correcting the name to the name of an existing getter, or defining a getter or field named 'AppSpacing'.
              runSpacing: AppSpacing.xs,
                          ^^^^^^^^^^
lib/features/stats/screens/stats_screen.dart:387:29: Error: The getter 'AppSpacing' isn't defined for the type '_StatsScreenState'.
 - '_StatsScreenState' is from 'package:offramp/features/stats/screens/stats_screen.dart' ('lib/features/stats/screens/stats_screen.dart').
Try correcting the name to the name of an existing getter, or defining a getter or field named 'AppSpacing'.
                horizontal: AppSpacing.sm,
                            ^^^^^^^^^^
lib/features/stats/screens/stats_screen.dart:391:24: Error: The getter 'AppColors' isn't defined for the type '_StatsScreenState'.
 - '_StatsScreenState' is from 'package:offramp/features/stats/screens/stats_screen.dart' ('lib/features/stats/screens/stats_screen.dart').
Try correcting the name to the name of an existing getter, or defining a getter or field named 'AppColors'.
                color: AppColors.softSage.withOpacity(0.2),
                       ^^^^^^^^^
lib/features/stats/screens/stats_screen.dart:396:24: Error: The getter 'AppText' isn't defined for the type '_StatsScreenState'.
 - '_StatsScreenState' is from 'package:offramp/features/stats/screens/stats_screen.dart' ('lib/features/stats/screens/stats_screen.dart').
Try correcting the name to the name of an existing getter, or defining a getter or field named 'AppText'.
                style: AppText.caption.copyWith(
                       ^^^^^^^
lib/features/stats/screens/stats_screen.dart:397:26: Error: The getter 'AppColors' isn't defined for the type '_StatsScreenState'.
 - '_StatsScreenState' is from 'package:offramp/features/stats/screens/stats_screen.dart' ('lib/features/stats/screens/stats_screen.dart').
Try correcting the name to the name of an existing getter, or defining a getter or field named 'AppColors'.
                  color: AppColors.softSage,
                         ^^^^^^^^^
lib/features/stats/screens/stats_screen.dart:414:18: Error: The getter 'AppText' isn't defined for the type '_StatsScreenState'.
 - '_StatsScreenState' is from 'package:offramp/features/stats/screens/stats_screen.dart' ('lib/features/stats/screens/stats_screen.dart').
Try correcting the name to the name of an existing getter, or defining a getter or field named 'AppText'.
          style: AppText.caption,
                 ^^^^^^^
lib/features/sleep/screens/loop_closer_screen.dart:35:3: Error: 'BrainDump' isn't a type.
  BrainDump? _todayDump;
  ^^^^^^^^^
lib/features/sleep/screens/loop_closer_screen.dart:56:18: Error: The method 'HiveService' isn't defined for the type '_LoopCloserScreenState'.
 - '_LoopCloserScreenState' is from 'package:offramp/features/sleep/screens/loop_closer_screen.dart' ('lib/features/sleep/screens/loop_closer_screen.dart').
Try correcting the name to the name of an existing method, or defining a method named 'HiveService'.
    _todayDump = HiveService().getTodayBrainDump();
                 ^^^^^^^^^^^
lib/features/sleep/screens/loop_closer_screen.dart:107:23: Error: Not a constant expression.
            fontSize: AppText.bodyMedium.fontSize,
                      ^^^^^^^
lib/features/sleep/screens/loop_closer_screen.dart:107:31: Error: Not a constant expression.
            fontSize: AppText.bodyMedium.fontSize,
                              ^^^^^^^^^^
lib/features/sleep/screens/loop_closer_screen.dart:108:25: Error: Not a constant expression.
            fontWeight: AppText.bodyMedium.fontWeight,
                        ^^^^^^^
lib/features/sleep/screens/loop_closer_screen.dart:108:33: Error: Not a constant expression.
            fontWeight: AppText.bodyMedium.fontWeight,
                                ^^^^^^^^^^
lib/features/sleep/screens/loop_closer_screen.dart:109:20: Error: Not a constant expression.
            color: AppColors.mutedGray,
                   ^^^^^^^^^
lib/features/sleep/screens/loop_closer_screen.dart:90:18: Error: The method 'BrainDump' isn't defined for the type '_LoopCloserScreenState'.
 - '_LoopCloserScreenState' is from 'package:offramp/features/sleep/screens/loop_closer_screen.dart' ('lib/features/sleep/screens/loop_closer_screen.dart').
Try correcting the name to the name of an existing method, or defining a method named 'BrainDump'.
    final dump = BrainDump(
                 ^^^^^^^^^
lib/features/sleep/screens/loop_closer_screen.dart:100:11: Error: The method 'HiveService' isn't defined for the type '_LoopCloserScreenState'.
 - '_LoopCloserScreenState' is from 'package:offramp/features/sleep/screens/loop_closer_screen.dart' ('lib/features/sleep/screens/loop_closer_screen.dart').
Try correcting the name to the name of an existing method, or defining a method named 'HiveService'.
    await HiveService().saveBrainDump(dump);
          ^^^^^^^^^^^
lib/features/sleep/screens/loop_closer_screen.dart:112:26: Error: The getter 'AppColors' isn't defined for the type '_LoopCloserScreenState'.
 - '_LoopCloserScreenState' is from 'package:offramp/features/sleep/screens/loop_closer_screen.dart' ('lib/features/sleep/screens/loop_closer_screen.dart').
Try correcting the name to the name of an existing getter, or defining a getter or field named 'AppColors'.
        backgroundColor: AppColors.softSage,
                         ^^^^^^^^^
lib/features/sleep/screens/loop_closer_screen.dart:125:32: Error: The getter 'AppColors' isn't defined for the type '_LoopCloserScreenState'.
 - '_LoopCloserScreenState' is from 'package:offramp/features/sleep/screens/loop_closer_screen.dart' ('lib/features/sleep/screens/loop_closer_screen.dart').
Try correcting the name to the name of an existing getter, or defining a getter or field named 'AppColors'.
              backgroundColor: AppColors.charcoal,
                               ^^^^^^^^^
lib/features/sleep/screens/loop_closer_screen.dart:126:36: Error: The getter 'AppColors' isn't defined for the type '_LoopCloserScreenState'.
 - '_LoopCloserScreenState' is from 'package:offramp/features/sleep/screens/loop_closer_screen.dart' ('lib/features/sleep/screens/loop_closer_screen.dart').
Try correcting the name to the name of an existing getter, or defining a getter or field named 'AppColors'.
              hourMinuteTextColor: AppColors.creamWhite,
                                   ^^^^^^^^^
lib/features/sleep/screens/loop_closer_screen.dart:127:30: Error: The getter 'AppColors' isn't defined for the type '_LoopCloserScreenState'.
 - '_LoopCloserScreenState' is from 'package:offramp/features/sleep/screens/loop_closer_screen.dart' ('lib/features/sleep/screens/loop_closer_screen.dart').
Try correcting the name to the name of an existing getter, or defining a getter or field named 'AppColors'.
              dialHandColor: AppColors.softSage,
                             ^^^^^^^^^
lib/features/sleep/screens/loop_closer_screen.dart:128:36: Error: The getter 'AppColors' isn't defined for the type '_LoopCloserScreenState'.
 - '_LoopCloserScreenState' is from 'package:offramp/features/sleep/screens/loop_closer_screen.dart' ('lib/features/sleep/screens/loop_closer_screen.dart').
Try correcting the name to the name of an existing getter, or defining a getter or field named 'AppColors'.
              dialBackgroundColor: AppColors.deepNavy,
                                   ^^^^^^^^^
lib/features/sleep/screens/loop_closer_screen.dart:158:53: Error: Not a constant expression.
          icon: const Icon(Icons.arrow_back, color: AppColors.creamWhite),
                                                    ^^^^^^^^^
lib/features/sleep/screens/loop_closer_screen.dart:162:18: Error: Not a constant expression.
          style: AppText.title,
                 ^^^^^^^
lib/features/sleep/screens/loop_closer_screen.dart:169:57: Error: Not a constant expression.
            constraints: const BoxConstraints(maxWidth: AppSpacing.cardMaxWidth),
                                                        ^^^^^^^^^^
lib/features/sleep/screens/loop_closer_screen.dart:176:28: Error: Not a constant expression.
                    state: MascotState.think,
                           ^^^^^^^^^^^
lib/features/sleep/screens/loop_closer_screen.dart:175:26: Error: Not a constant expression.
                  child: MascotWidget(
                         ^^^^^^^^^^^^
lib/features/sleep/screens/loop_closer_screen.dart:181:40: Error: Not a constant expression.
                const SizedBox(height: AppSpacing.lg),
                                       ^^^^^^^^^^
lib/features/sleep/screens/loop_closer_screen.dart:186:26: Error: Not a constant expression.
                  style: AppText.title,
                         ^^^^^^^
lib/features/sleep/screens/loop_closer_screen.dart:189:40: Error: Not a constant expression.
                const SizedBox(height: AppSpacing.xs),
                                       ^^^^^^^^^^
lib/features/sleep/screens/loop_closer_screen.dart:193:26: Error: Not a constant expression.
                  style: AppText.body,
                         ^^^^^^^
lib/features/sleep/screens/loop_closer_screen.dart:196:40: Error: Not a constant expression.
                const SizedBox(height: AppSpacing.md),
                                       ^^^^^^^^^^
lib/features/sleep/screens/loop_closer_screen.dart:217:40: Error: Not a constant expression.
                const SizedBox(height: AppSpacing.md),
                                       ^^^^^^^^^^
lib/features/sleep/screens/loop_closer_screen.dart:223:31: Error: Not a constant expression.
                    fontSize: AppText.body.fontSize,
                              ^^^^^^^
lib/features/sleep/screens/loop_closer_screen.dart:223:39: Error: Not a constant expression.
                    fontSize: AppText.body.fontSize,
                                      ^^^^
lib/features/sleep/screens/loop_closer_screen.dart:224:33: Error: Not a constant expression.
                    fontWeight: AppText.body.fontWeight,
                                ^^^^^^^
lib/features/sleep/screens/loop_closer_screen.dart:224:41: Error: Not a constant expression.
                    fontWeight: AppText.body.fontWeight,
                                        ^^^^
lib/features/sleep/screens/loop_closer_screen.dart:225:28: Error: Not a constant expression.
                    color: AppColors.creamWhite,
                           ^^^^^^^^^
lib/features/sleep/screens/loop_closer_screen.dart:233:40: Error: Not a constant expression.
                const SizedBox(height: AppSpacing.xl),
                                       ^^^^^^^^^^
lib/features/sleep/screens/loop_closer_screen.dart:238:26: Error: Not a constant expression.
                  style: AppText.title,
                         ^^^^^^^
lib/features/sleep/screens/loop_closer_screen.dart:241:40: Error: Not a constant expression.
                const SizedBox(height: AppSpacing.xs),
                                       ^^^^^^^^^^
lib/features/sleep/screens/loop_closer_screen.dart:245:26: Error: Not a constant expression.
                  style: AppText.body,
                         ^^^^^^^
lib/features/sleep/screens/loop_closer_screen.dart:248:40: Error: Not a constant expression.
                const SizedBox(height: AppSpacing.md),
                                       ^^^^^^^^^^
lib/features/sleep/screens/loop_closer_screen.dart:253:31: Error: Not a constant expression.
                    fontSize: AppText.body.fontSize,
                              ^^^^^^^
lib/features/sleep/screens/loop_closer_screen.dart:253:39: Error: Not a constant expression.
                    fontSize: AppText.body.fontSize,
                                      ^^^^
lib/features/sleep/screens/loop_closer_screen.dart:254:33: Error: Not a constant expression.
                    fontWeight: AppText.body.fontWeight,
                                ^^^^^^^
lib/features/sleep/screens/loop_closer_screen.dart:254:41: Error: Not a constant expression.
                    fontWeight: AppText.body.fontWeight,
                                        ^^^^
lib/features/sleep/screens/loop_closer_screen.dart:255:28: Error: Not a constant expression.
                    color: AppColors.creamWhite,
                           ^^^^^^^^^
lib/features/sleep/screens/loop_closer_screen.dart:262:40: Error: Not a constant expression.
                const SizedBox(height: AppSpacing.md),
                                       ^^^^^^^^^^
lib/features/sleep/screens/loop_closer_screen.dart:268:60: Error: Not a constant expression.
                    padding: const EdgeInsets.only(bottom: AppSpacing.md),
                                                           ^^^^^^^^^^
lib/features/sleep/screens/loop_closer_screen.dart:274:34: Error: Not a constant expression.
                          color: AppColors.softSage,
                                 ^^^^^^^^^
lib/features/sleep/screens/loop_closer_screen.dart:152:24: Error: The getter 'AppColors' isn't defined for the type '_LoopCloserScreenState'.
 - '_LoopCloserScreenState' is from 'package:offramp/features/sleep/screens/loop_closer_screen.dart' ('lib/features/sleep/screens/loop_closer_screen.dart').
Try correcting the name to the name of an existing getter, or defining a getter or field named 'AppColors'.
      backgroundColor: AppColors.deepNavy,
                       ^^^^^^^^^
lib/features/sleep/screens/loop_closer_screen.dart:167:20: Error: The getter 'AppSpacing' isn't defined for the type '_LoopCloserScreenState'.
 - '_LoopCloserScreenState' is from 'package:offramp/features/sleep/screens/loop_closer_screen.dart' ('lib/features/sleep/screens/loop_closer_screen.dart').
Try correcting the name to the name of an existing getter, or defining a getter or field named 'AppSpacing'.
          padding: AppSpacing.screenPadding,
                   ^^^^^^^^^^
lib/features/sleep/screens/loop_closer_screen.dart:203:30: Error: The getter 'AppButtons' isn't defined for the type '_LoopCloserScreenState'.
 - '_LoopCloserScreenState' is from 'package:offramp/features/sleep/screens/loop_closer_screen.dart' ('lib/features/sleep/screens/loop_closer_screen.dart').
Try correcting the name to the name of an existing getter, or defining a getter or field named 'AppButtons'.
                      style: AppButtons.smallPrimary.copyWith(
                             ^^^^^^^^^^
lib/features/sleep/screens/loop_closer_screen.dart:205:42: Error: The getter 'AppColors' isn't defined for the type '_LoopCloserScreenState'.
 - '_LoopCloserScreenState' is from 'package:offramp/features/sleep/screens/loop_closer_screen.dart' ('lib/features/sleep/screens/loop_closer_screen.dart').
Try correcting the name to the name of an existing getter, or defining a getter or field named 'AppColors'.
                          _isListening ? AppColors.warmCoral : AppColors.softSage,
                                         ^^^^^^^^^
lib/features/sleep/screens/loop_closer_screen.dart:205:64: Error: The getter 'AppColors' isn't defined for the type '_LoopCloserScreenState'.
 - '_LoopCloserScreenState' is from 'package:offramp/features/sleep/screens/loop_closer_screen.dart' ('lib/features/sleep/screens/loop_closer_screen.dart').
Try correcting the name to the name of an existing getter, or defining a getter or field named 'AppColors'.
                          _isListening ? AppColors.warmCoral : AppColors.softSage,
                                                               ^^^^^^^^^
lib/features/sleep/screens/loop_closer_screen.dart:228:31: Error: The getter 'AppInputDecoration' isn't defined for the type '_LoopCloserScreenState'.
 - '_LoopCloserScreenState' is from 'package:offramp/features/sleep/screens/loop_closer_screen.dart' ('lib/features/sleep/screens/loop_closer_screen.dart').
Try correcting the name to the name of an existing getter, or defining a getter or field named 'AppInputDecoration'.
                  decoration: AppInputDecoration.textField(
                              ^^^^^^^^^^^^^^^^^^
lib/features/sleep/screens/loop_closer_screen.dart:257:31: Error: The getter 'AppInputDecoration' isn't defined for the type '_LoopCloserScreenState'.
 - '_LoopCloserScreenState' is from 'package:offramp/features/sleep/screens/loop_closer_screen.dart' ('lib/features/sleep/screens/loop_closer_screen.dart').
Try correcting the name to the name of an existing getter, or defining a getter or field named 'AppInputDecoration'.
                  decoration: AppInputDecoration.textField(
                              ^^^^^^^^^^^^^^^^^^
lib/features/sleep/screens/loop_closer_screen.dart:269:33: Error: The getter 'AppDecorations' isn't defined for the type '_LoopCloserScreenState'.
 - '_LoopCloserScreenState' is from 'package:offramp/features/sleep/screens/loop_closer_screen.dart' ('lib/features/sleep/screens/loop_closer_screen.dart').
Try correcting the name to the name of an existing getter, or defining a getter or field named 'AppDecorations'.
                    decoration: AppDecorations.cardOutlined,
                                ^^^^^^^^^^^^^^
lib/features/sleep/screens/loop_closer_screen.dart:276:41: Error: The getter 'AppSpacing' isn't defined for the type '_LoopCloserScreenState'.
 - '_LoopCloserScreenState' is from 'package:offramp/features/sleep/screens/loop_closer_screen.dart' ('lib/features/sleep/screens/loop_closer_screen.dart').
Try correcting the name to the name of an existing getter, or defining a getter or field named 'AppSpacing'.
                        SizedBox(width: AppSpacing.sm),
                                        ^^^^^^^^^^
lib/features/sleep/screens/loop_closer_screen.dart:281:34: Error: The getter 'AppText' isn't defined for the type '_LoopCloserScreenState'.
 - '_LoopCloserScreenState' is from 'package:offramp/features/sleep/screens/loop_closer_screen.dart' ('lib/features/sleep/screens/loop_closer_screen.dart').
Try correcting the name to the name of an existing getter, or defining a getter or field named 'AppText'.
                          style: AppText.body.copyWith(
                                 ^^^^^^^
lib/features/sleep/screens/loop_closer_screen.dart:283:35: Error: The getter 'AppColors' isn't defined for the type '_LoopCloserScreenState'.
 - '_LoopCloserScreenState' is from 'package:offramp/features/sleep/screens/loop_closer_screen.dart' ('lib/features/sleep/screens/loop_closer_screen.dart').
Try correcting the name to the name of an existing getter, or defining a getter or field named 'AppColors'.
                                ? AppColors.creamWhite
                                  ^^^^^^^^^
lib/features/sleep/screens/loop_closer_screen.dart:284:35: Error: The getter 'AppColors' isn't defined for the type '_LoopCloserScreenState'.
 - '_LoopCloserScreenState' is from 'package:offramp/features/sleep/screens/loop_closer_screen.dart' ('lib/features/sleep/screens/loop_closer_screen.dart').
Try correcting the name to the name of an existing getter, or defining a getter or field named 'AppColors'.
                                : AppColors.textMuted,
                                  ^^^^^^^^^
lib/features/sleep/screens/loop_closer_screen.dart:292:34: Error: The getter 'AppSpacing' isn't defined for the type '_LoopCloserScreenState'.
 - '_LoopCloserScreenState' is from 'package:offramp/features/sleep/screens/loop_closer_screen.dart' ('lib/features/sleep/screens/loop_closer_screen.dart').
Try correcting the name to the name of an existing getter, or defining a getter or field named 'AppSpacing'.
                SizedBox(height: AppSpacing.xl),
                                 ^^^^^^^^^^
lib/features/sleep/screens/loop_closer_screen.dart:299:28: Error: The getter 'AppButtons' isn't defined for the type '_LoopCloserScreenState'.
 - '_LoopCloserScreenState' is from 'package:offramp/features/sleep/screens/loop_closer_screen.dart' ('lib/features/sleep/screens/loop_closer_screen.dart').
Try correcting the name to the name of an existing getter, or defining a getter or field named 'AppButtons'.
                    style: AppButtons.secondary,
                           ^^^^^^^^^^
lib/features/sleep/screens/loop_closer_screen.dart:303:30: Error: The getter 'AppText' isn't defined for the type '_LoopCloserScreenState'.
 - '_LoopCloserScreenState' is from 'package:offramp/features/sleep/screens/loop_closer_screen.dart' ('lib/features/sleep/screens/loop_closer_screen.dart').
Try correcting the name to the name of an existing getter, or defining a getter or field named 'AppText'.
                      style: AppText.button,
                             ^^^^^^^
lib/features/sleep/screens/loop_closer_screen.dart:308:34: Error: The getter 'AppSpacing' isn't defined for the type '_LoopCloserScreenState'.
 - '_LoopCloserScreenState' is from 'package:offramp/features/sleep/screens/loop_closer_screen.dart' ('lib/features/sleep/screens/loop_closer_screen.dart').
Try correcting the name to the name of an existing getter, or defining a getter or field named 'AppSpacing'.
                SizedBox(height: AppSpacing.xxl),
                                 ^^^^^^^^^^
lib/features/sleep/screens/loop_closer_screen.dart:315:25: Error: The getter 'AppColors' isn't defined for the type '_LoopCloserScreenState'.
 - '_LoopCloserScreenState' is from 'package:offramp/features/sleep/screens/loop_closer_screen.dart' ('lib/features/sleep/screens/loop_closer_screen.dart').
Try correcting the name to the name of an existing getter, or defining a getter or field named 'AppColors'.
                        AppColors.mutedLavender.withOpacity(0.2),
                        ^^^^^^^^^
lib/features/sleep/screens/loop_closer_screen.dart:316:25: Error: The getter 'AppColors' isn't defined for the type '_LoopCloserScreenState'.
 - '_LoopCloserScreenState' is from 'package:offramp/features/sleep/screens/loop_closer_screen.dart' ('lib/features/sleep/screens/loop_closer_screen.dart').
Try correcting the name to the name of an existing getter, or defining a getter or field named 'AppColors'.
                        AppColors.sleepBg.withOpacity(0.5),
                        ^^^^^^^^^
lib/features/sleep/screens/loop_closer_screen.dart:329:49: Error: The getter 'AppSpacing' isn't defined for the type '_LoopCloserScreenState'.
 - '_LoopCloserScreenState' is from 'package:offramp/features/sleep/screens/loop_closer_screen.dart' ('lib/features/sleep/screens/loop_closer_screen.dart').
Try correcting the name to the name of an existing getter, or defining a getter or field named 'AppSpacing'.
                        padding: EdgeInsets.all(AppSpacing.lg),
                                                ^^^^^^^^^^
lib/features/sleep/screens/loop_closer_screen.dart:333:38: Error: The getter 'MascotState' isn't defined for the type '_LoopCloserScreenState'.
 - '_LoopCloserScreenState' is from 'package:offramp/features/sleep/screens/loop_closer_screen.dart' ('lib/features/sleep/screens/loop_closer_screen.dart').
Try correcting the name to the name of an existing getter, or defining a getter or field named 'MascotState'.
                              state: MascotState.sleep,
                                     ^^^^^^^^^^^
lib/features/sleep/screens/loop_closer_screen.dart:332:29: Error: The method 'MascotWidget' isn't defined for the type '_LoopCloserScreenState'.
 - '_LoopCloserScreenState' is from 'package:offramp/features/sleep/screens/loop_closer_screen.dart' ('lib/features/sleep/screens/loop_closer_screen.dart').
Try correcting the name to the name of an existing method, or defining a method named 'MascotWidget'.
                            MascotWidget(
                            ^^^^^^^^^^^^
lib/features/sleep/screens/loop_closer_screen.dart:336:46: Error: The getter 'AppSpacing' isn't defined for the type '_LoopCloserScreenState'.
 - '_LoopCloserScreenState' is from 'package:offramp/features/sleep/screens/loop_closer_screen.dart' ('lib/features/sleep/screens/loop_closer_screen.dart').
Try correcting the name to the name of an existing getter, or defining a getter or field named 'AppSpacing'.
                            SizedBox(height: AppSpacing.md),
                                             ^^^^^^^^^^
lib/features/sleep/screens/loop_closer_screen.dart:339:38: Error: The getter 'AppText' isn't defined for the type '_LoopCloserScreenState'.
 - '_LoopCloserScreenState' is from 'package:offramp/features/sleep/screens/loop_closer_screen.dart' ('lib/features/sleep/screens/loop_closer_screen.dart').
Try correcting the name to the name of an existing getter, or defining a getter or field named 'AppText'.
                              style: AppText.title.copyWith(fontSize: 18),
                                     ^^^^^^^
lib/features/sleep/screens/loop_closer_screen.dart:341:46: Error: The getter 'AppSpacing' isn't defined for the type '_LoopCloserScreenState'.
 - '_LoopCloserScreenState' is from 'package:offramp/features/sleep/screens/loop_closer_screen.dart' ('lib/features/sleep/screens/loop_closer_screen.dart').
Try correcting the name to the name of an existing getter, or defining a getter or field named 'AppSpacing'.
                            SizedBox(height: AppSpacing.xs),
                                             ^^^^^^^^^^
lib/features/sleep/screens/loop_closer_screen.dart:344:38: Error: The getter 'AppText' isn't defined for the type '_LoopCloserScreenState'.
 - '_LoopCloserScreenState' is from 'package:offramp/features/sleep/screens/loop_closer_screen.dart' ('lib/features/sleep/screens/loop_closer_screen.dart').
Try correcting the name to the name of an existing getter, or defining a getter or field named 'AppText'.
                              style: AppText.caption,
                                     ^^^^^^^
lib/features/sleep/screens/loop_closer_screen.dart:347:46: Error: The getter 'AppSpacing' isn't defined for the type '_LoopCloserScreenState'.
 - '_LoopCloserScreenState' is from 'package:offramp/features/sleep/screens/loop_closer_screen.dart' ('lib/features/sleep/screens/loop_closer_screen.dart').
Try correcting the name to the name of an existing getter, or defining a getter or field named 'AppSpacing'.
                            SizedBox(height: AppSpacing.md),
                                             ^^^^^^^^^^
lib/features/sleep/screens/loop_closer_screen.dart:350:38: Error: The getter 'AppButtons' isn't defined for the type '_LoopCloserScreenState'.
 - '_LoopCloserScreenState' is from 'package:offramp/features/sleep/screens/loop_closer_screen.dart' ('lib/features/sleep/screens/loop_closer_screen.dart').
Try correcting the name to the name of an existing getter, or defining a getter or field named 'AppButtons'.
                              style: AppButtons.primary,
                                     ^^^^^^^^^^
lib/features/sleep/screens/loop_closer_screen.dart:361:34: Error: The getter 'AppSpacing' isn't defined for the type '_LoopCloserScreenState'.
 - '_LoopCloserScreenState' is from 'package:offramp/features/sleep/screens/loop_closer_screen.dart' ('lib/features/sleep/screens/loop_closer_screen.dart').
Try correcting the name to the name of an existing getter, or defining a getter or field named 'AppSpacing'.
                SizedBox(height: AppSpacing.xl),
                                 ^^^^^^^^^^
lib/features/sleep/screens/sleep_mode_screen.dart:33:3: Error: 'UserSettings' isn't a type.
  UserSettings? _settings;
  ^^^^^^^^^^^^
lib/features/sleep/screens/sleep_mode_screen.dart:63:17: Error: The method 'HiveService' isn't defined for the type '_SleepModeScreenState'.
 - '_SleepModeScreenState' is from 'package:offramp/features/sleep/screens/sleep_mode_screen.dart' ('lib/features/sleep/screens/sleep_mode_screen.dart').
Try correcting the name to the name of an existing method, or defining a method named 'HiveService'.
    _settings = HiveService().getSettings();
                ^^^^^^^^^^^
lib/features/sleep/screens/sleep_mode_screen.dart:114:13: Error: The method 'HiveService' isn't defined for the type '_SleepModeScreenState'.
 - '_SleepModeScreenState' is from 'package:offramp/features/sleep/screens/sleep_mode_screen.dart' ('lib/features/sleep/screens/sleep_mode_screen.dart').
Try correcting the name to the name of an existing method, or defining a method named 'HiveService'.
      await HiveService().getTodayStats().recordSleepMode();
            ^^^^^^^^^^^
lib/features/sleep/screens/sleep_mode_screen.dart:129:22: Error: The getter 'AppText' isn't defined for the type '_SleepModeScreenState'.
 - '_SleepModeScreenState' is from 'package:offramp/features/sleep/screens/sleep_mode_screen.dart' ('lib/features/sleep/screens/sleep_mode_screen.dart').
Try correcting the name to the name of an existing getter, or defining a getter or field named 'AppText'.
              style: AppText.bodyMedium.copyWith(color: AppColors.creamWhite),
                     ^^^^^^^
lib/features/sleep/screens/sleep_mode_screen.dart:129:57: Error: The getter 'AppColors' isn't defined for the type '_SleepModeScreenState'.
 - '_SleepModeScreenState' is from 'package:offramp/features/sleep/screens/sleep_mode_screen.dart' ('lib/features/sleep/screens/sleep_mode_screen.dart').
Try correcting the name to the name of an existing getter, or defining a getter or field named 'AppColors'.
              style: AppText.bodyMedium.copyWith(color: AppColors.creamWhite),
                                                        ^^^^^^^^^
lib/features/sleep/screens/sleep_mode_screen.dart:131:30: Error: The getter 'AppColors' isn't defined for the type '_SleepModeScreenState'.
 - '_SleepModeScreenState' is from 'package:offramp/features/sleep/screens/sleep_mode_screen.dart' ('lib/features/sleep/screens/sleep_mode_screen.dart').
Try correcting the name to the name of an existing getter, or defining a getter or field named 'AppColors'.
            backgroundColor: AppColors.mutedLavender,
                             ^^^^^^^^^
lib/features/sleep/screens/sleep_mode_screen.dart:142:22: Error: The getter 'AppText' isn't defined for the type '_SleepModeScreenState'.
 - '_SleepModeScreenState' is from 'package:offramp/features/sleep/screens/sleep_mode_screen.dart' ('lib/features/sleep/screens/sleep_mode_screen.dart').
Try correcting the name to the name of an existing getter, or defining a getter or field named 'AppText'.
              style: AppText.bodyMedium.copyWith(color: AppColors.creamWhite),
                     ^^^^^^^
lib/features/sleep/screens/sleep_mode_screen.dart:142:57: Error: The getter 'AppColors' isn't defined for the type '_SleepModeScreenState'.
 - '_SleepModeScreenState' is from 'package:offramp/features/sleep/screens/sleep_mode_screen.dart' ('lib/features/sleep/screens/sleep_mode_screen.dart').
Try correcting the name to the name of an existing getter, or defining a getter or field named 'AppColors'.
              style: AppText.bodyMedium.copyWith(color: AppColors.creamWhite),
                                                        ^^^^^^^^^
lib/features/sleep/screens/sleep_mode_screen.dart:144:30: Error: The getter 'AppColors' isn't defined for the type '_SleepModeScreenState'.
 - '_SleepModeScreenState' is from 'package:offramp/features/sleep/screens/sleep_mode_screen.dart' ('lib/features/sleep/screens/sleep_mode_screen.dart').
Try correcting the name to the name of an existing getter, or defining a getter or field named 'AppColors'.
            backgroundColor: AppColors.warmCoral,
                             ^^^^^^^^^
lib/features/sleep/screens/sleep_mode_screen.dart:290:36: Error: Not a constant expression.
                            color: AppColors.mutedLavender,
                                   ^^^^^^^^^
lib/features/sleep/screens/sleep_mode_screen.dart:181:24: Error: The getter 'AppColors' isn't defined for the type '_SleepModeScreenState'.
 - '_SleepModeScreenState' is from 'package:offramp/features/sleep/screens/sleep_mode_screen.dart' ('lib/features/sleep/screens/sleep_mode_screen.dart').
Try correcting the name to the name of an existing getter, or defining a getter or field named 'AppColors'.
      backgroundColor: AppColors.sleepBg,
                       ^^^^^^^^^
lib/features/sleep/screens/sleep_mode_screen.dart:185:22: Error: The getter 'AppSpacing' isn't defined for the type '_SleepModeScreenState'.
 - '_SleepModeScreenState' is from 'package:offramp/features/sleep/screens/sleep_mode_screen.dart' ('lib/features/sleep/screens/sleep_mode_screen.dart').
Try correcting the name to the name of an existing getter, or defining a getter or field named 'AppSpacing'.
            padding: AppSpacing.screenPadding,
                     ^^^^^^^^^^
lib/features/sleep/screens/sleep_mode_screen.dart:187:53: Error: The getter 'AppSpacing' isn't defined for the type '_SleepModeScreenState'.
 - '_SleepModeScreenState' is from 'package:offramp/features/sleep/screens/sleep_mode_screen.dart' ('lib/features/sleep/screens/sleep_mode_screen.dart').
Try correcting the name to the name of an existing getter, or defining a getter or field named 'AppSpacing'.
              constraints: BoxConstraints(maxWidth: AppSpacing.cardMaxWidth),
                                                    ^^^^^^^^^^
lib/features/sleep/screens/sleep_mode_screen.dart:198:34: Error: The getter 'MascotState' isn't defined for the type '_SleepModeScreenState'.
 - '_SleepModeScreenState' is from 'package:offramp/features/sleep/screens/sleep_mode_screen.dart' ('lib/features/sleep/screens/sleep_mode_screen.dart').
Try correcting the name to the name of an existing getter, or defining a getter or field named 'MascotState'.
                          state: MascotState.sleep,
                                 ^^^^^^^^^^^
lib/features/sleep/screens/sleep_mode_screen.dart:197:32: Error: The method 'MascotWidget' isn't defined for the type '_SleepModeScreenState'.
 - '_SleepModeScreenState' is from 'package:offramp/features/sleep/screens/sleep_mode_screen.dart' ('lib/features/sleep/screens/sleep_mode_screen.dart').
Try correcting the name to the name of an existing method, or defining a method named 'MascotWidget'.
                        child: MascotWidget(
                               ^^^^^^^^^^^^
lib/features/sleep/screens/sleep_mode_screen.dart:205:36: Error: The getter 'AppSpacing' isn't defined for the type '_SleepModeScreenState'.
 - '_SleepModeScreenState' is from 'package:offramp/features/sleep/screens/sleep_mode_screen.dart' ('lib/features/sleep/screens/sleep_mode_screen.dart').
Try correcting the name to the name of an existing getter, or defining a getter or field named 'AppSpacing'.
                  SizedBox(height: AppSpacing.xl),
                                   ^^^^^^^^^^
lib/features/sleep/screens/sleep_mode_screen.dart:211:30: Error: The getter 'AppText' isn't defined for the type '_SleepModeScreenState'.
 - '_SleepModeScreenState' is from 'package:offramp/features/sleep/screens/sleep_mode_screen.dart' ('lib/features/sleep/screens/sleep_mode_screen.dart').
Try correcting the name to the name of an existing getter, or defining a getter or field named 'AppText'.
                      style: AppText.title.copyWith(
                             ^^^^^^^
lib/features/sleep/screens/sleep_mode_screen.dart:212:32: Error: The getter 'AppColors' isn't defined for the type '_SleepModeScreenState'.
 - '_SleepModeScreenState' is from 'package:offramp/features/sleep/screens/sleep_mode_screen.dart' ('lib/features/sleep/screens/sleep_mode_screen.dart').
Try correcting the name to the name of an existing getter, or defining a getter or field named 'AppColors'.
                        color: AppColors.creamWhite,
                               ^^^^^^^^^
lib/features/sleep/screens/sleep_mode_screen.dart:217:38: Error: The getter 'AppSpacing' isn't defined for the type '_SleepModeScreenState'.
 - '_SleepModeScreenState' is from 'package:offramp/features/sleep/screens/sleep_mode_screen.dart' ('lib/features/sleep/screens/sleep_mode_screen.dart').
Try correcting the name to the name of an existing getter, or defining a getter or field named 'AppSpacing'.
                    SizedBox(height: AppSpacing.md),
                                     ^^^^^^^^^^
lib/features/sleep/screens/sleep_mode_screen.dart:224:30: Error: The getter 'AppText' isn't defined for the type '_SleepModeScreenState'.
 - '_SleepModeScreenState' is from 'package:offramp/features/sleep/screens/sleep_mode_screen.dart' ('lib/features/sleep/screens/sleep_mode_screen.dart').
Try correcting the name to the name of an existing getter, or defining a getter or field named 'AppText'.
                      style: AppText.body.copyWith(
                             ^^^^^^^
lib/features/sleep/screens/sleep_mode_screen.dart:225:32: Error: The getter 'AppColors' isn't defined for the type '_SleepModeScreenState'.
 - '_SleepModeScreenState' is from 'package:offramp/features/sleep/screens/sleep_mode_screen.dart' ('lib/features/sleep/screens/sleep_mode_screen.dart').
Try correcting the name to the name of an existing getter, or defining a getter or field named 'AppColors'.
                        color: AppColors.textMuted,
                               ^^^^^^^^^
lib/features/sleep/screens/sleep_mode_screen.dart:230:38: Error: The getter 'AppSpacing' isn't defined for the type '_SleepModeScreenState'.
 - '_SleepModeScreenState' is from 'package:offramp/features/sleep/screens/sleep_mode_screen.dart' ('lib/features/sleep/screens/sleep_mode_screen.dart').
Try correcting the name to the name of an existing getter, or defining a getter or field named 'AppSpacing'.
                    SizedBox(height: AppSpacing.xxl),
                                     ^^^^^^^^^^
lib/features/sleep/screens/sleep_mode_screen.dart:236:32: Error: The getter 'AppButtons' isn't defined for the type '_SleepModeScreenState'.
 - '_SleepModeScreenState' is from 'package:offramp/features/sleep/screens/sleep_mode_screen.dart' ('lib/features/sleep/screens/sleep_mode_screen.dart').
Try correcting the name to the name of an existing getter, or defining a getter or field named 'AppButtons'.
                        style: AppButtons.primary.copyWith(
                               ^^^^^^^^^^
lib/features/sleep/screens/sleep_mode_screen.dart:238:29: Error: The getter 'AppColors' isn't defined for the type '_SleepModeScreenState'.
 - '_SleepModeScreenState' is from 'package:offramp/features/sleep/screens/sleep_mode_screen.dart' ('lib/features/sleep/screens/sleep_mode_screen.dart').
Try correcting the name to the name of an existing getter, or defining a getter or field named 'AppColors'.
                            AppColors.mutedLavender,
                            ^^^^^^^^^
lib/features/sleep/screens/sleep_mode_screen.dart:244:40: Error: The getter 'AppColors' isn't defined for the type '_SleepModeScreenState'.
 - '_SleepModeScreenState' is from 'package:offramp/features/sleep/screens/sleep_mode_screen.dart' ('lib/features/sleep/screens/sleep_mode_screen.dart').
Try correcting the name to the name of an existing getter, or defining a getter or field named 'AppColors'.
                                color: AppColors.creamWhite,
                                       ^^^^^^^^^
lib/features/sleep/screens/sleep_mode_screen.dart:252:44: Error: The getter 'AppColors' isn't defined for the type '_SleepModeScreenState'.
 - '_SleepModeScreenState' is from 'package:offramp/features/sleep/screens/sleep_mode_screen.dart' ('lib/features/sleep/screens/sleep_mode_screen.dart').
Try correcting the name to the name of an existing getter, or defining a getter or field named 'AppColors'.
                                    color: AppColors.creamWhite,
                                           ^^^^^^^^^
lib/features/sleep/screens/sleep_mode_screen.dart:255:51: Error: The getter 'AppSpacing' isn't defined for the type '_SleepModeScreenState'.
 - '_SleepModeScreenState' is from 'package:offramp/features/sleep/screens/sleep_mode_screen.dart' ('lib/features/sleep/screens/sleep_mode_screen.dart').
Try correcting the name to the name of an existing getter, or defining a getter or field named 'AppSpacing'.
                                  SizedBox(width: AppSpacing.sm),
                                                  ^^^^^^^^^^
lib/features/sleep/screens/sleep_mode_screen.dart:258:44: Error: The getter 'AppText' isn't defined for the type '_SleepModeScreenState'.
 - '_SleepModeScreenState' is from 'package:offramp/features/sleep/screens/sleep_mode_screen.dart' ('lib/features/sleep/screens/sleep_mode_screen.dart').
Try correcting the name to the name of an existing getter, or defining a getter or field named 'AppText'.
                                    style: AppText.button,
                                           ^^^^^^^
lib/features/sleep/screens/sleep_mode_screen.dart:268:30: Error: The getter 'AppText' isn't defined for the type '_SleepModeScreenState'.
 - '_SleepModeScreenState' is from 'package:offramp/features/sleep/screens/sleep_mode_screen.dart' ('lib/features/sleep/screens/sleep_mode_screen.dart').
Try correcting the name to the name of an existing getter, or defining a getter or field named 'AppText'.
                      style: AppText.title.copyWith(
                             ^^^^^^^
lib/features/sleep/screens/sleep_mode_screen.dart:269:32: Error: The getter 'AppColors' isn't defined for the type '_SleepModeScreenState'.
 - '_SleepModeScreenState' is from 'package:offramp/features/sleep/screens/sleep_mode_screen.dart' ('lib/features/sleep/screens/sleep_mode_screen.dart').
Try correcting the name to the name of an existing getter, or defining a getter or field named 'AppColors'.
                        color: AppColors.mutedLavender,
                               ^^^^^^^^^
lib/features/sleep/screens/sleep_mode_screen.dart:274:38: Error: The getter 'AppSpacing' isn't defined for the type '_SleepModeScreenState'.
 - '_SleepModeScreenState' is from 'package:offramp/features/sleep/screens/sleep_mode_screen.dart' ('lib/features/sleep/screens/sleep_mode_screen.dart').
Try correcting the name to the name of an existing getter, or defining a getter or field named 'AppSpacing'.
                    SizedBox(height: AppSpacing.md),
                                     ^^^^^^^^^^
lib/features/sleep/screens/sleep_mode_screen.dart:277:47: Error: The getter 'AppSpacing' isn't defined for the type '_SleepModeScreenState'.
 - '_SleepModeScreenState' is from 'package:offramp/features/sleep/screens/sleep_mode_screen.dart' ('lib/features/sleep/screens/sleep_mode_screen.dart').
Try correcting the name to the name of an existing getter, or defining a getter or field named 'AppSpacing'.
                      padding: EdgeInsets.all(AppSpacing.lg),
                                              ^^^^^^^^^^
lib/features/sleep/screens/sleep_mode_screen.dart:279:32: Error: The getter 'AppColors' isn't defined for the type '_SleepModeScreenState'.
 - '_SleepModeScreenState' is from 'package:offramp/features/sleep/screens/sleep_mode_screen.dart' ('lib/features/sleep/screens/sleep_mode_screen.dart').
Try correcting the name to the name of an existing getter, or defining a getter or field named 'AppColors'.
                        color: AppColors.charcoal.withOpacity(0.5),
                               ^^^^^^^^^
lib/features/sleep/screens/sleep_mode_screen.dart:282:34: Error: The getter 'AppColors' isn't defined for the type '_SleepModeScreenState'.
 - '_SleepModeScreenState' is from 'package:offramp/features/sleep/screens/sleep_mode_screen.dart' ('lib/features/sleep/screens/sleep_mode_screen.dart').
Try correcting the name to the name of an existing getter, or defining a getter or field named 'AppColors'.
                          color: AppColors.mutedLavender.withOpacity(0.3),
                                 ^^^^^^^^^
lib/features/sleep/screens/sleep_mode_screen.dart:293:44: Error: The getter 'AppSpacing' isn't defined for the type '_SleepModeScreenState'.
 - '_SleepModeScreenState' is from 'package:offramp/features/sleep/screens/sleep_mode_screen.dart' ('lib/features/sleep/screens/sleep_mode_screen.dart').
Try correcting the name to the name of an existing getter, or defining a getter or field named 'AppSpacing'.
                          SizedBox(height: AppSpacing.sm),
                                           ^^^^^^^^^^
lib/features/sleep/screens/sleep_mode_screen.dart:296:36: Error: The getter 'AppText' isn't defined for the type '_SleepModeScreenState'.
 - '_SleepModeScreenState' is from 'package:offramp/features/sleep/screens/sleep_mode_screen.dart' ('lib/features/sleep/screens/sleep_mode_screen.dart').
Try correcting the name to the name of an existing getter, or defining a getter or field named 'AppText'.
                            style: AppText.bodyMedium.copyWith(
                                   ^^^^^^^
lib/features/sleep/screens/sleep_mode_screen.dart:297:38: Error: The getter 'AppColors' isn't defined for the type '_SleepModeScreenState'.
 - '_SleepModeScreenState' is from 'package:offramp/features/sleep/screens/sleep_mode_screen.dart' ('lib/features/sleep/screens/sleep_mode_screen.dart').
Try correcting the name to the name of an existing getter, or defining a getter or field named 'AppColors'.
                              color: AppColors.creamWhite,
                                     ^^^^^^^^^
lib/features/sleep/screens/sleep_mode_screen.dart:300:44: Error: The getter 'AppSpacing' isn't defined for the type '_SleepModeScreenState'.
 - '_SleepModeScreenState' is from 'package:offramp/features/sleep/screens/sleep_mode_screen.dart' ('lib/features/sleep/screens/sleep_mode_screen.dart').
Try correcting the name to the name of an existing getter, or defining a getter or field named 'AppSpacing'.
                          SizedBox(height: AppSpacing.xs),
                                           ^^^^^^^^^^
lib/features/sleep/screens/sleep_mode_screen.dart:303:36: Error: The getter 'AppText' isn't defined for the type '_SleepModeScreenState'.
 - '_SleepModeScreenState' is from 'package:offramp/features/sleep/screens/sleep_mode_screen.dart' ('lib/features/sleep/screens/sleep_mode_screen.dart').
Try correcting the name to the name of an existing getter, or defining a getter or field named 'AppText'.
                            style: AppText.caption,
                                   ^^^^^^^
lib/features/sleep/screens/sleep_mode_screen.dart:309:38: Error: The getter 'AppSpacing' isn't defined for the type '_SleepModeScreenState'.
 - '_SleepModeScreenState' is from 'package:offramp/features/sleep/screens/sleep_mode_screen.dart' ('lib/features/sleep/screens/sleep_mode_screen.dart').
Try correcting the name to the name of an existing getter, or defining a getter or field named 'AppSpacing'.
                    SizedBox(height: AppSpacing.xl),
                                     ^^^^^^^^^^
lib/features/sleep/screens/sleep_mode_screen.dart:313:30: Error: The getter 'AppText' isn't defined for the type '_SleepModeScreenState'.
 - '_SleepModeScreenState' is from 'package:offramp/features/sleep/screens/sleep_mode_screen.dart' ('lib/features/sleep/screens/sleep_mode_screen.dart').
Try correcting the name to the name of an existing getter, or defining a getter or field named 'AppText'.
                      style: AppText.body.copyWith(
                             ^^^^^^^
lib/features/sleep/screens/sleep_mode_screen.dart:314:32: Error: The getter 'AppColors' isn't defined for the type '_SleepModeScreenState'.
 - '_SleepModeScreenState' is from 'package:offramp/features/sleep/screens/sleep_mode_screen.dart' ('lib/features/sleep/screens/sleep_mode_screen.dart').
Try correcting the name to the name of an existing getter, or defining a getter or field named 'AppColors'.
                        color: AppColors.textMuted,
                               ^^^^^^^^^
lib/features/sleep/screens/sleep_mode_screen.dart:318:38: Error: The getter 'AppSpacing' isn't defined for the type '_SleepModeScreenState'.
 - '_SleepModeScreenState' is from 'package:offramp/features/sleep/screens/sleep_mode_screen.dart' ('lib/features/sleep/screens/sleep_mode_screen.dart').
Try correcting the name to the name of an existing getter, or defining a getter or field named 'AppSpacing'.
                    SizedBox(height: AppSpacing.xl),
                                     ^^^^^^^^^^
lib/features/sleep/screens/sleep_mode_screen.dart:325:32: Error: The getter 'AppText' isn't defined for the type '_SleepModeScreenState'.
 - '_SleepModeScreenState' is from 'package:offramp/features/sleep/screens/sleep_mode_screen.dart' ('lib/features/sleep/screens/sleep_mode_screen.dart').
Try correcting the name to the name of an existing getter, or defining a getter or field named 'AppText'.
                        style: AppText.bodyMedium.copyWith(
                               ^^^^^^^
lib/features/sleep/screens/sleep_mode_screen.dart:326:34: Error: The getter 'AppColors' isn't defined for the type '_SleepModeScreenState'.
 - '_SleepModeScreenState' is from 'package:offramp/features/sleep/screens/sleep_mode_screen.dart' ('lib/features/sleep/screens/sleep_mode_screen.dart').
Try correcting the name to the name of an existing getter, or defining a getter or field named 'AppColors'.
                          color: AppColors.warmCoral,
                                 ^^^^^^^^^
lib/features/sleep/screens/sleep_mode_screen.dart:332:36: Error: The getter 'AppSpacing' isn't defined for the type '_SleepModeScreenState'.
 - '_SleepModeScreenState' is from 'package:offramp/features/sleep/screens/sleep_mode_screen.dart' ('lib/features/sleep/screens/sleep_mode_screen.dart').
Try correcting the name to the name of an existing getter, or defining a getter or field named 'AppSpacing'.
                  SizedBox(height: AppSpacing.xl),
                                   ^^^^^^^^^^
lib/features/sleep/screens/sleep_mode_screen.dart:339:28: Error: The getter 'AppText' isn't defined for the type '_SleepModeScreenState'.
 - '_SleepModeScreenState' is from 'package:offramp/features/sleep/screens/sleep_mode_screen.dart' ('lib/features/sleep/screens/sleep_mode_screen.dart').
Try correcting the name to the name of an existing getter, or defining a getter or field named 'AppText'.
                    style: AppText.caption.copyWith(
                           ^^^^^^^
lib/features/sleep/screens/sleep_mode_screen.dart:340:30: Error: The getter 'AppColors' isn't defined for the type '_SleepModeScreenState'.
 - '_SleepModeScreenState' is from 'package:offramp/features/sleep/screens/sleep_mode_screen.dart' ('lib/features/sleep/screens/sleep_mode_screen.dart').
Try correcting the name to the name of an existing getter, or defining a getter or field named 'AppColors'.
                      color: AppColors.textMuted.withOpacity(0.7),
                             ^^^^^^^^^
lib/features/friction/screens/friction_overlay_screen.dart:36:3: Error: 'FourThings' isn't a type.
  FourThings? _fourThings;
  ^^^^^^^^^^
lib/features/friction/screens/friction_overlay_screen.dart:66:19: Error: The method 'HiveService' isn't defined for the type '_FrictionOverlayScreenState'.
 - '_FrictionOverlayScreenState' is from 'package:offramp/features/friction/screens/friction_overlay_screen.dart' 
('lib/features/friction/screens/friction_overlay_screen.dart').
Try correcting the name to the name of an existing method, or defining a method named 'HiveService'.
    _fourThings = HiveService().getFourThings();
                  ^^^^^^^^^^^
lib/features/friction/screens/friction_overlay_screen.dart:95:24: Error: The getter 'AppColors' isn't defined for the type '_FrictionOverlayScreenState'.
 - '_FrictionOverlayScreenState' is from 'package:offramp/features/friction/screens/friction_overlay_screen.dart' 
('lib/features/friction/screens/friction_overlay_screen.dart').
Try correcting the name to the name of an existing getter, or defining a getter or field named 'AppColors'.
      backgroundColor: AppColors.overlayBg,
                       ^^^^^^^^^
lib/features/friction/screens/friction_overlay_screen.dart:99:22: Error: The getter 'AppSpacing' isn't defined for the type '_FrictionOverlayScreenState'.
 - '_FrictionOverlayScreenState' is from 'package:offramp/features/friction/screens/friction_overlay_screen.dart' 
('lib/features/friction/screens/friction_overlay_screen.dart').
Try correcting the name to the name of an existing getter, or defining a getter or field named 'AppSpacing'.
            padding: AppSpacing.screenPadding,
                     ^^^^^^^^^^
lib/features/friction/screens/friction_overlay_screen.dart:101:53: Error: The getter 'AppSpacing' isn't defined for the type '_FrictionOverlayScreenState'.
 - '_FrictionOverlayScreenState' is from 'package:offramp/features/friction/screens/friction_overlay_screen.dart' 
('lib/features/friction/screens/friction_overlay_screen.dart').
Try correcting the name to the name of an existing getter, or defining a getter or field named 'AppSpacing'.
              constraints: BoxConstraints(maxWidth: AppSpacing.cardMaxWidth),
                                                    ^^^^^^^^^^
lib/features/friction/screens/friction_overlay_screen.dart:108:35: Error: The getter 'AppSpacing' isn't defined for the type '_FrictionOverlayScreenState'.
 - '_FrictionOverlayScreenState' is from 'package:offramp/features/friction/screens/friction_overlay_screen.dart' 
('lib/features/friction/screens/friction_overlay_screen.dart').
Try correcting the name to the name of an existing getter, or defining a getter or field named 'AppSpacing'.
                      horizontal: AppSpacing.md,
                                  ^^^^^^^^^^
lib/features/friction/screens/friction_overlay_screen.dart:109:33: Error: The getter 'AppSpacing' isn't defined for the type '_FrictionOverlayScreenState'.
 - '_FrictionOverlayScreenState' is from 'package:offramp/features/friction/screens/friction_overlay_screen.dart' 
('lib/features/friction/screens/friction_overlay_screen.dart').
Try correcting the name to the name of an existing getter, or defining a getter or field named 'AppSpacing'.
                      vertical: AppSpacing.xs,
                                ^^^^^^^^^^
lib/features/friction/screens/friction_overlay_screen.dart:112:30: Error: The getter 'AppColors' isn't defined for the type '_FrictionOverlayScreenState'.
 - '_FrictionOverlayScreenState' is from 'package:offramp/features/friction/screens/friction_overlay_screen.dart' 
('lib/features/friction/screens/friction_overlay_screen.dart').
Try correcting the name to the name of an existing getter, or defining a getter or field named 'AppColors'.
                      color: AppColors.charcoal,
                             ^^^^^^^^^
lib/features/friction/screens/friction_overlay_screen.dart:117:30: Error: The getter 'AppText' isn't defined for the type '_FrictionOverlayScreenState'.
 - '_FrictionOverlayScreenState' is from 'package:offramp/features/friction/screens/friction_overlay_screen.dart' 
('lib/features/friction/screens/friction_overlay_screen.dart').
Try correcting the name to the name of an existing getter, or defining a getter or field named 'AppText'.
                      style: AppText.caption.copyWith(
                             ^^^^^^^
lib/features/friction/screens/friction_overlay_screen.dart:118:32: Error: The getter 'AppColors' isn't defined for the type '_FrictionOverlayScreenState'.
 - '_FrictionOverlayScreenState' is from 'package:offramp/features/friction/screens/friction_overlay_screen.dart' 
('lib/features/friction/screens/friction_overlay_screen.dart').
Try correcting the name to the name of an existing getter, or defining a getter or field named 'AppColors'.
                        color: AppColors.textMuted,
                               ^^^^^^^^^
lib/features/friction/screens/friction_overlay_screen.dart:123:36: Error: The getter 'AppSpacing' isn't defined for the type '_FrictionOverlayScreenState'.
 - '_FrictionOverlayScreenState' is from 'package:offramp/features/friction/screens/friction_overlay_screen.dart' 
('lib/features/friction/screens/friction_overlay_screen.dart').
Try correcting the name to the name of an existing getter, or defining a getter or field named 'AppSpacing'.
                  SizedBox(height: AppSpacing.xl),
                                   ^^^^^^^^^^
lib/features/friction/screens/friction_overlay_screen.dart:134:34: Error: The getter 'AppColors' isn't defined for the type '_FrictionOverlayScreenState'.
 - '_FrictionOverlayScreenState' is from 'package:offramp/features/friction/screens/friction_overlay_screen.dart' 
('lib/features/friction/screens/friction_overlay_screen.dart').
Try correcting the name to the name of an existing getter, or defining a getter or field named 'AppColors'.
                          color: AppColors.softSage.withOpacity(0.2),
                                 ^^^^^^^^^
lib/features/friction/screens/friction_overlay_screen.dart:136:36: Error: The getter 'AppColors' isn't defined for the type '_FrictionOverlayScreenState'.
 - '_FrictionOverlayScreenState' is from 'package:offramp/features/friction/screens/friction_overlay_screen.dart' 
('lib/features/friction/screens/friction_overlay_screen.dart').
Try correcting the name to the name of an existing getter, or defining a getter or field named 'AppColors'.
                            color: AppColors.softSage.withOpacity(0.5),
                                   ^^^^^^^^^
lib/features/friction/screens/friction_overlay_screen.dart:146:40: Error: The getter 'AppText' isn't defined for the type '_FrictionOverlayScreenState'.
 - '_FrictionOverlayScreenState' is from 'package:offramp/features/friction/screens/friction_overlay_screen.dart' 
('lib/features/friction/screens/friction_overlay_screen.dart').
Try correcting the name to the name of an existing getter, or defining a getter or field named 'AppText'.
                                style: AppText.timerDigits.copyWith(
                                       ^^^^^^^
lib/features/friction/screens/friction_overlay_screen.dart:148:42: Error: The getter 'AppColors' isn't defined for the type '_FrictionOverlayScreenState'.
 - '_FrictionOverlayScreenState' is from 'package:offramp/features/friction/screens/friction_overlay_screen.dart' 
('lib/features/friction/screens/friction_overlay_screen.dart').
Try correcting the name to the name of an existing getter, or defining a getter or field named 'AppColors'.
                                  color: AppColors.softSage,
                                         ^^^^^^^^^
lib/features/friction/screens/friction_overlay_screen.dart:153:40: Error: The getter 'AppText' isn't defined for the type '_FrictionOverlayScreenState'.
 - '_FrictionOverlayScreenState' is from 'package:offramp/features/friction/screens/friction_overlay_screen.dart' 
('lib/features/friction/screens/friction_overlay_screen.dart').
Try correcting the name to the name of an existing getter, or defining a getter or field named 'AppText'.
                                style: AppText.caption.copyWith(
                                       ^^^^^^^
lib/features/friction/screens/friction_overlay_screen.dart:154:42: Error: The getter 'AppColors' isn't defined for the type '_FrictionOverlayScreenState'.
 - '_FrictionOverlayScreenState' is from 'package:offramp/features/friction/screens/friction_overlay_screen.dart' 
('lib/features/friction/screens/friction_overlay_screen.dart').
Try correcting the name to the name of an existing getter, or defining a getter or field named 'AppColors'.
                                  color: AppColors.textMuted,
                                         ^^^^^^^^^
lib/features/friction/screens/friction_overlay_screen.dart:164:36: Error: The getter 'AppSpacing' isn't defined for the type '_FrictionOverlayScreenState'.
 - '_FrictionOverlayScreenState' is from 'package:offramp/features/friction/screens/friction_overlay_screen.dart' 
('lib/features/friction/screens/friction_overlay_screen.dart').
Try correcting the name to the name of an existing getter, or defining a getter or field named 'AppSpacing'.
                  SizedBox(height: AppSpacing.xl),
                                   ^^^^^^^^^^
lib/features/friction/screens/friction_overlay_screen.dart:168:28: Error: The getter 'MascotState' isn't defined for the type '_FrictionOverlayScreenState'.
 - '_FrictionOverlayScreenState' is from 'package:offramp/features/friction/screens/friction_overlay_screen.dart' 
('lib/features/friction/screens/friction_overlay_screen.dart').
Try correcting the name to the name of an existing getter, or defining a getter or field named 'MascotState'.
                    state: MascotState.stop,
                           ^^^^^^^^^^^
lib/features/friction/screens/friction_overlay_screen.dart:167:19: Error: The method 'MascotWidget' isn't defined for the type '_FrictionOverlayScreenState'.
 - '_FrictionOverlayScreenState' is from 'package:offramp/features/friction/screens/friction_overlay_screen.dart' 
('lib/features/friction/screens/friction_overlay_screen.dart').
Try correcting the name to the name of an existing method, or defining a method named 'MascotWidget'.
                  MascotWidget(
                  ^^^^^^^^^^^^
lib/features/friction/screens/friction_overlay_screen.dart:172:36: Error: The getter 'AppSpacing' isn't defined for the type '_FrictionOverlayScreenState'.
 - '_FrictionOverlayScreenState' is from 'package:offramp/features/friction/screens/friction_overlay_screen.dart' 
('lib/features/friction/screens/friction_overlay_screen.dart').
Try correcting the name to the name of an existing getter, or defining a getter or field named 'AppSpacing'.
                  SizedBox(height: AppSpacing.xl),
                                   ^^^^^^^^^^
lib/features/friction/screens/friction_overlay_screen.dart:176:45: Error: The getter 'AppSpacing' isn't defined for the type '_FrictionOverlayScreenState'.
 - '_FrictionOverlayScreenState' is from 'package:offramp/features/friction/screens/friction_overlay_screen.dart' 
('lib/features/friction/screens/friction_overlay_screen.dart').
Try correcting the name to the name of an existing getter, or defining a getter or field named 'AppSpacing'.
                    padding: EdgeInsets.all(AppSpacing.md),
                                            ^^^^^^^^^^
lib/features/friction/screens/friction_overlay_screen.dart:178:30: Error: The getter 'AppColors' isn't defined for the type '_FrictionOverlayScreenState'.
 - '_FrictionOverlayScreenState' is from 'package:offramp/features/friction/screens/friction_overlay_screen.dart' 
('lib/features/friction/screens/friction_overlay_screen.dart').
Try correcting the name to the name of an existing getter, or defining a getter or field named 'AppColors'.
                      color: AppColors.charcoal.withOpacity(0.8),
                             ^^^^^^^^^
lib/features/friction/screens/friction_overlay_screen.dart:181:32: Error: The getter 'AppColors' isn't defined for the type '_FrictionOverlayScreenState'.
 - '_FrictionOverlayScreenState' is from 'package:offramp/features/friction/screens/friction_overlay_screen.dart' 
('lib/features/friction/screens/friction_overlay_screen.dart').
Try correcting the name to the name of an existing getter, or defining a getter or field named 'AppColors'.
                        color: AppColors.softSage.withOpacity(0.3),
                               ^^^^^^^^^
lib/features/friction/screens/friction_overlay_screen.dart:189:34: Error: The getter 'AppText' isn't defined for the type '_FrictionOverlayScreenState'.
 - '_FrictionOverlayScreenState' is from 'package:offramp/features/friction/screens/friction_overlay_screen.dart' 
('lib/features/friction/screens/friction_overlay_screen.dart').
Try correcting the name to the name of an existing getter, or defining a getter or field named 'AppText'.
                          style: AppText.caption.copyWith(
                                 ^^^^^^^
lib/features/friction/screens/friction_overlay_screen.dart:190:36: Error: The getter 'AppColors' isn't defined for the type '_FrictionOverlayScreenState'.
 - '_FrictionOverlayScreenState' is from 'package:offramp/features/friction/screens/friction_overlay_screen.dart' 
('lib/features/friction/screens/friction_overlay_screen.dart').
Try correcting the name to the name of an existing getter, or defining a getter or field named 'AppColors'.
                            color: AppColors.textMuted,
                                   ^^^^^^^^^
lib/features/friction/screens/friction_overlay_screen.dart:193:42: Error: The getter 'AppSpacing' isn't defined for the type '_FrictionOverlayScreenState'.
 - '_FrictionOverlayScreenState' is from 'package:offramp/features/friction/screens/friction_overlay_screen.dart' 
('lib/features/friction/screens/friction_overlay_screen.dart').
Try correcting the name to the name of an existing getter, or defining a getter or field named 'AppSpacing'.
                        SizedBox(height: AppSpacing.xs),
                                         ^^^^^^^^^^
lib/features/friction/screens/friction_overlay_screen.dart:196:34: Error: The getter 'AppText' isn't defined for the type '_FrictionOverlayScreenState'.
 - '_FrictionOverlayScreenState' is from 'package:offramp/features/friction/screens/friction_overlay_screen.dart' 
('lib/features/friction/screens/friction_overlay_screen.dart').
Try correcting the name to the name of an existing getter, or defining a getter or field named 'AppText'.
                          style: AppText.bodyMedium.copyWith(
                                 ^^^^^^^
lib/features/friction/screens/friction_overlay_screen.dart:197:36: Error: The getter 'AppColors' isn't defined for the type '_FrictionOverlayScreenState'.
 - '_FrictionOverlayScreenState' is from 'package:offramp/features/friction/screens/friction_overlay_screen.dart' 
('lib/features/friction/screens/friction_overlay_screen.dart').
Try correcting the name to the name of an existing getter, or defining a getter or field named 'AppColors'.
                            color: AppColors.creamWhite,
                                   ^^^^^^^^^
lib/features/friction/screens/friction_overlay_screen.dart:207:36: Error: The getter 'AppSpacing' isn't defined for the type '_FrictionOverlayScreenState'.
 - '_FrictionOverlayScreenState' is from 'package:offramp/features/friction/screens/friction_overlay_screen.dart' 
('lib/features/friction/screens/friction_overlay_screen.dart').
Try correcting the name to the name of an existing getter, or defining a getter or field named 'AppSpacing'.
                  SizedBox(height: AppSpacing.xl),
                                   ^^^^^^^^^^
lib/features/friction/screens/friction_overlay_screen.dart:217:36: Error: The getter 'AppButtons' isn't defined for the type '_FrictionOverlayScreenState'.
 - '_FrictionOverlayScreenState' is from 'package:offramp/features/friction/screens/friction_overlay_screen.dart' 
('lib/features/friction/screens/friction_overlay_screen.dart').
Try correcting the name to the name of an existing getter, or defining a getter or field named 'AppButtons'.
                            style: AppButtons.primary,
                                   ^^^^^^^^^^
lib/features/friction/screens/friction_overlay_screen.dart:224:42: Error: The getter 'AppColors' isn't defined for the type '_FrictionOverlayScreenState'.
 - '_FrictionOverlayScreenState' is from 'package:offramp/features/friction/screens/friction_overlay_screen.dart' 
('lib/features/friction/screens/friction_overlay_screen.dart').
Try correcting the name to the name of an existing getter, or defining a getter or field named 'AppColors'.
                                  color: AppColors.creamWhite,
                                         ^^^^^^^^^
lib/features/friction/screens/friction_overlay_screen.dart:227:49: Error: The getter 'AppSpacing' isn't defined for the type '_FrictionOverlayScreenState'.
 - '_FrictionOverlayScreenState' is from 'package:offramp/features/friction/screens/friction_overlay_screen.dart' 
('lib/features/friction/screens/friction_overlay_screen.dart').
Try correcting the name to the name of an existing getter, or defining a getter or field named 'AppSpacing'.
                                SizedBox(width: AppSpacing.sm),
                                                ^^^^^^^^^^
lib/features/friction/screens/friction_overlay_screen.dart:230:42: Error: The getter 'AppText' isn't defined for the type '_FrictionOverlayScreenState'.
 - '_FrictionOverlayScreenState' is from 'package:offramp/features/friction/screens/friction_overlay_screen.dart' 
('lib/features/friction/screens/friction_overlay_screen.dart').
Try correcting the name to the name of an existing getter, or defining a getter or field named 'AppText'.
                                  style: AppText.button,
                                         ^^^^^^^
lib/features/friction/screens/friction_overlay_screen.dart:238:39: Error: The getter 'AppSpacing' isn't defined for the type '_FrictionOverlayScreenState'.
 - '_FrictionOverlayScreenState' is from 'package:offramp/features/friction/screens/friction_overlay_screen.dart' 
('lib/features/friction/screens/friction_overlay_screen.dart').
Try correcting the name to the name of an existing getter, or defining a getter or field named 'AppSpacing'.
                      SizedBox(width: AppSpacing.md),
                                      ^^^^^^^^^^
lib/features/friction/screens/friction_overlay_screen.dart:245:36: Error: The getter 'AppButtons' isn't defined for the type '_FrictionOverlayScreenState'.
 - '_FrictionOverlayScreenState' is from 'package:offramp/features/friction/screens/friction_overlay_screen.dart' 
('lib/features/friction/screens/friction_overlay_screen.dart').
Try correcting the name to the name of an existing getter, or defining a getter or field named 'AppButtons'.
                            style: AppButtons.tertiary,
                                   ^^^^^^^^^^
lib/features/friction/screens/friction_overlay_screen.dart:249:38: Error: The getter 'AppText' isn't defined for the type '_FrictionOverlayScreenState'.
 - '_FrictionOverlayScreenState' is from 'package:offramp/features/friction/screens/friction_overlay_screen.dart' 
('lib/features/friction/screens/friction_overlay_screen.dart').
Try correcting the name to the name of an existing getter, or defining a getter or field named 'AppText'.
                              style: AppText.button,
                                     ^^^^^^^
lib/features/friction/screens/friction_overlay_screen.dart:257:36: Error: The getter 'AppSpacing' isn't defined for the type '_FrictionOverlayScreenState'.
 - '_FrictionOverlayScreenState' is from 'package:offramp/features/friction/screens/friction_overlay_screen.dart' 
('lib/features/friction/screens/friction_overlay_screen.dart').
Try correcting the name to the name of an existing getter, or defining a getter or field named 'AppSpacing'.
                  SizedBox(height: AppSpacing.md),
                                   ^^^^^^^^^^
lib/features/friction/screens/friction_overlay_screen.dart:262:28: Error: The getter 'AppText' isn't defined for the type '_FrictionOverlayScreenState'.
 - '_FrictionOverlayScreenState' is from 'package:offramp/features/friction/screens/friction_overlay_screen.dart' 
('lib/features/friction/screens/friction_overlay_screen.dart').
Try correcting the name to the name of an existing getter, or defining a getter or field named 'AppText'.
                    style: AppText.caption.copyWith(
                           ^^^^^^^
lib/features/friction/screens/friction_overlay_screen.dart:263:30: Error: The getter 'AppColors' isn't defined for the type '_FrictionOverlayScreenState'.
 - '_FrictionOverlayScreenState' is from 'package:offramp/features/friction/screens/friction_overlay_screen.dart' 
('lib/features/friction/screens/friction_overlay_screen.dart').
Try correcting the name to the name of an existing getter, or defining a getter or field named 'AppColors'.
                      color: AppColors.textMuted.withOpacity(0.7),
                             ^^^^^^^^^
lib/features/friction/screens/friction_overlay_screen.dart:278:11: Error: The method 'HiveService' isn't defined for the type '_FrictionOverlayScreenState'.
 - '_FrictionOverlayScreenState' is from 'package:offramp/features/friction/screens/friction_overlay_screen.dart' 
('lib/features/friction/screens/friction_overlay_screen.dart').
Try correcting the name to the name of an existing method, or defining a method named 'HiveService'.
    await HiveService().recordUrge(resisted: true);
          ^^^^^^^^^^^
lib/features/friction/screens/friction_overlay_screen.dart:290:11: Error: The method 'HiveService' isn't defined for the type '_FrictionOverlayScreenState'.
 - '_FrictionOverlayScreenState' is from 'package:offramp/features/friction/screens/friction_overlay_screen.dart' 
('lib/features/friction/screens/friction_overlay_screen.dart').
Try correcting the name to the name of an existing method, or defining a method named 'HiveService'.
    await HiveService().recordUrge(resisted: false);
          ^^^^^^^^^^^
lib/features/win_task/screens/timer_screen.dart:41:3: Error: 'FourThings' isn't a type.
  FourThings? _fourThings;
  ^^^^^^^^^^
lib/features/win_task/screens/timer_screen.dart:75:22: Error: The method 'HiveService' isn't defined for the type '_WinTaskTimerScreenState'.
 - '_WinTaskTimerScreenState' is from 'package:offramp/features/win_task/screens/timer_screen.dart' ('lib/features/win_task/screens/timer_screen.dart').
Try correcting the name to the name of an existing method, or defining a method named 'HiveService'.
    final settings = HiveService().getSettings();
                     ^^^^^^^^^^^
lib/features/win_task/screens/timer_screen.dart:76:19: Error: The method 'HiveService' isn't defined for the type '_WinTaskTimerScreenState'.
 - '_WinTaskTimerScreenState' is from 'package:offramp/features/win_task/screens/timer_screen.dart' ('lib/features/win_task/screens/timer_screen.dart').
Try correcting the name to the name of an existing method, or defining a method named 'HiveService'.
    _fourThings = HiveService().getFourThings();
                  ^^^^^^^^^^^
lib/features/win_task/screens/timer_screen.dart:144:5: Error: The method 'HiveService' isn't defined for the type '_WinTaskTimerScreenState'.
 - '_WinTaskTimerScreenState' is from 'package:offramp/features/win_task/screens/timer_screen.dart' ('lib/features/win_task/screens/timer_screen.dart').
Try correcting the name to the name of an existing method, or defining a method named 'HiveService'.
    HiveService().recordWinTask();
    ^^^^^^^^^^^
lib/features/win_task/screens/timer_screen.dart:149:7: Error: The method 'HiveService' isn't defined for the type '_WinTaskTimerScreenState'.
 - '_WinTaskTimerScreenState' is from 'package:offramp/features/win_task/screens/timer_screen.dart' ('lib/features/win_task/screens/timer_screen.dart').
Try correcting the name to the name of an existing method, or defining a method named 'HiveService'.
      HiveService().saveFourThings(updated);
      ^^^^^^^^^^^
lib/features/win_task/screens/timer_screen.dart:199:24: Error: The getter 'AppColors' isn't defined for the type '_WinTaskTimerScreenState'.
 - '_WinTaskTimerScreenState' is from 'package:offramp/features/win_task/screens/timer_screen.dart' ('lib/features/win_task/screens/timer_screen.dart').
Try correcting the name to the name of an existing getter, or defining a getter or field named 'AppColors'.
      backgroundColor: AppColors.deepNavy,
                       ^^^^^^^^^
lib/features/win_task/screens/timer_screen.dart:206:26: Error: The getter 'AppSpacing' isn't defined for the type '_WinTaskTimerScreenState'.
 - '_WinTaskTimerScreenState' is from 'package:offramp/features/win_task/screens/timer_screen.dart' ('lib/features/win_task/screens/timer_screen.dart').
Try correcting the name to the name of an existing getter, or defining a getter or field named 'AppSpacing'.
                padding: AppSpacing.screenPadding,
                         ^^^^^^^^^^
lib/features/win_task/screens/timer_screen.dart:208:57: Error: The getter 'AppSpacing' isn't defined for the type '_WinTaskTimerScreenState'.
 - '_WinTaskTimerScreenState' is from 'package:offramp/features/win_task/screens/timer_screen.dart' ('lib/features/win_task/screens/timer_screen.dart').
Try correcting the name to the name of an existing getter, or defining a getter or field named 'AppSpacing'.
                  constraints: BoxConstraints(maxWidth: AppSpacing.cardMaxWidth),
                                                        ^^^^^^^^^^
lib/features/win_task/screens/timer_screen.dart:215:32: Error: The getter 'AppText' isn't defined for the type '_WinTaskTimerScreenState'.
 - '_WinTaskTimerScreenState' is from 'package:offramp/features/win_task/screens/timer_screen.dart' ('lib/features/win_task/screens/timer_screen.dart').
Try correcting the name to the name of an existing getter, or defining a getter or field named 'AppText'.
                        style: AppText.title.copyWith(fontSize: 18),
                               ^^^^^^^
lib/features/win_task/screens/timer_screen.dart:221:40: Error: The getter 'AppSpacing' isn't defined for the type '_WinTaskTimerScreenState'.
 - '_WinTaskTimerScreenState' is from 'package:offramp/features/win_task/screens/timer_screen.dart' ('lib/features/win_task/screens/timer_screen.dart').
Try correcting the name to the name of an existing getter, or defining a getter or field named 'AppSpacing'.
                      SizedBox(height: AppSpacing.xxl),
                                       ^^^^^^^^^^
lib/features/win_task/screens/timer_screen.dart:226:40: Error: The getter 'AppSpacing' isn't defined for the type '_WinTaskTimerScreenState'.
 - '_WinTaskTimerScreenState' is from 'package:offramp/features/win_task/screens/timer_screen.dart' ('lib/features/win_task/screens/timer_screen.dart').
Try correcting the name to the name of an existing getter, or defining a getter or field named 'AppSpacing'.
                      SizedBox(height: AppSpacing.xl),
                                       ^^^^^^^^^^
lib/features/win_task/screens/timer_screen.dart:231:31: Error: The getter 'MascotState' isn't defined for the type '_WinTaskTimerScreenState'.
 - '_WinTaskTimerScreenState' is from 'package:offramp/features/win_task/screens/timer_screen.dart' ('lib/features/win_task/screens/timer_screen.dart').
Try correcting the name to the name of an existing getter, or defining a getter or field named 'MascotState'.
                            ? MascotState.celebrate
                              ^^^^^^^^^^^
lib/features/win_task/screens/timer_screen.dart:233:35: Error: The getter 'MascotState' isn't defined for the type '_WinTaskTimerScreenState'.
 - '_WinTaskTimerScreenState' is from 'package:offramp/features/win_task/screens/timer_screen.dart' ('lib/features/win_task/screens/timer_screen.dart').
Try correcting the name to the name of an existing getter, or defining a getter or field named 'MascotState'.
                                ? MascotState.focus
                                  ^^^^^^^^^^^
lib/features/win_task/screens/timer_screen.dart:234:35: Error: The getter 'MascotState' isn't defined for the type '_WinTaskTimerScreenState'.
 - '_WinTaskTimerScreenState' is from 'package:offramp/features/win_task/screens/timer_screen.dart' ('lib/features/win_task/screens/timer_screen.dart').
Try correcting the name to the name of an existing getter, or defining a getter or field named 'MascotState'.
                                : MascotState.idle,
                                  ^^^^^^^^^^^
lib/features/win_task/screens/timer_screen.dart:229:23: Error: The method 'MascotWidget' isn't defined for the type '_WinTaskTimerScreenState'.
 - '_WinTaskTimerScreenState' is from 'package:offramp/features/win_task/screens/timer_screen.dart' ('lib/features/win_task/screens/timer_screen.dart').
Try correcting the name to the name of an existing method, or defining a method named 'MascotWidget'.
                      MascotWidget(
                      ^^^^^^^^^^^^
lib/features/win_task/screens/timer_screen.dart:238:40: Error: The getter 'AppSpacing' isn't defined for the type '_WinTaskTimerScreenState'.
 - '_WinTaskTimerScreenState' is from 'package:offramp/features/win_task/screens/timer_screen.dart' ('lib/features/win_task/screens/timer_screen.dart').
Try correcting the name to the name of an existing getter, or defining a getter or field named 'AppSpacing'.
                      SizedBox(height: AppSpacing.xxl),
                                       ^^^^^^^^^^
lib/features/win_task/screens/timer_screen.dart:282:65: Error: Not a constant expression.
                valueColor: const AlwaysStoppedAnimation<Color>(AppColors.softSage),
                                                                ^^^^^^^^^
lib/features/win_task/screens/timer_screen.dart:270:30: Error: The getter 'AppColors' isn't defined for the type '_WinTaskTimerScreenState'.
 - '_WinTaskTimerScreenState' is from 'package:offramp/features/win_task/screens/timer_screen.dart' ('lib/features/win_task/screens/timer_screen.dart').
Try correcting the name to the name of an existing getter, or defining a getter or field named 'AppColors'.
            backgroundColor: AppColors.charcoal,
                             ^^^^^^^^^
lib/features/win_task/screens/timer_screen.dart:295:26: Error: The getter 'AppText' isn't defined for the type '_WinTaskTimerScreenState'.
 - '_WinTaskTimerScreenState' is from 'package:offramp/features/win_task/screens/timer_screen.dart' ('lib/features/win_task/screens/timer_screen.dart').
Try correcting the name to the name of an existing getter, or defining a getter or field named 'AppText'.
                  style: AppText.timerDigits.copyWith(fontSize: 48),
                         ^^^^^^^
lib/features/win_task/screens/timer_screen.dart:300:28: Error: The getter 'AppText' isn't defined for the type '_WinTaskTimerScreenState'.
 - '_WinTaskTimerScreenState' is from 'package:offramp/features/win_task/screens/timer_screen.dart' ('lib/features/win_task/screens/timer_screen.dart').
Try correcting the name to the name of an existing getter, or defining a getter or field named 'AppText'.
                    style: AppText.caption.copyWith(color: AppColors.warmCoral),
                           ^^^^^^^
lib/features/win_task/screens/timer_screen.dart:300:60: Error: The getter 'AppColors' isn't defined for the type '_WinTaskTimerScreenState'.
 - '_WinTaskTimerScreenState' is from 'package:offramp/features/win_task/screens/timer_screen.dart' ('lib/features/win_task/screens/timer_screen.dart').
Try correcting the name to the name of an existing getter, or defining a getter or field named 'AppColors'.
                    style: AppText.caption.copyWith(color: AppColors.warmCoral),
                                                           ^^^^^^^^^
lib/features/win_task/screens/timer_screen.dart:317:41: Error: The getter 'AppColors' isn't defined for the type '_WinTaskTimerScreenState'.
 - '_WinTaskTimerScreenState' is from 'package:offramp/features/win_task/screens/timer_screen.dart' ('lib/features/win_task/screens/timer_screen.dart').
Try correcting the name to the name of an existing getter, or defining a getter or field named 'AppColors'.
          backgroundColor: _isRunning ? AppColors.warmCoral : AppColors.softSage,
                                        ^^^^^^^^^
lib/features/win_task/screens/timer_screen.dart:317:63: Error: The getter 'AppColors' isn't defined for the type '_WinTaskTimerScreenState'.
 - '_WinTaskTimerScreenState' is from 'package:offramp/features/win_task/screens/timer_screen.dart' ('lib/features/win_task/screens/timer_screen.dart').
Try correcting the name to the name of an existing getter, or defining a getter or field named 'AppColors'.
          backgroundColor: _isRunning ? AppColors.warmCoral : AppColors.softSage,
                                                              ^^^^^^^^^
lib/features/win_task/screens/timer_screen.dart:321:20: Error: The getter 'AppColors' isn't defined for the type '_WinTaskTimerScreenState'.
 - '_WinTaskTimerScreenState' is from 'package:offramp/features/win_task/screens/timer_screen.dart' ('lib/features/win_task/screens/timer_screen.dart').
Try correcting the name to the name of an existing getter, or defining a getter or field named 'AppColors'.
            color: AppColors.creamWhite,
                   ^^^^^^^^^
lib/features/win_task/screens/timer_screen.dart:325:25: Error: The getter 'AppSpacing' isn't defined for the type '_WinTaskTimerScreenState'.
 - '_WinTaskTimerScreenState' is from 'package:offramp/features/win_task/screens/timer_screen.dart' ('lib/features/win_task/screens/timer_screen.dart').
Try correcting the name to the name of an existing getter, or defining a getter or field named 'AppSpacing'.
        SizedBox(width: AppSpacing.xl),
                        ^^^^^^^^^^
lib/features/win_task/screens/timer_screen.dart:330:28: Error: The getter 'AppColors' isn't defined for the type '_WinTaskTimerScreenState'.
 - '_WinTaskTimerScreenState' is from 'package:offramp/features/win_task/screens/timer_screen.dart' ('lib/features/win_task/screens/timer_screen.dart').
Try correcting the name to the name of an existing getter, or defining a getter or field named 'AppColors'.
          backgroundColor: AppColors.charcoal,
                           ^^^^^^^^^
lib/features/win_task/screens/timer_screen.dart:334:20: Error: The getter 'AppColors' isn't defined for the type '_WinTaskTimerScreenState'.
 - '_WinTaskTimerScreenState' is from 'package:offramp/features/win_task/screens/timer_screen.dart' ('lib/features/win_task/screens/timer_screen.dart').
Try correcting the name to the name of an existing getter, or defining a getter or field named 'AppColors'.
            color: AppColors.textMuted,
                   ^^^^^^^^^
lib/features/win_task/screens/timer_screen.dart:346:18: Error: The getter 'AppText' isn't defined for the type '_WinTaskTimerScreenState'.
 - '_WinTaskTimerScreenState' is from 'package:offramp/features/win_task/screens/timer_screen.dart' ('lib/features/win_task/screens/timer_screen.dart').
Try correcting the name to the name of an existing getter, or defining a getter or field named 'AppText'.
          style: AppText.title.copyWith(color: AppColors.softSage),
                 ^^^^^^^
lib/features/win_task/screens/timer_screen.dart:346:48: Error: The getter 'AppColors' isn't defined for the type '_WinTaskTimerScreenState'.
 - '_WinTaskTimerScreenState' is from 'package:offramp/features/win_task/screens/timer_screen.dart' ('lib/features/win_task/screens/timer_screen.dart').
Try correcting the name to the name of an existing getter, or defining a getter or field named 'AppColors'.
          style: AppText.title.copyWith(color: AppColors.softSage),
                                               ^^^^^^^^^
lib/features/win_task/screens/timer_screen.dart:349:26: Error: The getter 'AppSpacing' isn't defined for the type '_WinTaskTimerScreenState'.
 - '_WinTaskTimerScreenState' is from 'package:offramp/features/win_task/screens/timer_screen.dart' ('lib/features/win_task/screens/timer_screen.dart').
Try correcting the name to the name of an existing getter, or defining a getter or field named 'AppSpacing'.
        SizedBox(height: AppSpacing.md),
                         ^^^^^^^^^^
lib/features/win_task/screens/timer_screen.dart:354:20: Error: The getter 'AppText' isn't defined for the type '_WinTaskTimerScreenState'.
 - '_WinTaskTimerScreenState' is from 'package:offramp/features/win_task/screens/timer_screen.dart' ('lib/features/win_task/screens/timer_screen.dart').
Try correcting the name to the name of an existing getter, or defining a getter or field named 'AppText'.
            style: AppText.caption,
                   ^^^^^^^
lib/features/win_task/screens/timer_screen.dart:358:20: Error: The getter 'AppText' isn't defined for the type '_WinTaskTimerScreenState'.
 - '_WinTaskTimerScreenState' is from 'package:offramp/features/win_task/screens/timer_screen.dart' ('lib/features/win_task/screens/timer_screen.dart').
Try correcting the name to the name of an existing getter, or defining a getter or field named 'AppText'.
            style: AppText.bodyMedium.copyWith(color: AppColors.creamWhite),
                   ^^^^^^^
lib/features/win_task/screens/timer_screen.dart:358:55: Error: The getter 'AppColors' isn't defined for the type '_WinTaskTimerScreenState'.
 - '_WinTaskTimerScreenState' is from 'package:offramp/features/win_task/screens/timer_screen.dart' ('lib/features/win_task/screens/timer_screen.dart').
Try correcting the name to the name of an existing getter, or defining a getter or field named 'AppColors'.
            style: AppText.bodyMedium.copyWith(color: AppColors.creamWhite),
                                                      ^^^^^^^^^
lib/features/win_task/screens/timer_screen.dart:360:28: Error: The getter 'AppSpacing' isn't defined for the type '_WinTaskTimerScreenState'.
 - '_WinTaskTimerScreenState' is from 'package:offramp/features/win_task/screens/timer_screen.dart' ('lib/features/win_task/screens/timer_screen.dart').
Try correcting the name to the name of an existing getter, or defining a getter or field named 'AppSpacing'.
          SizedBox(height: AppSpacing.md),
                           ^^^^^^^^^^
lib/features/win_task/screens/timer_screen.dart:367:20: Error: The getter 'AppButtons' isn't defined for the type '_WinTaskTimerScreenState'.
 - '_WinTaskTimerScreenState' is from 'package:offramp/features/win_task/screens/timer_screen.dart' ('lib/features/win_task/screens/timer_screen.dart').
Try correcting the name to the name of an existing getter, or defining a getter or field named 'AppButtons'.
            style: AppButtons.secondary,
                   ^^^^^^^^^^
lib/features/win_task/screens/timer_screen.dart:375:42: Error: The getter 'AppColors' isn't defined for the type '_WinTaskTimerScreenState'.
 - '_WinTaskTimerScreenState' is from 'package:offramp/features/win_task/screens/timer_screen.dart' ('lib/features/win_task/screens/timer_screen.dart').
Try correcting the name to the name of an existing getter, or defining a getter or field named 'AppColors'.
                Icon(Icons.check, color: AppColors.creamWhite),
                                         ^^^^^^^^^
lib/features/win_task/screens/timer_screen.dart:376:33: Error: The getter 'AppSpacing' isn't defined for the type '_WinTaskTimerScreenState'.
 - '_WinTaskTimerScreenState' is from 'package:offramp/features/win_task/screens/timer_screen.dart' ('lib/features/win_task/screens/timer_screen.dart').
Try correcting the name to the name of an existing getter, or defining a getter or field named 'AppSpacing'.
                SizedBox(width: AppSpacing.sm),
                                ^^^^^^^^^^
lib/features/win_task/screens/timer_screen.dart:379:26: Error: The getter 'AppText' isn't defined for the type '_WinTaskTimerScreenState'.
 - '_WinTaskTimerScreenState' is from 'package:offramp/features/win_task/screens/timer_screen.dart' ('lib/features/win_task/screens/timer_screen.dart').
Try correcting the name to the name of an existing getter, or defining a getter or field named 'AppText'.
                  style: AppText.button,
                         ^^^^^^^
lib/features/win_task/screens/timer_screen.dart:417:7: Error: The getter 'AppColors' isn't defined for the type 'ConfettiPainter'.
 - 'ConfettiPainter' is from 'package:offramp/features/win_task/screens/timer_screen.dart' ('lib/features/win_task/screens/timer_screen.dart').
Try correcting the name to the name of an existing getter, or defining a getter or field named 'AppColors'.
      AppColors.softSage,
      ^^^^^^^^^
lib/features/win_task/screens/timer_screen.dart:418:7: Error: The getter 'AppColors' isn't defined for the type 'ConfettiPainter'.
 - 'ConfettiPainter' is from 'package:offramp/features/win_task/screens/timer_screen.dart' ('lib/features/win_task/screens/timer_screen.dart').
Try correcting the name to the name of an existing getter, or defining a getter or field named 'AppColors'.
      AppColors.warmCoral,
      ^^^^^^^^^
lib/features/win_task/screens/timer_screen.dart:419:7: Error: The getter 'AppColors' isn't defined for the type 'ConfettiPainter'.
 - 'ConfettiPainter' is from 'package:offramp/features/win_task/screens/timer_screen.dart' ('lib/features/win_task/screens/timer_screen.dart').
Try correcting the name to the name of an existing getter, or defining a getter or field named 'AppColors'.
      AppColors.mutedLavender,
      ^^^^^^^^^
lib/features/win_task/screens/timer_screen.dart:420:7: Error: The getter 'AppColors' isn't defined for the type 'ConfettiPainter'.
 - 'ConfettiPainter' is from 'package:offramp/features/win_task/screens/timer_screen.dart' ('lib/features/win_task/screens/timer_screen.dart').
Try correcting the name to the name of an existing getter, or defining a getter or field named 'AppColors'.
      AppColors.creamWhite,
      ^^^^^^^^^
Target kernel_snapshot_program failed: Exception


FAILURE: Build failed with an exception.

* What went wrong:
Execution failed for task ':app:compileFlutterBuildDebug'.
> Process 'command 'D:\flutter\flutter_windows_3.29.2-stable\flutter\bin\flutter.bat'' finished with non-zero exit value 1

* Try:
> Run with --stacktrace option to get the stack trace.
> Run with --info or --debug option to get more log output.
> Run with --scan to get full insights.
> Get more help at https://help.gradle.org.

BUILD FAILED in 58s
Running Gradle task 'assembleDebug'...                             59.0s
Gradle task assembleDebug failed with exit code 1
